#
# There is insufficient memory for the Java Runtime Environment to continue.
# Native memory allocation (malloc) failed to allocate 433160 bytes. Error detail: Chunk::new
# Possible reasons:
#   The system is out of physical RAM or swap space
#   This process is running with CompressedOops enabled, and the Java Heap may be blocking the growth of the native heap
# Possible solutions:
#   Reduce memory load on the system
#   Increase physical memory or swap space
#   Check if swap backing store is full
#   Decrease Java heap size (-Xmx/-Xms)
#   Decrease number of Java threads
#   Decrease Java thread stack sizes (-Xss)
#   Set larger code cache with -XX:ReservedCodeCacheSize=
#   JVM is running with Unscaled Compressed Oops mode in which the Java heap is
#     placed in the first 4GB address space. The Java Heap base address is the
#     maximum limit for the native heap growth. Please use -XX:HeapBaseMinAddress
#     to set the Java Heap base and to place the Java Heap above 4GB virtual address.
# This output file may be truncated or incomplete.
#
#  Out of Memory Error (arena.cpp:186), pid=13576, tid=18868
#
# JRE version: OpenJDK Runtime Environment Temurin-25+36 (25.0+36) (build 25+36-LTS)
# Java VM: OpenJDK 64-Bit Server VM Temurin-25+36 (25+36-LTS, mixed mode, sharing, tiered, compressed oops, compressed class ptrs, g1 gc, windows-amd64)
# No core dump will be written. Minidumps are not enabled by default on client versions of Windows
#

---------------  S U M M A R Y ------------

Command Line: --enable-native-access=ALL-UNNAMED -Dclassworlds.conf=D:\JavaBean\tools\apache-maven-3.9.16\bin\m2.conf -Dmaven.home=D:\JavaBean\tools\apache-maven-3.9.16 -Dlibrary.jansi.path=D:\JavaBean\tools\apache-maven-3.9.16\lib\jansi-native -Dmaven.multiModuleProjectDirectory=D:\JavaBean org.codehaus.plexus.classworlds.launcher.Launcher clean install -q -DskipTests

Host: AMD Ryzen 5 3450U with Radeon Vega Mobile Gfx  , 8 cores, 5G,  Windows 11 , 64 bit Build 26100 (10.0.26100.9444)
Time: Mon Sep 14 21:02:33 2026 SE Asia Standard Time elapsed time: 2.356414 seconds (0d 0h 0m 2s)

---------------  T H R E A D  ---------------

Current thread (0x000001397b5be020):  JavaThread "C2 CompilerThread0" daemon [_thread_in_native, id=18868, stack(0x0000002ea9800000,0x0000002ea9900000) (1024K)]


Current CompileTask:
C2:2356 1572   !   4       java.net.URL::<init> (523 bytes)

Stack: [0x0000002ea9800000,0x0000002ea9900000]
Native frames: (J=compiled Java code, j=interpreted, Vv=VM code, C=native code)
V  [jvm.dll+0x7a8259]  (no source info available)
V  [jvm.dll+0x7728dd]  (no source info available)
V  [jvm.dll+0x9f5583]  (no source info available)
V  [jvm.dll+0x9f7b71]  (no source info available)
V  [jvm.dll+0x9f8273]  (no source info available)
V  [jvm.dll+0x2fcd26]  (no source info available)
V  [jvm.dll+0x111086]  (no source info available)
V  [jvm.dll+0x1113ae]  (no source info available)
V  [jvm.dll+0x453117]  (no source info available)
V  [jvm.dll+0x421e12]  (no source info available)
V  [jvm.dll+0x42122a]  (no source info available)
V  [jvm.dll+0x2c0109]  (no source info available)
V  [jvm.dll+0x2bf2ef]  (no source info available)
V  [jvm.dll+0x237300]  (no source info available)
V  [jvm.dll+0x2cf386]  (no source info available)
V  [jvm.dll+0x2cd60a]  (no source info available)
V  [jvm.dll+0x48f5ee]  (no source info available)
V  [jvm.dll+0x99610d]  (no source info available)
V  [jvm.dll+0x7a6835]  (no source info available)
C  [ucrtbase.dll+0x2cd30]  (no source info available)
C  [KERNEL32.DLL+0x2cd87]  (no source info available)
C  [ntdll.dll+0xacaec]  (no source info available)

Lock stack of current Java thread (top to bottom):


---------------  P R O C E S S  ---------------

Threads class SMR info:
_java_thread_list=0x0000013913e9df40, length=13, elements={
0x000001396bdd5aa0, 0x000001397b5a65b0, 0x000001397b5a7010, 0x000001397b5abd10,
0x000001397b5afd30, 0x000001397b5b9070, 0x000001397b5b10b0, 0x000001397b5be020,
0x000001397b5bf650, 0x000001397b5b2050, 0x000001397b5b2820, 0x000001397b5c46f0,
0x000001397b5c0e80
}

Java Threads: ( => current thread )
  0x000001396bdd5aa0 JavaThread "main"                              [_thread_in_vm, id=19768, stack(0x0000002ea8a00000,0x0000002ea8b00000) (1024K)]
  0x000001397b5a65b0 JavaThread "Reference Handler"          daemon [_thread_blocked, id=20352, stack(0x0000002ea9200000,0x0000002ea9300000) (1024K)]
  0x000001397b5a7010 JavaThread "Finalizer"                  daemon [_thread_blocked, id=18224, stack(0x0000002ea9300000,0x0000002ea9400000) (1024K)]
  0x000001397b5abd10 JavaThread "Signal Dispatcher"          daemon [_thread_blocked, id=17048, stack(0x0000002ea9400000,0x0000002ea9500000) (1024K)]
  0x000001397b5afd30 JavaThread "Attach Listener"            daemon [_thread_blocked, id=12732, stack(0x0000002ea9500000,0x0000002ea9600000) (1024K)]
  0x000001397b5b9070 JavaThread "Service Thread"             daemon [_thread_blocked, id=3296, stack(0x0000002ea9600000,0x0000002ea9700000) (1024K)]
  0x000001397b5b10b0 JavaThread "Monitor Deflation Thread"   daemon [_thread_blocked, id=8024, stack(0x0000002ea9700000,0x0000002ea9800000) (1024K)]
=>0x000001397b5be020 JavaThread "C2 CompilerThread0"         daemon [_thread_in_native, id=18868, stack(0x0000002ea9800000,0x0000002ea9900000) (1024K)]
  0x000001397b5bf650 JavaThread "C1 CompilerThread0"         daemon [_thread_blocked, id=19824, stack(0x0000002ea9900000,0x0000002ea9a00000) (1024K)]
  0x000001397b5b2050 JavaThread "Notification Thread"        daemon [_thread_blocked, id=18020, stack(0x0000002ea9a00000,0x0000002ea9b00000) (1024K)]
  0x000001397b5b2820 JavaThread "Common-Cleaner"             daemon [_thread_blocked, id=19956, stack(0x0000002ea9b00000,0x0000002ea9c00000) (1024K)]
  0x000001397b5c46f0 JavaThread "C2 CompilerThread1"         daemon [_thread_in_native, id=18068, stack(0x0000002ea9c00000,0x0000002ea9d00000) (1024K)]
  0x000001397b5c0e80 JavaThread "C2 CompilerThread2"         daemon [_thread_in_native, id=16928, stack(0x0000002ea9d00000,0x0000002ea9e00000) (1024K)]
Total: 13

Other Threads:
  0x000001397b594540 VMThread "VM Thread"                           [id=14156, stack(0x0000002ea9100000,0x0000002ea9200000) (1024K)]
  0x000001397b585110 WatcherThread "VM Periodic Task Thread"        [id=8020, stack(0x0000002ea9000000,0x0000002ea9100000) (1024K)]
  0x000001396e07d9d0 WorkerThread "GC Thread#0"                     [id=11688, stack(0x0000002ea8b00000,0x0000002ea8c00000) (1024K)]
  0x000001396e090760 ConcurrentGCThread "G1 Main Marker"            [id=16200, stack(0x0000002ea8c00000,0x0000002ea8d00000) (1024K)]
  0x000001396e092800 WorkerThread "G1 Conc#0"                       [id=17768, stack(0x0000002ea8d00000,0x0000002ea8e00000) (1024K)]
  0x000001396e0e2460 ConcurrentGCThread "G1 Refine#0"               [id=17560, stack(0x0000002ea8e00000,0x0000002ea8f00000) (1024K)]
  0x000001396e0e2c70 ConcurrentGCThread "G1 Service"                [id=11148, stack(0x0000002ea8f00000,0x0000002ea9000000) (1024K)]
Total: 7

Threads with active compile tasks:
C2 CompilerThread0  2563 1572   !   4       java.net.URL::<init> (523 bytes)
C2 CompilerThread1  2563 1570       4       java.util.jar.JarFile::getVersionedEntry (114 bytes)
Total: 2

VM state: not at safepoint (normal execution)

VM Mutex/Monitor currently owned by a thread: None

Heap address: 0x00000000a1c00000, size: 1508 MB, Compressed Oops mode: 32-bit

CDS archive(s) mapped at: [0x000000003a000000-0x000000003add0000-0x000000003add0000), size 14483456, SharedBaseAddress: 0x000000003a000000, ArchiveRelocationMode: 1.
Compressed class space mapped at: 0x000000003b000000-0x000000007b000000, reserved size: 1073741824
UseCompressedClassPointers 1, UseCompactObjectHeaders 0
Narrow klass pointer bits 32, Max shift 3
Narrow klass base: 0x000000003a000000, Narrow klass shift: 0
Encoding Range: [0x000000003a000000 - 0x000000013a000000), (4294967296 bytes)
Klass Range:    [0x000000003a010000 - 0x000000007b000000), (1090453504 bytes)
Klass ID Range:  [65536 - 1090519033) (1090453497)
Protection zone: [0x000000003a000000 - 0x000000003a010000), (65536 bytes)

GC Precious Log:
 CardTable entry size: 512
 Card Set container configuration: InlinePtr #cards 5 size 8 Array Of Cards #cards 10 size 36 Howl #buckets 4 coarsen threshold 1843 Howl Bitmap #cards 512 size 80 coarsen threshold 460 Card regions per heap region 1 cards per card region 2048
 CPUs: 8 total, 8 available
 Memory: 6030M
 Large Page Support: Disabled
 NUMA Support: Disabled
 Compressed Oops: Enabled (32-bit)
 Heap Region Size: 1M
 Heap Min Capacity: 8M
 Heap Initial Capacity: 96M
 Heap Max Capacity: 1508M
 Pre-touch: Disabled
 Parallel Workers: 8
 Concurrent Workers: 2
 Concurrent Refinement Workers: 8
 Periodic GC: Disabled

Heap:
 garbage-first heap   total reserved 1544192K, committed 100352K, used 33939K [0x00000000a1c00000, 0x0000000100000000)
  region size 1024K, 33 young (33792K), 0 survivors (0K)

Heap Regions: E=young(eden), S=young(survivor), O=old, HS=humongous(starts), HC=humongous(continues), CS=collection set, F=free, TAMS=top-at-mark-start, PB=parsable bottom
|   0|0x00000000a1c00000, 0x00000000a1c00000, 0x00000000a1d00000|  0%| F|  |TAMS 0x00000000a1c00000| PB 0x00000000a1c00000| Untracked |  0
|   1|0x00000000a1d00000, 0x00000000a1d00000, 0x00000000a1e00000|  0%| F|  |TAMS 0x00000000a1d00000| PB 0x00000000a1d00000| Untracked |  0
|   2|0x00000000a1e00000, 0x00000000a1e00000, 0x00000000a1f00000|  0%| F|  |TAMS 0x00000000a1e00000| PB 0x00000000a1e00000| Untracked |  0
|   3|0x00000000a1f00000, 0x00000000a1f00000, 0x00000000a2000000|  0%| F|  |TAMS 0x00000000a1f00000| PB 0x00000000a1f00000| Untracked |  0
|   4|0x00000000a2000000, 0x00000000a2000000, 0x00000000a2100000|  0%| F|  |TAMS 0x00000000a2000000| PB 0x00000000a2000000| Untracked |  0
|   5|0x00000000a2100000, 0x00000000a2100000, 0x00000000a2200000|  0%| F|  |TAMS 0x00000000a2100000| PB 0x00000000a2100000| Untracked |  0
|   6|0x00000000a2200000, 0x00000000a2200000, 0x00000000a2300000|  0%| F|  |TAMS 0x00000000a2200000| PB 0x00000000a2200000| Untracked |  0
|   7|0x00000000a2300000, 0x00000000a2300000, 0x00000000a2400000|  0%| F|  |TAMS 0x00000000a2300000| PB 0x00000000a2300000| Untracked |  0
|   8|0x00000000a2400000, 0x00000000a2400000, 0x00000000a2500000|  0%| F|  |TAMS 0x00000000a2400000| PB 0x00000000a2400000| Untracked |  0
|   9|0x00000000a2500000, 0x00000000a2500000, 0x00000000a2600000|  0%| F|  |TAMS 0x00000000a2500000| PB 0x00000000a2500000| Untracked |  0
|  10|0x00000000a2600000, 0x00000000a2600000, 0x00000000a2700000|  0%| F|  |TAMS 0x00000000a2600000| PB 0x00000000a2600000| Untracked |  0
|  11|0x00000000a2700000, 0x00000000a2700000, 0x00000000a2800000|  0%| F|  |TAMS 0x00000000a2700000| PB 0x00000000a2700000| Untracked |  0
|  12|0x00000000a2800000, 0x00000000a2800000, 0x00000000a2900000|  0%| F|  |TAMS 0x00000000a2800000| PB 0x00000000a2800000| Untracked |  0
|  13|0x00000000a2900000, 0x00000000a2900000, 0x00000000a2a00000|  0%| F|  |TAMS 0x00000000a2900000| PB 0x00000000a2900000| Untracked |  0
|  14|0x00000000a2a00000, 0x00000000a2a00000, 0x00000000a2b00000|  0%| F|  |TAMS 0x00000000a2a00000| PB 0x00000000a2a00000| Untracked |  0
|  15|0x00000000a2b00000, 0x00000000a2b00000, 0x00000000a2c00000|  0%| F|  |TAMS 0x00000000a2b00000| PB 0x00000000a2b00000| Untracked |  0
|  16|0x00000000a2c00000, 0x00000000a2c00000, 0x00000000a2d00000|  0%| F|  |TAMS 0x00000000a2c00000| PB 0x00000000a2c00000| Untracked |  0
|  17|0x00000000a2d00000, 0x00000000a2d00000, 0x00000000a2e00000|  0%| F|  |TAMS 0x00000000a2d00000| PB 0x00000000a2d00000| Untracked |  0
|  18|0x00000000a2e00000, 0x00000000a2e00000, 0x00000000a2f00000|  0%| F|  |TAMS 0x00000000a2e00000| PB 0x00000000a2e00000| Untracked |  0
|  19|0x00000000a2f00000, 0x00000000a2f00000, 0x00000000a3000000|  0%| F|  |TAMS 0x00000000a2f00000| PB 0x00000000a2f00000| Untracked |  0
|  20|0x00000000a3000000, 0x00000000a3000000, 0x00000000a3100000|  0%| F|  |TAMS 0x00000000a3000000| PB 0x00000000a3000000| Untracked |  0
|  21|0x00000000a3100000, 0x00000000a3100000, 0x00000000a3200000|  0%| F|  |TAMS 0x00000000a3100000| PB 0x00000000a3100000| Untracked |  0
|  22|0x00000000a3200000, 0x00000000a3200000, 0x00000000a3300000|  0%| F|  |TAMS 0x00000000a3200000| PB 0x00000000a3200000| Untracked |  0
|  23|0x00000000a3300000, 0x00000000a3300000, 0x00000000a3400000|  0%| F|  |TAMS 0x00000000a3300000| PB 0x00000000a3300000| Untracked |  0
|  24|0x00000000a3400000, 0x00000000a3400000, 0x00000000a3500000|  0%| F|  |TAMS 0x00000000a3400000| PB 0x00000000a3400000| Untracked |  0
|  25|0x00000000a3500000, 0x00000000a3500000, 0x00000000a3600000|  0%| F|  |TAMS 0x00000000a3500000| PB 0x00000000a3500000| Untracked |  0
|  26|0x00000000a3600000, 0x00000000a3600000, 0x00000000a3700000|  0%| F|  |TAMS 0x00000000a3600000| PB 0x00000000a3600000| Untracked |  0
|  27|0x00000000a3700000, 0x00000000a3700000, 0x00000000a3800000|  0%| F|  |TAMS 0x00000000a3700000| PB 0x00000000a3700000| Untracked |  0
|  28|0x00000000a3800000, 0x00000000a3800000, 0x00000000a3900000|  0%| F|  |TAMS 0x00000000a3800000| PB 0x00000000a3800000| Untracked |  0
|  29|0x00000000a3900000, 0x00000000a3900000, 0x00000000a3a00000|  0%| F|  |TAMS 0x00000000a3900000| PB 0x00000000a3900000| Untracked |  0
|  30|0x00000000a3a00000, 0x00000000a3a00000, 0x00000000a3b00000|  0%| F|  |TAMS 0x00000000a3a00000| PB 0x00000000a3a00000| Untracked |  0
|  31|0x00000000a3b00000, 0x00000000a3b00000, 0x00000000a3c00000|  0%| F|  |TAMS 0x00000000a3b00000| PB 0x00000000a3b00000| Untracked |  0
|  32|0x00000000a3c00000, 0x00000000a3c00000, 0x00000000a3d00000|  0%| F|  |TAMS 0x00000000a3c00000| PB 0x00000000a3c00000| Untracked |  0
|  33|0x00000000a3d00000, 0x00000000a3d00000, 0x00000000a3e00000|  0%| F|  |TAMS 0x00000000a3d00000| PB 0x00000000a3d00000| Untracked |  0
|  34|0x00000000a3e00000, 0x00000000a3e00000, 0x00000000a3f00000|  0%| F|  |TAMS 0x00000000a3e00000| PB 0x00000000a3e00000| Untracked |  0
|  35|0x00000000a3f00000, 0x00000000a3f00000, 0x00000000a4000000|  0%| F|  |TAMS 0x00000000a3f00000| PB 0x00000000a3f00000| Untracked |  0
|  36|0x00000000a4000000, 0x00000000a4000000, 0x00000000a4100000|  0%| F|  |TAMS 0x00000000a4000000| PB 0x00000000a4000000| Untracked |  0
|  37|0x00000000a4100000, 0x00000000a4100000, 0x00000000a4200000|  0%| F|  |TAMS 0x00000000a4100000| PB 0x00000000a4100000| Untracked |  0
|  38|0x00000000a4200000, 0x00000000a4200000, 0x00000000a4300000|  0%| F|  |TAMS 0x00000000a4200000| PB 0x00000000a4200000| Untracked |  0
|  39|0x00000000a4300000, 0x00000000a4300000, 0x00000000a4400000|  0%| F|  |TAMS 0x00000000a4300000| PB 0x00000000a4300000| Untracked |  0
|  40|0x00000000a4400000, 0x00000000a4400000, 0x00000000a4500000|  0%| F|  |TAMS 0x00000000a4400000| PB 0x00000000a4400000| Untracked |  0
|  41|0x00000000a4500000, 0x00000000a4500000, 0x00000000a4600000|  0%| F|  |TAMS 0x00000000a4500000| PB 0x00000000a4500000| Untracked |  0
|  42|0x00000000a4600000, 0x00000000a4600000, 0x00000000a4700000|  0%| F|  |TAMS 0x00000000a4600000| PB 0x00000000a4600000| Untracked |  0
|  43|0x00000000a4700000, 0x00000000a4700000, 0x00000000a4800000|  0%| F|  |TAMS 0x00000000a4700000| PB 0x00000000a4700000| Untracked |  0
|  44|0x00000000a4800000, 0x00000000a4800000, 0x00000000a4900000|  0%| F|  |TAMS 0x00000000a4800000| PB 0x00000000a4800000| Untracked |  0
|  45|0x00000000a4900000, 0x00000000a4900000, 0x00000000a4a00000|  0%| F|  |TAMS 0x00000000a4900000| PB 0x00000000a4900000| Untracked |  0
|  46|0x00000000a4a00000, 0x00000000a4a00000, 0x00000000a4b00000|  0%| F|  |TAMS 0x00000000a4a00000| PB 0x00000000a4a00000| Untracked |  0
|  47|0x00000000a4b00000, 0x00000000a4b00000, 0x00000000a4c00000|  0%| F|  |TAMS 0x00000000a4b00000| PB 0x00000000a4b00000| Untracked |  0
|  48|0x00000000a4c00000, 0x00000000a4c00000, 0x00000000a4d00000|  0%| F|  |TAMS 0x00000000a4c00000| PB 0x00000000a4c00000| Untracked |  0
|  49|0x00000000a4d00000, 0x00000000a4d00000, 0x00000000a4e00000|  0%| F|  |TAMS 0x00000000a4d00000| PB 0x00000000a4d00000| Untracked |  0
|  50|0x00000000a4e00000, 0x00000000a4e00000, 0x00000000a4f00000|  0%| F|  |TAMS 0x00000000a4e00000| PB 0x00000000a4e00000| Untracked |  0
|  51|0x00000000a4f00000, 0x00000000a4f00000, 0x00000000a5000000|  0%| F|  |TAMS 0x00000000a4f00000| PB 0x00000000a4f00000| Untracked |  0
|  52|0x00000000a5000000, 0x00000000a5000000, 0x00000000a5100000|  0%| F|  |TAMS 0x00000000a5000000| PB 0x00000000a5000000| Untracked |  0
|  53|0x00000000a5100000, 0x00000000a5100000, 0x00000000a5200000|  0%| F|  |TAMS 0x00000000a5100000| PB 0x00000000a5100000| Untracked |  0
|  54|0x00000000a5200000, 0x00000000a5200000, 0x00000000a5300000|  0%| F|  |TAMS 0x00000000a5200000| PB 0x00000000a5200000| Untracked |  0
|  55|0x00000000a5300000, 0x00000000a5300000, 0x00000000a5400000|  0%| F|  |TAMS 0x00000000a5300000| PB 0x00000000a5300000| Untracked |  0
|  56|0x00000000a5400000, 0x00000000a5400000, 0x00000000a5500000|  0%| F|  |TAMS 0x00000000a5400000| PB 0x00000000a5400000| Untracked |  0
|  57|0x00000000a5500000, 0x00000000a5500000, 0x00000000a5600000|  0%| F|  |TAMS 0x00000000a5500000| PB 0x00000000a5500000| Untracked |  0
|  58|0x00000000a5600000, 0x00000000a5600000, 0x00000000a5700000|  0%| F|  |TAMS 0x00000000a5600000| PB 0x00000000a5600000| Untracked |  0
|  59|0x00000000a5700000, 0x00000000a5700000, 0x00000000a5800000|  0%| F|  |TAMS 0x00000000a5700000| PB 0x00000000a5700000| Untracked |  0
|  60|0x00000000a5800000, 0x00000000a5800000, 0x00000000a5900000|  0%| F|  |TAMS 0x00000000a5800000| PB 0x00000000a5800000| Untracked |  0
|  61|0x00000000a5900000, 0x00000000a5900000, 0x00000000a5a00000|  0%| F|  |TAMS 0x00000000a5900000| PB 0x00000000a5900000| Untracked |  0
|  62|0x00000000a5a00000, 0x00000000a5a00000, 0x00000000a5b00000|  0%| F|  |TAMS 0x00000000a5a00000| PB 0x00000000a5a00000| Untracked |  0
|  63|0x00000000a5b00000, 0x00000000a5b80000, 0x00000000a5c00000| 50%| E|  |TAMS 0x00000000a5b00000| PB 0x00000000a5b00000| Complete |  0
|  64|0x00000000a5c00000, 0x00000000a5d00000, 0x00000000a5d00000|100%| E|CS|TAMS 0x00000000a5c00000| PB 0x00000000a5c00000| Complete |  0
|  65|0x00000000a5d00000, 0x00000000a5e00000, 0x00000000a5e00000|100%| E|CS|TAMS 0x00000000a5d00000| PB 0x00000000a5d00000| Complete |  0
|  66|0x00000000a5e00000, 0x00000000a5f00000, 0x00000000a5f00000|100%| E|CS|TAMS 0x00000000a5e00000| PB 0x00000000a5e00000| Complete |  0
|  67|0x00000000a5f00000, 0x00000000a6000000, 0x00000000a6000000|100%| E|CS|TAMS 0x00000000a5f00000| PB 0x00000000a5f00000| Complete |  0
|  68|0x00000000a6000000, 0x00000000a6100000, 0x00000000a6100000|100%| E|CS|TAMS 0x00000000a6000000| PB 0x00000000a6000000| Complete |  0
|  69|0x00000000a6100000, 0x00000000a6200000, 0x00000000a6200000|100%| E|CS|TAMS 0x00000000a6100000| PB 0x00000000a6100000| Complete |  0
|  70|0x00000000a6200000, 0x00000000a6300000, 0x00000000a6300000|100%| E|CS|TAMS 0x00000000a6200000| PB 0x00000000a6200000| Complete |  0
|  71|0x00000000a6300000, 0x00000000a6400000, 0x00000000a6400000|100%| E|CS|TAMS 0x00000000a6300000| PB 0x00000000a6300000| Complete |  0
|  72|0x00000000a6400000, 0x00000000a6500000, 0x00000000a6500000|100%| E|CS|TAMS 0x00000000a6400000| PB 0x00000000a6400000| Complete |  0
|  73|0x00000000a6500000, 0x00000000a6600000, 0x00000000a6600000|100%| E|CS|TAMS 0x00000000a6500000| PB 0x00000000a6500000| Complete |  0
|  74|0x00000000a6600000, 0x00000000a6700000, 0x00000000a6700000|100%| E|CS|TAMS 0x00000000a6600000| PB 0x00000000a6600000| Complete |  0
|  75|0x00000000a6700000, 0x00000000a6800000, 0x00000000a6800000|100%| E|CS|TAMS 0x00000000a6700000| PB 0x00000000a6700000| Complete |  0
|  76|0x00000000a6800000, 0x00000000a6900000, 0x00000000a6900000|100%| E|CS|TAMS 0x00000000a6800000| PB 0x00000000a6800000| Complete |  0
|  77|0x00000000a6900000, 0x00000000a6a00000, 0x00000000a6a00000|100%| E|CS|TAMS 0x00000000a6900000| PB 0x00000000a6900000| Complete |  0
|  78|0x00000000a6a00000, 0x00000000a6b00000, 0x00000000a6b00000|100%| E|CS|TAMS 0x00000000a6a00000| PB 0x00000000a6a00000| Complete |  0
|  79|0x00000000a6b00000, 0x00000000a6c00000, 0x00000000a6c00000|100%| E|CS|TAMS 0x00000000a6b00000| PB 0x00000000a6b00000| Complete |  0
|  80|0x00000000a6c00000, 0x00000000a6d00000, 0x00000000a6d00000|100%| E|CS|TAMS 0x00000000a6c00000| PB 0x00000000a6c00000| Complete |  0
|  81|0x00000000a6d00000, 0x00000000a6e00000, 0x00000000a6e00000|100%| E|CS|TAMS 0x00000000a6d00000| PB 0x00000000a6d00000| Complete |  0
|  82|0x00000000a6e00000, 0x00000000a6f00000, 0x00000000a6f00000|100%| E|CS|TAMS 0x00000000a6e00000| PB 0x00000000a6e00000| Complete |  0
|  83|0x00000000a6f00000, 0x00000000a7000000, 0x00000000a7000000|100%| E|CS|TAMS 0x00000000a6f00000| PB 0x00000000a6f00000| Complete |  0
|  84|0x00000000a7000000, 0x00000000a7100000, 0x00000000a7100000|100%| E|CS|TAMS 0x00000000a7000000| PB 0x00000000a7000000| Complete |  0
|  85|0x00000000a7100000, 0x00000000a7200000, 0x00000000a7200000|100%| E|CS|TAMS 0x00000000a7100000| PB 0x00000000a7100000| Complete |  0
|  86|0x00000000a7200000, 0x00000000a7300000, 0x00000000a7300000|100%| E|CS|TAMS 0x00000000a7200000| PB 0x00000000a7200000| Complete |  0
|  87|0x00000000a7300000, 0x00000000a7400000, 0x00000000a7400000|100%| E|CS|TAMS 0x00000000a7300000| PB 0x00000000a7300000| Complete |  0
|  88|0x00000000a7400000, 0x00000000a7500000, 0x00000000a7500000|100%| E|CS|TAMS 0x00000000a7400000| PB 0x00000000a7400000| Complete |  0
|  89|0x00000000a7500000, 0x00000000a7600000, 0x00000000a7600000|100%| E|CS|TAMS 0x00000000a7500000| PB 0x00000000a7500000| Complete |  0
|  90|0x00000000a7600000, 0x00000000a7700000, 0x00000000a7700000|100%| E|CS|TAMS 0x00000000a7600000| PB 0x00000000a7600000| Complete |  0
|  91|0x00000000a7700000, 0x00000000a7800000, 0x00000000a7800000|100%| E|CS|TAMS 0x00000000a7700000| PB 0x00000000a7700000| Complete |  0
|  92|0x00000000a7800000, 0x00000000a7900000, 0x00000000a7900000|100%| E|CS|TAMS 0x00000000a7800000| PB 0x00000000a7800000| Complete |  0
|  93|0x00000000a7900000, 0x00000000a7a00000, 0x00000000a7a00000|100%| E|CS|TAMS 0x00000000a7900000| PB 0x00000000a7900000| Complete |  0
|  94|0x00000000a7a00000, 0x00000000a7b00000, 0x00000000a7b00000|100%| E|CS|TAMS 0x00000000a7a00000| PB 0x00000000a7a00000| Complete |  0
|  95|0x00000000a7b00000, 0x00000000a7c00000, 0x00000000a7c00000|100%| E|CS|TAMS 0x00000000a7b00000| PB 0x00000000a7b00000| Complete |  0
|1506|0x00000000ffe00000, 0x00000000fff00000, 0x00000000fff00000|100%| O|  |TAMS 0x00000000ffe00000| PB 0x00000000ffe00000| Untracked |  0
|1507|0x00000000fff00000, 0x00000000fff24d00, 0x0000000100000000| 14%| O|  |TAMS 0x00000000fff00000| PB 0x00000000fff00000| Untracked |  0

Card table byte_map: [0x0000013977150000,0x0000013977450000] _byte_map_base: 0x0000013976c42000

Marking Bits: (CMBitMap*) 0x000001396e07e160
 Bits: [0x0000013977450000, 0x0000013978be0000)

Polling page: 0x000001396c020000

Metaspace:
Metaspace        used 6510K, committed 6656K, reserved 1114112K
 class space     used 567K, committed 640K, reserved 1048576K

Usage:
  Non-class:      5.80 MB used.
      Class:    568.33 KB used.
       Both:      6.36 MB used.

Virtual space:
  Non-class space:       64.00 MB reserved,       5.88 MB (  9%) committed,  1 nodes.
      Class space:        1.00 GB reserved,     640.00 KB ( <1%) committed,  1 nodes.
             Both:        1.06 GB reserved,       6.50 MB ( <1%) committed. 

Chunk freelists:
   Non-Class:  8.34 MB
       Class:  15.33 MB
        Both:  23.67 MB

MaxMetaspaceSize: unlimited
CompressedClassSpaceSize: 1.00 GB
Initial GC threshold: 21.00 MB
Current GC threshold: 21.00 MB
CDS: on
 - commit_granule_bytes: 65536.
 - commit_granule_words: 8192.
 - virtual_space_node_default_size: 8388608.
 - enlarge_chunks_in_place: 1.
UseCompressedClassPointers 1, UseCompactObjectHeaders 0
Narrow klass pointer bits 32, Max shift 3
Narrow klass base: 0x000000003a000000, Narrow klass shift: 0
Encoding Range: [0x000000003a000000 - 0x000000013a000000), (4294967296 bytes)
Klass Range:    [0x000000003a010000 - 0x000000007b000000), (1090453504 bytes)
Klass ID Range:  [65536 - 1090519033) (1090453497)
Protection zone: [0x000000003a000000 - 0x000000003a010000), (65536 bytes)


Internal statistics:

num_allocs_failed_limit: 0.
num_arena_births: 54.
num_arena_deaths: 0.
num_vsnodes_births: 2.
num_vsnodes_deaths: 0.
num_space_committed: 104.
num_space_uncommitted: 0.
num_chunks_returned_to_freelist: 0.
num_chunks_taken_from_freelist: 249.
num_chunk_merges: 0.
num_chunk_splits: 170.
num_chunks_enlarged: 135.
num_inconsistent_stats: 0.

CodeHeap 'non-profiled nmethods': size=120064Kb used=494Kb max_used=494Kb free=119569Kb
 bounds [0x0000013907ac0000, 0x0000013907d30000, 0x000001390f000000]
CodeHeap 'profiled nmethods': size=120000Kb used=2482Kb max_used=2482Kb free=117517Kb
 bounds [0x0000013900000000, 0x0000013900270000, 0x0000013907530000]
CodeHeap 'non-nmethods': size=5696Kb used=1345Kb max_used=1378Kb free=4350Kb
 bounds [0x0000013907530000, 0x00000139077a0000, 0x0000013907ac0000]
CodeCache: size=245760Kb, used=4321Kb, max_used=4354Kb, free=241436Kb
 total_blobs=2148, nmethods=1677, adapters=374, full_count=0
Compilation: enabled, stopped_count=0, restarted_count=0

Compilation events (20 events):
Event: 2.327 Thread 0x000001397b5bf650 1587       1       java.lang.reflect.Method::getAnnotationBytes (5 bytes)
Event: 2.327 Thread 0x000001397b5bf650 nmethod 1587 0x0000013907b32c88 code [0x0000013907b32d80, 0x0000013907b32e48]
Event: 2.338 Thread 0x000001397b5bf650 1589       2       java.util.concurrent.ConcurrentHashMap::get (162 bytes)
Event: 2.339 Thread 0x000001397b5bf650 nmethod 1589 0x0000013900246f88 code [0x0000013900247080, 0x00000139002475b8]
Event: 2.339 Thread 0x000001397b5bf650 1590       3       org.objectweb.asm.ClassReader::readInt (52 bytes)
Event: 2.340 Thread 0x000001397b5bf650 nmethod 1590 0x0000013900247608 code [0x0000013900247700, 0x00000139002478d0]
Event: 2.346 Thread 0x000001397b5bf650 1592       1       jdk.internal.loader.AbstractClassLoaderValue$Sub::parent (5 bytes)
Event: 2.347 Thread 0x000001397b5bf650 nmethod 1592 0x0000013907b33388 code [0x0000013907b33480, 0x0000013907b33548]
Event: 2.347 Thread 0x000001397b5bf650 1593       1       java.util.Collections$1::hasNext (5 bytes)
Event: 2.347 Thread 0x000001397b5bf650 nmethod 1593 0x0000013907b33688 code [0x0000013907b33780, 0x0000013907b33848]
Event: 2.347 Thread 0x000001397b5bf650 1594       1       java.lang.reflect.Method::getSharedExceptionTypes (5 bytes)
Event: 2.347 Thread 0x000001397b5bf650 nmethod 1594 0x0000013907b33988 code [0x0000013907b33a80, 0x0000013907b33b48]
Event: 2.348 Thread 0x000001397b5bf650 1595       3       jdk.internal.classfile.impl.DirectCodeBuilder::fieldAccess (14 bytes)
Event: 2.349 Thread 0x000001397b5bf650 nmethod 1595 0x0000013900247908 code [0x0000013900247a00, 0x0000013900247e10]
Event: 2.349 Thread 0x000001397b5bf650 1596       1       java.util.ImmutableCollections$List12::isEmpty (2 bytes)
Event: 2.349 Thread 0x000001397b5bf650 nmethod 1596 0x0000013907b33c88 code [0x0000013907b33d80, 0x0000013907b33e48]
Event: 2.349 Thread 0x000001397b5bf650 1597       1       jdk.internal.classfile.impl.StackMapDecoder$ObjectVerificationTypeInfoImpl::tag (3 bytes)
Event: 2.349 Thread 0x000001397b5bf650 nmethod 1597 0x0000013907b33f88 code [0x0000013907b34080, 0x0000013907b34148]
Event: 2.349 Thread 0x000001397b5bf650 1598       1       jdk.internal.classfile.impl.StackMapDecoder$ObjectVerificationTypeInfoImpl::className (5 bytes)
Event: 2.349 Thread 0x000001397b5bf650 nmethod 1598 0x0000013907b34288 code [0x0000013907b34380, 0x0000013907b34448]

GC Heap Usage History (0 events):
No events

Metaspace Usage History (0 events):
No events

Dll operation events (7 events):
Event: 0.014 Loaded shared library C:\Program Files\Eclipse Adoptium\jdk-25.0.0.36-hotspot\bin\java.dll
Event: 0.070 Loaded shared library C:\Program Files\Eclipse Adoptium\jdk-25.0.0.36-hotspot\bin\net.dll
Event: 0.075 Loaded shared library C:\Program Files\Eclipse Adoptium\jdk-25.0.0.36-hotspot\bin\nio.dll
Event: 0.082 Loaded shared library C:\Program Files\Eclipse Adoptium\jdk-25.0.0.36-hotspot\bin\zip.dll
Event: 0.435 Loaded shared library D:\JavaBean\tools\apache-maven-3.9.16\lib\jansi-native\Windows\x86_64\jansi.dll
Event: 0.464 Loaded shared library C:\Program Files\Eclipse Adoptium\jdk-25.0.0.36-hotspot\bin\jimage.dll
Event: 0.474 Loaded shared library C:\Program Files\Eclipse Adoptium\jdk-25.0.0.36-hotspot\bin\verify.dll

Deoptimization events (20 events):
Event: 2.221 Thread 0x000001396bdd5aa0 Uncommon trap: trap_request=0xffffffde fr.pc=0x0000013907afedd8 relative=0x0000000000000258
Event: 2.221 Thread 0x000001396bdd5aa0 Uncommon trap: reason=class_check action=maybe_recompile pc=0x0000013907afedd8 method=java.util.HashMap.getNode(Ljava/lang/Object;)Ljava/util/HashMap$Node; @ 128 c2
Event: 2.221 Thread 0x000001396bdd5aa0 DEOPT PACKING pc=0x0000013907afedd8 sp=0x0000002ea8afdf70
Event: 2.221 Thread 0x000001396bdd5aa0 DEOPT UNPACKING pc=0x000001390764f202 sp=0x0000002ea8afded8 mode 2
Event: 2.279 Thread 0x000001396bdd5aa0 Uncommon trap: trap_request=0xffffffc6 fr.pc=0x0000013907b010ac relative=0x00000000000003ac
Event: 2.279 Thread 0x000001396bdd5aa0 Uncommon trap: reason=bimorphic_or_optimized_type_check action=maybe_recompile pc=0x0000013907b010ac method=java.util.concurrent.ConcurrentHashMap.get(Ljava/lang/Object;)Ljava/lang/Object; @ 149 c2
Event: 2.279 Thread 0x000001396bdd5aa0 DEOPT PACKING pc=0x0000013907b010ac sp=0x0000002ea8afda50
Event: 2.279 Thread 0x000001396bdd5aa0 DEOPT UNPACKING pc=0x000001390764f202 sp=0x0000002ea8afd9d0 mode 2
Event: 2.297 Thread 0x000001396bdd5aa0 Uncommon trap: trap_request=0xffffffc6 fr.pc=0x0000013907b010ac relative=0x00000000000003ac
Event: 2.297 Thread 0x000001396bdd5aa0 Uncommon trap: reason=bimorphic_or_optimized_type_check action=maybe_recompile pc=0x0000013907b010ac method=java.util.concurrent.ConcurrentHashMap.get(Ljava/lang/Object;)Ljava/lang/Object; @ 149 c2
Event: 2.297 Thread 0x000001396bdd5aa0 DEOPT PACKING pc=0x0000013907b010ac sp=0x0000002ea8afdb40
Event: 2.297 Thread 0x000001396bdd5aa0 DEOPT UNPACKING pc=0x000001390764f202 sp=0x0000002ea8afdac0 mode 2
Event: 2.318 Thread 0x000001396bdd5aa0 Uncommon trap: trap_request=0xffffffc6 fr.pc=0x0000013907b010ac relative=0x00000000000003ac
Event: 2.318 Thread 0x000001396bdd5aa0 Uncommon trap: reason=bimorphic_or_optimized_type_check action=maybe_recompile pc=0x0000013907b010ac method=java.util.concurrent.ConcurrentHashMap.get(Ljava/lang/Object;)Ljava/lang/Object; @ 149 c2
Event: 2.318 Thread 0x000001396bdd5aa0 DEOPT PACKING pc=0x0000013907b010ac sp=0x0000002ea8afd630
Event: 2.318 Thread 0x000001396bdd5aa0 DEOPT UNPACKING pc=0x000001390764f202 sp=0x0000002ea8afd5b0 mode 2
Event: 2.337 Thread 0x000001396bdd5aa0 Uncommon trap: trap_request=0xffffffc6 fr.pc=0x0000013907b010ac relative=0x00000000000003ac
Event: 2.337 Thread 0x000001396bdd5aa0 Uncommon trap: reason=bimorphic_or_optimized_type_check action=maybe_recompile pc=0x0000013907b010ac method=java.util.concurrent.ConcurrentHashMap.get(Ljava/lang/Object;)Ljava/lang/Object; @ 149 c2
Event: 2.337 Thread 0x000001396bdd5aa0 DEOPT PACKING pc=0x0000013907b010ac sp=0x0000002ea8afdbf0
Event: 2.337 Thread 0x000001396bdd5aa0 DEOPT UNPACKING pc=0x000001390764f202 sp=0x0000002ea8afdb70 mode 2

Classes loaded (20 events):
Event: 1.601 Loading class java/lang/reflect/ParameterizedType
Event: 1.601 Loading class java/lang/reflect/ParameterizedType done
Event: 1.611 Loading class java/lang/reflect/WildcardType
Event: 1.611 Loading class java/lang/reflect/WildcardType done
Event: 1.621 Loading class sun/reflect/generics/tree/TypeVariableSignature
Event: 1.621 Loading class sun/reflect/generics/tree/TypeVariableSignature done
Event: 1.660 Loading class java/lang/annotation/IncompleteAnnotationException
Event: 1.660 Loading class java/lang/annotation/IncompleteAnnotationException done
Event: 1.773 Loading class java/lang/foreign/MemorySegment
Event: 1.774 Loading class java/lang/foreign/MemorySegment done
Event: 2.042 Loading class sun/reflect/generics/reflectiveObjects/TypeVariableImpl
Event: 2.043 Loading class sun/reflect/generics/reflectiveObjects/LazyReflectiveObjectGenerator
Event: 2.043 Loading class sun/reflect/generics/reflectiveObjects/LazyReflectiveObjectGenerator done
Event: 2.043 Loading class sun/reflect/generics/reflectiveObjects/TypeVariableImpl done
Event: 2.043 Loading class sun/reflect/generics/reflectiveObjects/ParameterizedTypeImpl
Event: 2.044 Loading class sun/reflect/generics/reflectiveObjects/ParameterizedTypeImpl done
Event: 2.232 Loading class jdk/internal/foreign/MemorySessionImpl
Event: 2.233 Loading class java/lang/foreign/MemorySegment$Scope
Event: 2.233 Loading class java/lang/foreign/MemorySegment$Scope done
Event: 2.234 Loading class jdk/internal/foreign/MemorySessionImpl done

Classes unloaded (0 events):
No events

Classes redefined (0 events):
No events

Internal exceptions (20 events):
Event: 0.445 Thread 0x000001396bdd5aa0 Exception <a 'java/lang/NullPointerException'{0x00000000a7642cd8}> (0x00000000a7642cd8) 
thrown [s\src\hotspot\share\interpreter\linkResolver.cpp, line 1416]
Event: 0.450 Thread 0x000001396bdd5aa0 Exception <a 'java/lang/NullPointerException'{0x00000000a7655530}> (0x00000000a7655530) 
thrown [s\src\hotspot\share\interpreter\linkResolver.cpp, line 1416]
Event: 0.450 Thread 0x000001396bdd5aa0 Exception <a 'java/lang/NullPointerException'{0x00000000a7655810}> (0x00000000a7655810) 
thrown [s\src\hotspot\share\interpreter\linkResolver.cpp, line 1416]
Event: 0.450 Thread 0x000001396bdd5aa0 Exception <a 'java/lang/NullPointerException'{0x00000000a7655af0}> (0x00000000a7655af0) 
thrown [s\src\hotspot\share\interpreter\linkResolver.cpp, line 1416]
Event: 0.450 Thread 0x000001396bdd5aa0 Exception <a 'java/lang/NullPointerException'{0x00000000a7655dd0}> (0x00000000a7655dd0) 
thrown [s\src\hotspot\share\interpreter\linkResolver.cpp, line 1416]
Event: 0.468 Thread 0x000001396bdd5aa0 Exception <a 'sun/nio/fs/WindowsException'{0x00000000a7679470}> (0x00000000a7679470) 
thrown [s\src\hotspot\share\prims\jni.cpp, line 516]
Event: 0.469 Thread 0x000001396bdd5aa0 Exception <a 'sun/nio/fs/WindowsException'{0x00000000a7679938}> (0x00000000a7679938) 
thrown [s\src\hotspot\share\prims\jni.cpp, line 516]
Event: 0.499 Thread 0x000001396bdd5aa0 Exception <a 'java/lang/NoSuchMethodError'{0x00000000a7536800}: 'void java.lang.invoke.DirectMethodHandle$Holder.invokeVirtual(java.lang.Object, java.lang.Object)'> (0x00000000a7536800) 
thrown [s\src\hotspot\share\interpreter\linkResolver.cpp, line 804]
Event: 0.507 Thread 0x000001396bdd5aa0 Exception <a 'java/lang/NoSuchMethodError'{0x00000000a7558498}: 'void java.lang.invoke.DirectMethodHandle$Holder.invokeStatic(java.lang.Object, java.lang.Object)'> (0x00000000a7558498) 
thrown [s\src\hotspot\share\interpreter\linkResolver.cpp, line 804]
Event: 0.508 Thread 0x000001396bdd5aa0 Exception <a 'java/lang/NoSuchMethodError'{0x00000000a7560240}: 'void java.lang.invoke.DirectMethodHandle$Holder.invokeStaticInit(java.lang.Object, java.lang.Object)'> (0x00000000a7560240) 
thrown [s\src\hotspot\share\interpreter\linkResolver.cpp, line 804]
Event: 0.536 Thread 0x000001396bdd5aa0 Exception <a 'java/lang/NoSuchMethodError'{0x00000000a75946d0}: 'void java.lang.invoke.DirectMethodHandle$Holder.invokeSpecial(java.lang.Object, java.lang.Object, java.lang.Object, java.lang.Object, java.lang.Object)'> (0x00000000a75946d0) 
thrown [s\src\hotspot\share\interpreter\linkResolver.cpp, line 804]
Event: 0.581 Thread 0x000001396bdd5aa0 Exception <a 'java/lang/NoSuchMethodError'{0x00000000a75d9900}: 'void java.lang.invoke.DirectMethodHandle$Holder.invokeStatic(java.lang.Object, java.lang.Object, java.lang.Object)'> (0x00000000a75d9900) 
thrown [s\src\hotspot\share\interpreter\linkResolver.cpp, line 804]
Event: 0.759 Thread 0x000001396bdd5aa0 Exception <a 'java/lang/NoSuchMethodError'{0x00000000a7379c30}: 'java.lang.Object java.lang.invoke.DirectMethodHandle$Holder.invokeSpecialIFC(java.lang.Object, java.lang.Object, java.lang.Object, java.lang.Object)'> (0x00000000a7379c30) 
thrown [s\src\hotspot\share\interpreter\linkResolver.cpp, line 804]
Event: 1.228 Thread 0x000001396bdd5aa0 Exception <a 'java/lang/NoSuchMethodError'{0x00000000a6d191f8}: 'void java.lang.invoke.DirectMethodHandle$Holder.invokeSpecial(java.lang.Object, java.lang.Object, java.lang.Object)'> (0x00000000a6d191f8) 
thrown [s\src\hotspot\share\interpreter\linkResolver.cpp, line 804]
Event: 1.300 Thread 0x000001396bdd5aa0 Exception <a 'java/lang/NoSuchMethodError'{0x00000000a6c4f1a8}: 'java.lang.Object java.lang.invoke.DirectMethodHandle$Holder.invokeInterface(java.lang.Object, java.lang.Object)'> (0x00000000a6c4f1a8) 
thrown [s\src\hotspot\share\interpreter\linkResolver.cpp, line 804]
Event: 1.337 Thread 0x000001396bdd5aa0 Exception <a 'java/lang/NoSuchMethodError'{0x00000000a6b0a148}: 'int java.lang.invoke.DirectMethodHandle$Holder.invokeStatic(java.lang.Object, java.lang.Object, java.lang.Object, java.lang.Object)'> (0x00000000a6b0a148) 
thrown [s\src\hotspot\share\interpreter\linkResolver.cpp, line 804]
Event: 1.349 Thread 0x000001396bdd5aa0 Exception <a 'java/lang/NoSuchMethodError'{0x00000000a6b33d20}: 'int java.lang.invoke.DirectMethodHandle$Holder.invokeSpecialIFC(java.lang.Object, java.lang.Object, java.lang.Object, java.lang.Object, java.lang.Object)'> (0x00000000a6b33d20) 
thrown [s\src\hotspot\share\interpreter\linkResolver.cpp, line 804]
Event: 1.546 Thread 0x000001396bdd5aa0 Exception <a 'java/lang/NoSuchMethodError'{0x00000000a692ba00}: 'java.lang.Object java.lang.invoke.DirectMethodHandle$Holder.newInvokeSpecial(java.lang.Object, java.lang.Object, java.lang.Object, java.lang.Object, java.lang.Object)'> (0x00000000a692ba00) 
thrown [s\src\hotspot\share\interpreter\linkResolver.cpp, line 804]
Event: 1.639 Thread 0x000001396bdd5aa0 Exception <a 'java/lang/NoSuchMethodError'{0x00000000a6858680}: 'int java.lang.invoke.DirectMethodHandle$Holder.invokeStaticInit(java.lang.Object, java.lang.Object)'> (0x00000000a6858680) 
thrown [s\src\hotspot\share\interpreter\linkResolver.cpp, line 804]
Event: 1.662 Thread 0x000001396bdd5aa0 Exception <a 'java/lang/NoClassDefFoundError'{0x00000000a68968d0}: javax/enterprise/inject/Typed> (0x00000000a68968d0) 
thrown [s\src\hotspot\share\classfile\systemDictionary.cpp, line 316]

VM Operations (8 events):
Event: 0.085 Executing non-safepoint VM operation: HandshakeAllThreads (Deoptimize)
Event: 0.085 Executing non-safepoint VM operation: HandshakeAllThreads (Deoptimize) done
Event: 0.387 Executing non-safepoint VM operation: HandshakeAllThreads (Deoptimize)
Event: 0.387 Executing non-safepoint VM operation: HandshakeAllThreads (Deoptimize) done
Event: 0.406 Executing non-safepoint VM operation: HandshakeAllThreads (Deoptimize)
Event: 0.406 Executing non-safepoint VM operation: HandshakeAllThreads (Deoptimize) done
Event: 0.499 Executing non-safepoint VM operation: HandshakeAllThreads (Deoptimize)
Event: 0.499 Executing non-safepoint VM operation: HandshakeAllThreads (Deoptimize) done

Memory protections (0 events):
No events

Nmethod flushes (0 events):
No events

Events (18 events):
Event: 0.035 Thread 0x000001396bdd5aa0 Thread added: 0x000001396bdd5aa0
Event: 0.050 Thread 0x000001396bdd5aa0 Thread added: 0x000001397b5a65b0
Event: 0.050 Thread 0x000001396bdd5aa0 Thread added: 0x000001397b5a7010
Event: 0.050 Thread 0x000001396bdd5aa0 Thread added: 0x000001397b5abd10
Event: 0.050 Thread 0x000001396bdd5aa0 Thread added: 0x000001397b5afd30
Event: 0.050 Thread 0x000001396bdd5aa0 Thread added: 0x000001397b5b9070
Event: 0.050 Thread 0x000001396bdd5aa0 Thread added: 0x000001397b5b10b0
Event: 0.050 Thread 0x000001396bdd5aa0 Thread added: 0x000001397b5be020
Event: 0.051 Thread 0x000001396bdd5aa0 Thread added: 0x000001397b5bf650
Event: 0.063 Thread 0x000001396bdd5aa0 Thread added: 0x000001397b5b2050
Event: 0.065 Thread 0x000001396bdd5aa0 Thread added: 0x000001397b5b2820
Event: 0.253 Thread 0x000001397b5bf650 Thread added: 0x000001397b5bfe60
Event: 0.422 Thread 0x000001396bdd5aa0 Thread added: 0x000001397b5b7640
Event: 0.605 Thread 0x000001397b5b7640 Thread exited: 0x000001397b5b7640
Event: 1.220 Thread 0x000001397b5bfe60 Thread exited: 0x000001397b5bfe60
Event: 1.716 Thread 0x000001397b5bf650 Thread added: 0x000001397b5c46f0
Event: 1.770 Thread 0x000001397b5be020 Thread added: 0x000001397b5c0e80
Event: 2.212 Thread 0x000001397b5c0e80 Thread exited: 0x000001397b5c0e80


Dynamic libraries:
0x00007ff6cda40000 - 0x00007ff6cda4e000 	C:\Program Files\Eclipse Adoptium\jdk-25.0.0.36-hotspot\bin\java.exe
0x00007ffc2b440000 - 0x00007ffc2b6a7000 	C:\WINDOWS\SYSTEM32\ntdll.dll
0x00007ffc2a9b0000 - 0x00007ffc2aa7b000 	C:\WINDOWS\System32\KERNEL32.DLL
0x00007ffc286f0000 - 0x00007ffc28af2000 	C:\WINDOWS\System32\KERNELBASE.dll
0x00007ffc28cf0000 - 0x00007ffc28e3c000 	C:\WINDOWS\System32\ucrtbase.dll
0x00007ffbc0d40000 - 0x00007ffbc0d5e000 	C:\Program Files\Eclipse Adoptium\jdk-25.0.0.36-hotspot\bin\VCRUNTIME140.dll
0x00007ffbbea70000 - 0x00007ffbbea86000 	C:\Program Files\Eclipse Adoptium\jdk-25.0.0.36-hotspot\bin\jli.dll
0x00007ffc2a7d0000 - 0x00007ffc2a99f000 	C:\WINDOWS\System32\USER32.dll
0x00007ffc13750000 - 0x00007ffc139e0000 	C:\WINDOWS\WinSxS\amd64_microsoft.windows.common-controls_6595b64144ccf1df_6.0.26100.9278_none_3e0d1ba8e3303201\COMCTL32.dll
0x00007ffc290a0000 - 0x00007ffc290c7000 	C:\WINDOWS\System32\win32u.dll
0x00007ffc2b040000 - 0x00007ffc2b06b000 	C:\WINDOWS\System32\GDI32.dll
0x00007ffc28bc0000 - 0x00007ffc28ce9000 	C:\WINDOWS\System32\gdi32full.dll
0x00007ffc2b250000 - 0x00007ffc2b2f9000 	C:\WINDOWS\System32\msvcrt.dll
0x00007ffc28640000 - 0x00007ffc286e3000 	C:\WINDOWS\System32\msvcp_win.dll
0x00007ffc2b210000 - 0x00007ffc2b241000 	C:\WINDOWS\System32\IMM32.DLL
0x00007ffbf2ef0000 - 0x00007ffbf2efc000 	C:\Program Files\Eclipse Adoptium\jdk-25.0.0.36-hotspot\bin\vcruntime140_1.dll
0x00007ffba1860000 - 0x00007ffba18ed000 	C:\Program Files\Eclipse Adoptium\jdk-25.0.0.36-hotspot\bin\msvcp140.dll
0x00007ffb0f140000 - 0x00007ffb10066000 	C:\Program Files\Eclipse Adoptium\jdk-25.0.0.36-hotspot\bin\server\jvm.dll
0x00007ffc2aaa0000 - 0x00007ffc2ab5c000 	C:\WINDOWS\System32\ADVAPI32.dll
0x00007ffc29650000 - 0x00007ffc296f9000 	C:\WINDOWS\System32\sechost.dll
0x00007ffc2af20000 - 0x00007ffc2b038000 	C:\WINDOWS\System32\RPCRT4.dll
0x00007ffc299a0000 - 0x00007ffc29a20000 	C:\WINDOWS\System32\WS2_32.dll
0x00007ffc284a0000 - 0x00007ffc284fe000 	C:\WINDOWS\SYSTEM32\POWRPROF.dll
0x00007ffc1fed0000 - 0x00007ffc1fedb000 	C:\WINDOWS\SYSTEM32\VERSION.dll
0x00007ffc1ec70000 - 0x00007ffc1eca6000 	C:\WINDOWS\SYSTEM32\WINMM.dll
0x00007ffc28480000 - 0x00007ffc28495000 	C:\WINDOWS\SYSTEM32\UMPDC.dll
0x00007ffc27310000 - 0x00007ffc2732b000 	C:\WINDOWS\SYSTEM32\kernel.appcore.dll
0x00007ffbf0fd0000 - 0x00007ffbf0fda000 	C:\Program Files\Eclipse Adoptium\jdk-25.0.0.36-hotspot\bin\jimage.dll
0x00007ffc22520000 - 0x00007ffc2276c000 	C:\WINDOWS\SYSTEM32\DBGHELP.DLL
0x00007ffc29160000 - 0x00007ffc294e5000 	C:\WINDOWS\System32\combase.dll
0x00007ffc2ae40000 - 0x00007ffc2af19000 	C:\WINDOWS\System32\OLEAUT32.dll
0x00007ffc134b0000 - 0x00007ffc134eb000 	C:\WINDOWS\SYSTEM32\dbgcore.DLL
0x00007ffc28fe0000 - 0x00007ffc2908c000 	C:\WINDOWS\System32\bcryptPrimitives.dll
0x00007ffbb8ed0000 - 0x00007ffbb8eee000 	C:\Program Files\Eclipse Adoptium\jdk-25.0.0.36-hotspot\bin\java.dll
0x00007ffc2b070000 - 0x00007ffc2b20a000 	C:\WINDOWS\System32\ole32.dll
0x00007ffc29aa0000 - 0x00007ffc2a238000 	C:\WINDOWS\System32\SHELL32.dll
0x00007ffc260e0000 - 0x00007ffc2698e000 	C:\WINDOWS\SYSTEM32\windows.storage.dll
0x00007ffc2a6d0000 - 0x00007ffc2a7cb000 	C:\WINDOWS\System32\SHCORE.dll
0x00007ffc2b390000 - 0x00007ffc2b3f6000 	C:\WINDOWS\System32\shlwapi.dll
0x00007ffc28560000 - 0x00007ffc28589000 	C:\WINDOWS\SYSTEM32\profapi.dll
0x00007ffba6fd0000 - 0x00007ffba6fe1000 	C:\Program Files\Eclipse Adoptium\jdk-25.0.0.36-hotspot\bin\net.dll
0x00007ffc278d0000 - 0x00007ffc2793c000 	C:\WINDOWS\system32\mswsock.dll
0x00007ffba6ba0000 - 0x00007ffba6bb6000 	C:\Program Files\Eclipse Adoptium\jdk-25.0.0.36-hotspot\bin\nio.dll
0x00007ffba3410000 - 0x00007ffba3427000 	C:\Program Files\Eclipse Adoptium\jdk-25.0.0.36-hotspot\bin\zip.dll
0x00007ffba24e0000 - 0x00007ffba2504000 	D:\JavaBean\tools\apache-maven-3.9.16\lib\jansi-native\Windows\x86_64\jansi.dll
0x00007ffbeaec0000 - 0x00007ffbeaed0000 	C:\Program Files\Eclipse Adoptium\jdk-25.0.0.36-hotspot\bin\verify.dll

JVMTI agents: none

dbghelp: loaded successfully - version: 4.0.5 - missing functions: none
symbol engine: initialized successfully - sym options: 0x614 - pdb path: .;C:\Program Files\Eclipse Adoptium\jdk-25.0.0.36-hotspot\bin;C:\WINDOWS\SYSTEM32;C:\WINDOWS\WinSxS\amd64_microsoft.windows.common-controls_6595b64144ccf1df_6.0.26100.9278_none_3e0d1ba8e3303201;C:\Program Files\Eclipse Adoptium\jdk-25.0.0.36-hotspot\bin\server;D:\JavaBean\tools\apache-maven-3.9.16\lib\jansi-native\Windows\x86_64

VM Arguments:
jvm_args: --enable-native-access=ALL-UNNAMED -Dclassworlds.conf=D:\JavaBean\tools\apache-maven-3.9.16\bin\m2.conf -Dmaven.home=D:\JavaBean\tools\apache-maven-3.9.16 -Dlibrary.jansi.path=D:\JavaBean\tools\apache-maven-3.9.16\lib\jansi-native -Dmaven.multiModuleProjectDirectory=D:\JavaBean 
java_command: org.codehaus.plexus.classworlds.launcher.Launcher clean install -q -DskipTests
java_class_path (initial): D:\JavaBean\tools\apache-maven-3.9.16\boot\plexus-classworlds-2.11.0.jar
Launcher Type: SUN_STANDARD

[Global flags]
     intx CICompilerCount                          = 4                                         {product} {ergonomic}
     uint ConcGCThreads                            = 2                                         {product} {ergonomic}
     uint G1ConcRefinementThreads                  = 8                                         {product} {ergonomic}
   size_t G1HeapRegionSize                         = 1048576                                   {product} {ergonomic}
   size_t InitialHeapSize                          = 100663296                                 {product} {ergonomic}
   size_t MarkStackSize                            = 4194304                                   {product} {ergonomic}
   size_t MarkStackSizeMax                         = 536870912                                 {product} {ergonomic}
   size_t MaxHeapSize                              = 1581252608                                {product} {ergonomic}
   size_t MaxNewSize                               = 947912704                                 {product} {ergonomic}
   size_t MinHeapDeltaBytes                        = 1048576                                   {product} {ergonomic}
   size_t MinHeapSize                              = 8388608                                   {product} {ergonomic}
    uintx NonNMethodCodeHeapSize                   = 5832704                                {pd product} {ergonomic}
    uintx NonProfiledCodeHeapSize                  = 122945536                              {pd product} {ergonomic}
    uintx ProfiledCodeHeapSize                     = 122880000                              {pd product} {ergonomic}
    uintx ReservedCodeCacheSize                    = 251658240                              {pd product} {ergonomic}
     bool SegmentedCodeCache                       = true                                      {product} {ergonomic}
   size_t SoftMaxHeapSize                          = 1581252608                             {manageable} {ergonomic}
     bool UseCompressedOops                        = true                           {product lp64_product} {ergonomic}
     bool UseG1GC                                  = true                                      {product} {ergonomic}
     bool UseLargePagesIndividualAllocation        = false                                  {pd product} {ergonomic}

Logging:
Log output configuration:
 #0: stdout all=warning uptime,level,tags foldmultilines=false
 #1: stderr all=off uptime,level,tags foldmultilines=false

Release file:
IMPLEMENTOR="Eclipse Adoptium" 
IMPLEMENTOR_VERSION="Temurin-25+36" 
JAVA_RUNTIME_VERSION="25+36-LTS" 
JAVA_VERSION="25" 
JAVA_VERSION_DATE="2025-09-16" 
LIBC="default" 
MODULES="java.base java.compiler java.datatransfer java.xml java.prefs java.desktop java.instrument java.logging java.management java.security.sasl java.naming java.rmi java.management.rmi java.net.http java.scripting java.security.jgss java.transaction.xa java.sql java.sql.rowset java.xml.crypto java.se java.smartcardio jdk.accessibility jdk.internal.jvmstat jdk.attach jdk.charsets jdk.internal.opt jdk.zipfs jdk.compiler jdk.crypto.cryptoki jdk.crypto.ec jdk.crypto.mscapi jdk.dynalink jdk.internal.ed jdk.editpad jdk.internal.vm.ci jdk.graal.compiler jdk.graal.compiler.management jdk.hotspot.agent jdk.httpserver jdk.incubator.vector jdk.internal.le jdk.internal.md jdk.jartool jdk.javadoc jdk.jcmd jdk.management jdk.management.agent jdk.jconsole jdk.jdeps jdk.jdwp.agent jdk.jdi jdk.jfr jdk.jlink jdk.jpackage jdk.jshell jdk.jsobject jdk.jstatd jdk.localedata jdk.management.jfr jdk.naming.dns jdk.naming.rmi jdk.net jdk.nio.mapmode jdk.sctp jdk.security.auth jdk.security.jgss jdk.unsupported jdk.unsupported.desktop jdk.xml.dom" 
OS_ARCH="x86_64" 
OS_NAME="Windows" 
SOURCE=".:git:ef82ae723551" 
BUILD_SOURCE="git:b7337f50fb2a765519e79674ae790c2a7450149e"
BUILD_SOURCE_REPO="https://github.com/adoptium/temurin-build.git"
SOURCE_REPO="https://github.com/adoptium/jdk.git"
FULL_VERSION="25+36-LTS"
SEMANTIC_VERSION="25+36"
BUILD_INFO="OS: Windows Server 2022 Version: 10.0"
JVM_VARIANT="Hotspot"
JVM_VERSION="25+36-LTS"
IMAGE_TYPE="JDK"

Environment Variables:
JAVA_HOME=C:\Program Files\Eclipse Adoptium\jdk-25.0.0.36-hotspot
PATH=C:\Program Files\Eclipse Adoptium\jdk-25.0.0.36-hotspot\bin;C:\WINDOWS\system32;C:\WINDOWS;C:\WINDOWS\System32\Wbem;C:\WINDOWS\System32\WindowsPowerShell\v1.0\;C:\WINDOWS\System32\OpenSSH\;C:\Program Files\Microsoft SQL Server\150\Tools\Binn\;C:\Program Files\Microsoft SQL Server\Client SDK\ODBC\170\Tools\Binn\;C:\Program Files (x86)\Microsoft SQL Server\150\Tools\Binn\;C:\Program Files\Microsoft SQL Server\150\DTS\Binn\;C:\Program Files\Azure Data Studio\bin;C:\Program Files\Microsoft SQL Server\120\Tools\Binn\;C:\Program Files\Microsoft SQL Server\Client SDK\ODBC\110\Tools\Binn\;C:\Program Files (x86)\Microsoft SQL Server\120\Tools\Binn\;C:\Program Files\Microsoft SQL Server\120\DTS\Binn\;C:\Program Files (x86)\Microsoft SQL Server\120\Tools\Binn\ManagementStudio\;C:\Program Files (x86)\Microsoft SQL Server\120\DTS\Binn\;C:\Program Files (x86)\Microsoft SQL Server\160\Tools\Binn\;C:\Program Files\Microsoft SQL Server\160\Tools\Binn\;C:\Program Files\Microsoft SQL Server\160\DTS\Binn\;c:\Users\azhai\AppData\Local\Programs\cursor\resources\app\bin;C:\WINDOWS\system32;C:\WINDOWS;C:\WINDOWS\System32\Wbem;C:\WINDOWS\System32\WindowsPowerShell\v1.0\;C:\WINDOWS\System32\OpenSSH\;C:\wamp64\bin\php\php5.6.40C:\Program Files\Microsoft SQL Server\170\Tools\Binn\;C:\Program Files\dotnet\;C:\Program Files\Git\cmd;C:\xampp\php;C:\composer;C:\Program Files\nodejs\;C:\Program Files\Erlang OTP\bin;C:\Program Files\RabbitMQ Server\rabbitmq_server-4.3.2\sbin;C:\Program Files (x86)\Microsoft SQL Server\170\Tools\Binn\;C:\Program Files\Microsoft SQL Server\170\Tools\Binn\;C:\Program Files\Microsoft SQL Server\Client SDK\ODBC\180\Tools\Binn\;C:\Program Files\Microsoft SQL Server\170\DTS\Binn\;C:\Users\azhai\AppData\Local\Volta\bin;C:\Users\azhai\AppData\Local\Yarn\config\global\node_modules\.bin;C:\Users\azhai\AppData\Roaming\Composer\vendor\bin;D:\laragon\bin;D:\laragon\bin\apache\httpd-2.4.54-win64-VS16\bin;D:\laragon\bin\composer;D:\laragon\bin\git\bin;D:\laragon\bin\git\cmd;D:\laragon\bin\git\mingw64\bin;D:\laragon\bin\git\usr\bin;D:\laragon\bin\laragon\utils;D:\laragon\bin\mysql\mysql-8.0.30-winx64\bin;D:\laragon\bin\nginx\nginx-1.22.0;D:\laragon\bin\ngrok;D:\laragon\bin\nodejs\node-v18;D:\laragon\bin\notepad++;D:\laragon\bin\php\php-8.3.31-nts-Win32-vs16-x64;D:\laragon\bin\python\python-3.10;D:\laragon\bin\python\python-3.10\Scripts;D:\laragon\bin\redis\redis-x64-5.0.14.1;D:\laragon\bin\telnet;D:\laragon\usr\bin;C:\Users\azhai\AppData\Local\Microsoft\WindowsApps;C:\Program Files\Azure Data Studio\bin;D:\Visual studio\Microsoft VS Code\bin;C:\Users\azhai\AppData\Local\GitHubDesktop\bin;C:\Program Files\dotnet;C:\Users\azhai\.dotnet\tools\;C:\Users\azhai\.dotnet\tools;C:\Users\azhai\AppData\Roa;C:\Users\azhai\AppData\Roaming\npm;D:\JavaBean\tools\apache-maven-3.9.16\bin;D:\IntelliJ IDEA 2026.2.2\bin
USERNAME=azhai
OS=Windows_NT
PROCESSOR_IDENTIFIER=AMD64 Family 23 Model 24 Stepping 1, AuthenticAMD
TMP=C:\Users\azhai\AppData\Local\Temp
TEMP=C:\Users\azhai\AppData\Local\Temp




Compilation memory statistics disabled.

Periodic native trim disabled

---------------  S Y S T E M  ---------------

OS:
 Windows 11 , 64 bit Build 26100 (10.0.26100.9444)
OS uptime: 1 days 1:26 hours

CPU: total 8 (initial active 8) (8 cores per cpu, 2 threads per core) family 23 model 24 stepping 1 microcode 0x810810e, cx8, cmov, fxsr, ht, mmx, 3dnowpref, sse, sse2, sse3, ssse3, sse4a, sse4.1, sse4.2, popcnt, lzcnt, tsc, tscinvbit, avx, avx2, aes, clmul, bmi1, bmi2, adx, sha, fma, vzeroupper, clflush, clflushopt, rdtscp, f16c
Processor Information for the first 8 processors :
  Max Mhz: 2100, Current Mhz: 2100, Mhz Limit: 2100

Memory: 4k page, system-wide physical 6030M (624M free)
TotalPageFile size 16897M (AvailPageFile size 35M)
current process WorkingSet (physical memory assigned to process): 98M, peak: 98M
current process commit charge ("private bytes"): 203M, peak: 205M

vm_info: OpenJDK 64-Bit Server VM (25+36-LTS) for windows-amd64 JRE (25+36-LTS), built on 2025-09-16T00:00:00Z with unknown MS VC++:1942

END.
