14-Sep-2026 23:43:31.355 INFO [main] org.apache.catalina.core.ApplicationContext.log [LIFECYCLE] AuthFilter (2) init() - filter = AuthFilter | loginPath = /login | sessionKey = loggedUser
14-Sep-2026 23:43:32.337 INFO [main] org.apache.catalina.core.ApplicationContext.log ContextListener: contextInitialized()
14-Sep-2026 23:43:32.338 INFO [main] org.apache.catalina.core.ApplicationContext.log SessionListener: contextInitialized()
14-Sep-2026 23:43:32.340 INFO [main] org.apache.catalina.core.ApplicationContext.log ContextListener: attributeAdded('StockTicker', 'async.Stockticker@606b53a3')
14-Sep-2026 23:44:09.512 INFO [http-nio-8080-exec-1] org.apache.catalina.core.ApplicationContext.log LoginServlet: [LIFECYCLE] (2b) init() - da tao UserRepository, sessionTimeout = 30 phut, context = /JavaBean
14-Sep-2026 23:44:09.512 INFO [http-nio-8080-exec-1] org.apache.catalina.core.ApplicationContext.log LoginServlet: [LIFECYCLE] (2a) init(ServletConfig) - servlet name = LoginServlet
14-Sep-2026 23:44:09.517 INFO [http-nio-8080-exec-1] org.apache.catalina.core.ApplicationContext.log LoginServlet: [LIFECYCLE] (3) service() - GET /JavaBean/login | request thu 1 | thread = http-nio-8080-exec-1
14-Sep-2026 23:44:09.518 INFO [http-nio-8080-exec-1] org.apache.catalina.core.ApplicationContext.log LoginServlet: [LIFECYCLE] (3a) doGet() - hien thi form dang nhap
14-Sep-2026 23:44:38.233 INFO [http-nio-8080-exec-3] org.apache.catalina.core.ApplicationContext.log LoginServlet: [LIFECYCLE] (3) service() - POST /JavaBean/login | request thu 2 | thread = http-nio-8080-exec-3
14-Sep-2026 23:44:38.233 INFO [http-nio-8080-exec-3] org.apache.catalina.core.ApplicationContext.log LoginServlet: [LIFECYCLE] (3b) doPost() - kiem tra thong tin dang nhap
14-Sep-2026 23:44:38.562 SEVERE [http-nio-8080-exec-3] org.apache.catalina.core.StandardWrapperValve.invoke Servlet.service() for servlet [LoginServlet] in context with path [/JavaBean] threw exception [Servlet execution threw an exception] with root cause
	jakarta.persistence.PersistenceException: No Persistence provider for EntityManager named product_orm_mvc
		at jakarta.persistence.Persistence.createEntityManagerFactory(Persistence.java:86)
		at jakarta.persistence.Persistence.createEntityManagerFactory(Persistence.java:55)
		at util.JPAUtil.<clinit>(JPAUtil.java:34)
		at repository.UserRepository.findByUsername(UserRepository.java:22)
		at controller.LoginServlet.doPost(LoginServlet.java:137)
		at jakarta.servlet.http.HttpServlet.service(HttpServlet.java:590)
		at controller.LoginServlet.service(LoginServlet.java:114)
		at jakarta.servlet.http.HttpServlet.service(HttpServlet.java:658)
		at org.apache.catalina.core.ApplicationFilterChain.internalDoFilter(ApplicationFilterChain.java:197)
		at org.apache.catalina.core.ApplicationFilterChain.doFilter(ApplicationFilterChain.java:142)
		at org.apache.tomcat.websocket.server.WsFilter.doFilter(WsFilter.java:57)
		at org.apache.catalina.core.ApplicationFilterChain.internalDoFilter(ApplicationFilterChain.java:166)
		at org.apache.catalina.core.ApplicationFilterChain.doFilter(ApplicationFilterChain.java:142)
		at org.apache.catalina.core.StandardWrapperValve.invoke(StandardWrapperValve.java:165)
		at org.apache.catalina.core.StandardContextValve.invoke(StandardContextValve.java:88)
		at org.apache.catalina.authenticator.AuthenticatorBase.invoke(AuthenticatorBase.java:535)
		at org.apache.catalina.core.StandardHostValve.invoke(StandardHostValve.java:115)
		at org.apache.catalina.valves.ErrorReportValve.invoke(ErrorReportValve.java:86)
		at org.apache.catalina.valves.AbstractAccessLogValve.invoke(AbstractAccessLogValve.java:782)
		at org.apache.catalina.core.StandardEngineValve.invoke(StandardEngineValve.java:71)
		at org.apache.catalina.connector.CoyoteAdapter.service(CoyoteAdapter.java:348)
		at org.apache.coyote.http11.Http11Processor.service(Http11Processor.java:410)
		at org.apache.coyote.AbstractProcessorLight.process(AbstractProcessorLight.java:71)
		at org.apache.coyote.AbstractProtocol$ConnectionHandler.process(AbstractProtocol.java:1307)
		at org.apache.tomcat.util.net.NioEndpoint$SocketProcessor.doRun(NioEndpoint.java:2197)
		at org.apache.tomcat.util.net.SocketProcessorBase.run(SocketProcessorBase.java:74)
		at org.apache.tomcat.util.threads.ThreadPoolExecutor.runWorker(ThreadPoolExecutor.java:976)
		at org.apache.tomcat.util.threads.ThreadPoolExecutor$Worker.run(ThreadPoolExecutor.java:494)
		at org.apache.tomcat.util.threads.TaskThread$WrappingRunnable.run(TaskThread.java:80)
		at java.base/java.lang.Thread.run(Thread.java:1474)
14-Sep-2026 23:47:43.244 INFO [Catalina-utility-1] org.apache.catalina.core.ApplicationContext.log LoginServlet: [LIFECYCLE] (4) destroy() - da phuc vu tong cong 2 request, giai phong UserRepository
14-Sep-2026 23:47:43.246 INFO [Catalina-utility-1] org.apache.catalina.core.ApplicationContext.log [LIFECYCLE] AuthFilter (4) destroy() - giai phong filter
14-Sep-2026 23:47:46.564 INFO [Catalina-utility-1] org.apache.catalina.core.ApplicationContext.log [LIFECYCLE] AuthFilter (2) init() - filter = AuthFilter | loginPath = /login | sessionKey = loggedUser
14-Sep-2026 23:47:51.890 INFO [http-nio-8080-exec-1] org.apache.catalina.core.ApplicationContext.log LoginServlet: [LIFECYCLE] (2b) init() - da tao UserRepository, sessionTimeout = 30 phut, context = /JavaBean
14-Sep-2026 23:47:51.890 INFO [http-nio-8080-exec-1] org.apache.catalina.core.ApplicationContext.log LoginServlet: [LIFECYCLE] (2a) init(ServletConfig) - servlet name = LoginServlet
14-Sep-2026 23:47:51.890 INFO [http-nio-8080-exec-1] org.apache.catalina.core.ApplicationContext.log LoginServlet: [LIFECYCLE] (3) service() - POST /JavaBean/login | request thu 1 | thread = http-nio-8080-exec-1
14-Sep-2026 23:47:51.891 INFO [http-nio-8080-exec-1] org.apache.catalina.core.ApplicationContext.log LoginServlet: [LIFECYCLE] (3b) doPost() - kiem tra thong tin dang nhap
14-Sep-2026 23:47:54.438 SEVERE [http-nio-8080-exec-1] org.apache.catalina.core.StandardWrapperValve.invoke Servlet.service() for servlet [LoginServlet] in context with path [/JavaBean] threw exception [Servlet execution threw an exception] with root cause
	org.hibernate.DuplicateMappingException: Entity classes [entity.Category] and [model.Category] share the entity name 'Category' (entity names must be distinct)
		at org.hibernate.boot.internal.InFlightMetadataCollectorImpl.addEntityBinding(InFlightMetadataCollectorImpl.java:339)
		at org.hibernate.boot.model.internal.EntityBinder.bindEntityClass(EntityBinder.java:248)
		at org.hibernate.boot.model.internal.AnnotationBinder.bindClass(AnnotationBinder.java:423)
		at org.hibernate.boot.model.source.internal.annotations.AnnotationMetadataSourceProcessorImpl.processEntityHierarchies(AnnotationMetadataSourceProcessorImpl.java:256)
		at org.hibernate.boot.model.process.spi.MetadataBuildingProcess$1.processEntityHierarchies(MetadataBuildingProcess.java:279)
		at org.hibernate.boot.model.process.spi.MetadataBuildingProcess.complete(MetadataBuildingProcess.java:322)
		at org.hibernate.jpa.boot.internal.EntityManagerFactoryBuilderImpl.metadata(EntityManagerFactoryBuilderImpl.java:1432)
		at org.hibernate.jpa.boot.internal.EntityManagerFactoryBuilderImpl.build(EntityManagerFactoryBuilderImpl.java:1503)
		at org.hibernate.jpa.HibernatePersistenceProvider.createEntityManagerFactory(HibernatePersistenceProvider.java:55)
		at jakarta.persistence.Persistence.createEntityManagerFactory(Persistence.java:80)
		at jakarta.persistence.Persistence.createEntityManagerFactory(Persistence.java:55)
		at util.JPAUtil.<clinit>(JPAUtil.java:34)
		at repository.UserRepository.findByUsername(UserRepository.java:22)
		at controller.LoginServlet.doPost(LoginServlet.java:137)
		at jakarta.servlet.http.HttpServlet.service(HttpServlet.java:590)
		at controller.LoginServlet.service(LoginServlet.java:114)
		at jakarta.servlet.http.HttpServlet.service(HttpServlet.java:658)
		at org.apache.catalina.core.ApplicationFilterChain.internalDoFilter(ApplicationFilterChain.java:197)
		at org.apache.catalina.core.ApplicationFilterChain.doFilter(ApplicationFilterChain.java:142)
		at org.apache.tomcat.websocket.server.WsFilter.doFilter(WsFilter.java:57)
		at org.apache.catalina.core.ApplicationFilterChain.internalDoFilter(ApplicationFilterChain.java:166)
		at org.apache.catalina.core.ApplicationFilterChain.doFilter(ApplicationFilterChain.java:142)
		at org.apache.catalina.core.StandardWrapperValve.invoke(StandardWrapperValve.java:165)
		at org.apache.catalina.core.StandardContextValve.invoke(StandardContextValve.java:88)
		at org.apache.catalina.authenticator.AuthenticatorBase.invoke(AuthenticatorBase.java:535)
		at org.apache.catalina.core.StandardHostValve.invoke(StandardHostValve.java:115)
		at org.apache.catalina.valves.ErrorReportValve.invoke(ErrorReportValve.java:86)
		at org.apache.catalina.valves.AbstractAccessLogValve.invoke(AbstractAccessLogValve.java:782)
		at org.apache.catalina.core.StandardEngineValve.invoke(StandardEngineValve.java:71)
		at org.apache.catalina.connector.CoyoteAdapter.service(CoyoteAdapter.java:348)
		at org.apache.coyote.http11.Http11Processor.service(Http11Processor.java:410)
		at org.apache.coyote.AbstractProcessorLight.process(AbstractProcessorLight.java:71)
		at org.apache.coyote.AbstractProtocol$ConnectionHandler.process(AbstractProtocol.java:1307)
		at org.apache.tomcat.util.net.NioEndpoint$SocketProcessor.doRun(NioEndpoint.java:2197)
		at org.apache.tomcat.util.net.SocketProcessorBase.run(SocketProcessorBase.java:74)
		at org.apache.tomcat.util.threads.ThreadPoolExecutor.runWorker(ThreadPoolExecutor.java:976)
		at org.apache.tomcat.util.threads.ThreadPoolExecutor$Worker.run(ThreadPoolExecutor.java:494)
		at org.apache.tomcat.util.threads.TaskThread$WrappingRunnable.run(TaskThread.java:80)
		at java.base/java.lang.Thread.run(Thread.java:1474)
14-Sep-2026 23:48:46.728 INFO [Catalina-utility-1] org.apache.catalina.core.ApplicationContext.log LoginServlet: [LIFECYCLE] (4) destroy() - da phuc vu tong cong 1 request, giai phong UserRepository
14-Sep-2026 23:48:46.729 INFO [Catalina-utility-1] org.apache.catalina.core.ApplicationContext.log [LIFECYCLE] AuthFilter (4) destroy() - giai phong filter
14-Sep-2026 23:48:50.550 INFO [Catalina-utility-1] org.apache.catalina.core.ApplicationContext.log [LIFECYCLE] AuthFilter (2) init() - filter = AuthFilter | loginPath = /login | sessionKey = loggedUser
14-Sep-2026 23:48:52.886 INFO [http-nio-8080-exec-11] org.apache.catalina.core.ApplicationContext.log LoginServlet: [LIFECYCLE] (2b) init() - da tao UserRepository, sessionTimeout = 30 phut, context = /JavaBean
14-Sep-2026 23:48:52.886 INFO [http-nio-8080-exec-11] org.apache.catalina.core.ApplicationContext.log LoginServlet: [LIFECYCLE] (2a) init(ServletConfig) - servlet name = LoginServlet
14-Sep-2026 23:48:52.886 INFO [http-nio-8080-exec-11] org.apache.catalina.core.ApplicationContext.log LoginServlet: [LIFECYCLE] (3) service() - POST /JavaBean/login | request thu 1 | thread = http-nio-8080-exec-11
14-Sep-2026 23:48:52.886 INFO [http-nio-8080-exec-11] org.apache.catalina.core.ApplicationContext.log LoginServlet: [LIFECYCLE] (3b) doPost() - kiem tra thong tin dang nhap
14-Sep-2026 23:48:55.460 SEVERE [http-nio-8080-exec-11] org.apache.catalina.core.StandardWrapperValve.invoke Servlet.service() for servlet [LoginServlet] in context with path [/JavaBean] threw exception [Servlet execution threw an exception] with root cause
	org.hibernate.DuplicateMappingException: Entity classes [entity.Category] and [model.Category] share the entity name 'Category' (entity names must be distinct)
		at org.hibernate.boot.internal.InFlightMetadataCollectorImpl.addEntityBinding(InFlightMetadataCollectorImpl.java:339)
		at org.hibernate.boot.model.internal.EntityBinder.bindEntityClass(EntityBinder.java:248)
		at org.hibernate.boot.model.internal.AnnotationBinder.bindClass(AnnotationBinder.java:423)
		at org.hibernate.boot.model.source.internal.annotations.AnnotationMetadataSourceProcessorImpl.processEntityHierarchies(AnnotationMetadataSourceProcessorImpl.java:256)
		at org.hibernate.boot.model.process.spi.MetadataBuildingProcess$1.processEntityHierarchies(MetadataBuildingProcess.java:279)
		at org.hibernate.boot.model.process.spi.MetadataBuildingProcess.complete(MetadataBuildingProcess.java:322)
		at org.hibernate.jpa.boot.internal.EntityManagerFactoryBuilderImpl.metadata(EntityManagerFactoryBuilderImpl.java:1432)
		at org.hibernate.jpa.boot.internal.EntityManagerFactoryBuilderImpl.build(EntityManagerFactoryBuilderImpl.java:1503)
		at org.hibernate.jpa.HibernatePersistenceProvider.createEntityManagerFactory(HibernatePersistenceProvider.java:55)
		at jakarta.persistence.Persistence.createEntityManagerFactory(Persistence.java:80)
		at jakarta.persistence.Persistence.createEntityManagerFactory(Persistence.java:55)
		at util.JPAUtil.<clinit>(JPAUtil.java:34)
		at repository.UserRepository.findByUsername(UserRepository.java:22)
		at controller.LoginServlet.doPost(LoginServlet.java:137)
		at jakarta.servlet.http.HttpServlet.service(HttpServlet.java:590)
		at controller.LoginServlet.service(LoginServlet.java:114)
		at jakarta.servlet.http.HttpServlet.service(HttpServlet.java:658)
		at org.apache.catalina.core.ApplicationFilterChain.internalDoFilter(ApplicationFilterChain.java:197)
		at org.apache.catalina.core.ApplicationFilterChain.doFilter(ApplicationFilterChain.java:142)
		at org.apache.tomcat.websocket.server.WsFilter.doFilter(WsFilter.java:57)
		at org.apache.catalina.core.ApplicationFilterChain.internalDoFilter(ApplicationFilterChain.java:166)
		at org.apache.catalina.core.ApplicationFilterChain.doFilter(ApplicationFilterChain.java:142)
		at org.apache.catalina.core.StandardWrapperValve.invoke(StandardWrapperValve.java:165)
		at org.apache.catalina.core.StandardContextValve.invoke(StandardContextValve.java:88)
		at org.apache.catalina.authenticator.AuthenticatorBase.invoke(AuthenticatorBase.java:535)
		at org.apache.catalina.core.StandardHostValve.invoke(StandardHostValve.java:115)
		at org.apache.catalina.valves.ErrorReportValve.invoke(ErrorReportValve.java:86)
		at org.apache.catalina.valves.AbstractAccessLogValve.invoke(AbstractAccessLogValve.java:782)
		at org.apache.catalina.core.StandardEngineValve.invoke(StandardEngineValve.java:71)
		at org.apache.catalina.connector.CoyoteAdapter.service(CoyoteAdapter.java:348)
		at org.apache.coyote.http11.Http11Processor.service(Http11Processor.java:410)
		at org.apache.coyote.AbstractProcessorLight.process(AbstractProcessorLight.java:71)
		at org.apache.coyote.AbstractProtocol$ConnectionHandler.process(AbstractProtocol.java:1307)
		at org.apache.tomcat.util.net.NioEndpoint$SocketProcessor.doRun(NioEndpoint.java:2197)
		at org.apache.tomcat.util.net.SocketProcessorBase.run(SocketProcessorBase.java:74)
		at org.apache.tomcat.util.threads.ThreadPoolExecutor.runWorker(ThreadPoolExecutor.java:976)
		at org.apache.tomcat.util.threads.ThreadPoolExecutor$Worker.run(ThreadPoolExecutor.java:494)
		at org.apache.tomcat.util.threads.TaskThread$WrappingRunnable.run(TaskThread.java:80)
		at java.base/java.lang.Thread.run(Thread.java:1474)
14-Sep-2026 23:51:40.990 INFO [Catalina-utility-1] org.apache.catalina.core.ApplicationContext.log LoginServlet: [LIFECYCLE] (4) destroy() - da phuc vu tong cong 1 request, giai phong UserRepository
14-Sep-2026 23:51:40.993 INFO [Catalina-utility-1] org.apache.catalina.core.ApplicationContext.log [LIFECYCLE] AuthFilter (4) destroy() - giai phong filter
14-Sep-2026 23:51:44.751 INFO [Catalina-utility-1] org.apache.catalina.core.ApplicationContext.log [LIFECYCLE] AuthFilter (2) init() - filter = AuthFilter | loginPath = /login | sessionKey = loggedUser
14-Sep-2026 23:51:47.460 INFO [http-nio-8080-exec-3] org.apache.catalina.core.ApplicationContext.log LoginServlet: [LIFECYCLE] (2b) init() - da tao UserRepository, sessionTimeout = 30 phut, context = /JavaBean
14-Sep-2026 23:51:47.460 INFO [http-nio-8080-exec-3] org.apache.catalina.core.ApplicationContext.log LoginServlet: [LIFECYCLE] (2a) init(ServletConfig) - servlet name = LoginServlet
14-Sep-2026 23:51:47.462 INFO [http-nio-8080-exec-3] org.apache.catalina.core.ApplicationContext.log LoginServlet: [LIFECYCLE] (3) service() - POST /JavaBean/login | request thu 1 | thread = http-nio-8080-exec-3
14-Sep-2026 23:51:47.462 INFO [http-nio-8080-exec-3] org.apache.catalina.core.ApplicationContext.log LoginServlet: [LIFECYCLE] (3b) doPost() - kiem tra thong tin dang nhap
14-Sep-2026 23:51:55.157 INFO [http-nio-8080-exec-4] org.apache.catalina.core.ApplicationContext.log [LIFECYCLE] AuthFilter (3) doFilter() TRUOC - GET /JavaBean/products | loggedIn = true
14-Sep-2026 23:51:56.572 SEVERE [http-nio-8080-exec-4] org.apache.catalina.core.ApplicationDispatcher.invoke Servlet.service() for servlet [jsp] threw exception
	java.lang.ClassCastException: class java.lang.Long cannot be cast to class java.lang.Integer (java.lang.Long and java.lang.Integer are in module java.base of loader 'bootstrap')
		at org.apache.jsp.view.product_list_jsp._jspService(product_list_jsp.java:146)
		at org.apache.jasper.runtime.HttpJspBase.service(HttpJspBase.java:65)
		at jakarta.servlet.http.HttpServlet.service(HttpServlet.java:658)
		at org.apache.jasper.servlet.JspServletWrapper.service(JspServletWrapper.java:501)
		at org.apache.jasper.servlet.JspServlet.serviceJspFile(JspServlet.java:359)
		at org.apache.jasper.servlet.JspServlet.service(JspServlet.java:310)
		at jakarta.servlet.http.HttpServlet.service(HttpServlet.java:658)
		at org.apache.catalina.core.ApplicationFilterChain.internalDoFilter(ApplicationFilterChain.java:197)
		at org.apache.catalina.core.ApplicationFilterChain.doFilter(ApplicationFilterChain.java:142)
		at org.apache.tomcat.websocket.server.WsFilter.doFilter(WsFilter.java:57)
		at org.apache.catalina.core.ApplicationFilterChain.internalDoFilter(ApplicationFilterChain.java:166)
		at org.apache.catalina.core.ApplicationFilterChain.doFilter(ApplicationFilterChain.java:142)
		at org.apache.catalina.core.ApplicationDispatcher.invoke(ApplicationDispatcher.java:609)
		at org.apache.catalina.core.ApplicationDispatcher.processRequest(ApplicationDispatcher.java:394)
		at org.apache.catalina.core.ApplicationDispatcher.doForward(ApplicationDispatcher.java:323)
		at org.apache.catalina.core.ApplicationDispatcher.forward(ApplicationDispatcher.java:268)
		at controller.ProductServlet.listProducts(ProductServlet.java:222)
		at controller.ProductServlet.doGet(ProductServlet.java:97)
		at jakarta.servlet.http.HttpServlet.service(HttpServlet.java:564)
		at jakarta.servlet.http.HttpServlet.service(HttpServlet.java:658)
		at org.apache.catalina.core.ApplicationFilterChain.internalDoFilter(ApplicationFilterChain.java:197)
		at org.apache.catalina.core.ApplicationFilterChain.doFilter(ApplicationFilterChain.java:142)
		at org.apache.tomcat.websocket.server.WsFilter.doFilter(WsFilter.java:57)
		at org.apache.catalina.core.ApplicationFilterChain.internalDoFilter(ApplicationFilterChain.java:166)
		at org.apache.catalina.core.ApplicationFilterChain.doFilter(ApplicationFilterChain.java:142)
		at Filter.AuthFilter.doFilter(AuthFilter.java:90)
		at org.apache.catalina.core.ApplicationFilterChain.internalDoFilter(ApplicationFilterChain.java:166)
		at org.apache.catalina.core.ApplicationFilterChain.doFilter(ApplicationFilterChain.java:142)
		at org.apache.catalina.core.StandardWrapperValve.invoke(StandardWrapperValve.java:165)
		at org.apache.catalina.core.StandardContextValve.invoke(StandardContextValve.java:88)
		at org.apache.catalina.authenticator.AuthenticatorBase.invoke(AuthenticatorBase.java:535)
		at org.apache.catalina.core.StandardHostValve.invoke(StandardHostValve.java:115)
		at org.apache.catalina.valves.ErrorReportValve.invoke(ErrorReportValve.java:86)
		at org.apache.catalina.valves.AbstractAccessLogValve.invoke(AbstractAccessLogValve.java:782)
		at org.apache.catalina.core.StandardEngineValve.invoke(StandardEngineValve.java:71)
		at org.apache.catalina.connector.CoyoteAdapter.service(CoyoteAdapter.java:348)
		at org.apache.coyote.http11.Http11Processor.service(Http11Processor.java:410)
		at org.apache.coyote.AbstractProcessorLight.process(AbstractProcessorLight.java:71)
		at org.apache.coyote.AbstractProtocol$ConnectionHandler.process(AbstractProtocol.java:1307)
		at org.apache.tomcat.util.net.NioEndpoint$SocketProcessor.doRun(NioEndpoint.java:2197)
		at org.apache.tomcat.util.net.SocketProcessorBase.run(SocketProcessorBase.java:74)
		at org.apache.tomcat.util.threads.ThreadPoolExecutor.runWorker(ThreadPoolExecutor.java:976)
		at org.apache.tomcat.util.threads.ThreadPoolExecutor$Worker.run(ThreadPoolExecutor.java:494)
		at org.apache.tomcat.util.threads.TaskThread$WrappingRunnable.run(TaskThread.java:80)
		at java.base/java.lang.Thread.run(Thread.java:1474)
14-Sep-2026 23:51:56.806 INFO [http-nio-8080-exec-4] org.apache.catalina.core.ApplicationContext.log [LIFECYCLE] AuthFilter (3) doFilter() SAU - servlet da xu ly xong, status = 200
14-Sep-2026 23:52:10.516 INFO [http-nio-8080-exec-10] org.apache.catalina.core.ApplicationContext.log [LIFECYCLE] AuthFilter (3) doFilter() TRUOC - GET /JavaBean/products | loggedIn = false
14-Sep-2026 23:52:10.516 INFO [http-nio-8080-exec-10] org.apache.catalina.core.ApplicationContext.log [LIFECYCLE] AuthFilter (3) CHAN request -> redirect ve /login
14-Sep-2026 23:52:10.520 INFO [http-nio-8080-exec-5] org.apache.catalina.core.ApplicationContext.log LoginServlet: [LIFECYCLE] (3) service() - GET /JavaBean/login | request thu 2 | thread = http-nio-8080-exec-5
14-Sep-2026 23:52:10.520 INFO [http-nio-8080-exec-5] org.apache.catalina.core.ApplicationContext.log LoginServlet: [LIFECYCLE] (3a) doGet() - hien thi form dang nhap
14-Sep-2026 23:53:13.826 INFO [http-nio-8080-exec-16] org.apache.catalina.core.ApplicationContext.log [LIFECYCLE] AuthFilter (3) doFilter() TRUOC - GET /JavaBean/products | loggedIn = false
14-Sep-2026 23:53:13.826 INFO [http-nio-8080-exec-16] org.apache.catalina.core.ApplicationContext.log [LIFECYCLE] AuthFilter (3) CHAN request -> redirect ve /login
14-Sep-2026 23:53:13.830 INFO [http-nio-8080-exec-17] org.apache.catalina.core.ApplicationContext.log LoginServlet: [LIFECYCLE] (3) service() - GET /JavaBean/login | request thu 3 | thread = http-nio-8080-exec-17
14-Sep-2026 23:53:13.830 INFO [http-nio-8080-exec-17] org.apache.catalina.core.ApplicationContext.log LoginServlet: [LIFECYCLE] (3a) doGet() - hien thi form dang nhap
14-Sep-2026 23:53:35.407 INFO [http-nio-8080-exec-15] org.apache.catalina.core.ApplicationContext.log LoginServlet: [LIFECYCLE] (3) service() - POST /JavaBean/login | request thu 4 | thread = http-nio-8080-exec-15
14-Sep-2026 23:53:35.407 INFO [http-nio-8080-exec-15] org.apache.catalina.core.ApplicationContext.log LoginServlet: [LIFECYCLE] (3b) doPost() - kiem tra thong tin dang nhap
14-Sep-2026 23:53:35.630 INFO [http-nio-8080-exec-14] org.apache.catalina.core.ApplicationContext.log [LIFECYCLE] AuthFilter (3) doFilter() TRUOC - GET /JavaBean/products | loggedIn = true
14-Sep-2026 23:53:35.663 SEVERE [http-nio-8080-exec-14] org.apache.catalina.core.ApplicationDispatcher.invoke Servlet.service() for servlet [jsp] threw exception
	java.lang.ClassCastException: class java.lang.Long cannot be cast to class java.lang.Integer (java.lang.Long and java.lang.Integer are in module java.base of loader 'bootstrap')
		at org.apache.jsp.view.product_list_jsp._jspService(product_list_jsp.java:146)
		at org.apache.jasper.runtime.HttpJspBase.service(HttpJspBase.java:65)
		at jakarta.servlet.http.HttpServlet.service(HttpServlet.java:658)
		at org.apache.jasper.servlet.JspServletWrapper.service(JspServletWrapper.java:501)
		at org.apache.jasper.servlet.JspServlet.serviceJspFile(JspServlet.java:359)
		at org.apache.jasper.servlet.JspServlet.service(JspServlet.java:310)
		at jakarta.servlet.http.HttpServlet.service(HttpServlet.java:658)
		at org.apache.catalina.core.ApplicationFilterChain.internalDoFilter(ApplicationFilterChain.java:197)
		at org.apache.catalina.core.ApplicationFilterChain.doFilter(ApplicationFilterChain.java:142)
		at org.apache.tomcat.websocket.server.WsFilter.doFilter(WsFilter.java:57)
		at org.apache.catalina.core.ApplicationFilterChain.internalDoFilter(ApplicationFilterChain.java:166)
		at org.apache.catalina.core.ApplicationFilterChain.doFilter(ApplicationFilterChain.java:142)
		at org.apache.catalina.core.ApplicationDispatcher.invoke(ApplicationDispatcher.java:609)
		at org.apache.catalina.core.ApplicationDispatcher.processRequest(ApplicationDispatcher.java:394)
		at org.apache.catalina.core.ApplicationDispatcher.doForward(ApplicationDispatcher.java:323)
		at org.apache.catalina.core.ApplicationDispatcher.forward(ApplicationDispatcher.java:268)
		at controller.ProductServlet.listProducts(ProductServlet.java:222)
		at controller.ProductServlet.doGet(ProductServlet.java:97)
		at jakarta.servlet.http.HttpServlet.service(HttpServlet.java:564)
		at jakarta.servlet.http.HttpServlet.service(HttpServlet.java:658)
		at org.apache.catalina.core.ApplicationFilterChain.internalDoFilter(ApplicationFilterChain.java:197)
		at org.apache.catalina.core.ApplicationFilterChain.doFilter(ApplicationFilterChain.java:142)
		at org.apache.tomcat.websocket.server.WsFilter.doFilter(WsFilter.java:57)
		at org.apache.catalina.core.ApplicationFilterChain.internalDoFilter(ApplicationFilterChain.java:166)
		at org.apache.catalina.core.ApplicationFilterChain.doFilter(ApplicationFilterChain.java:142)
		at Filter.AuthFilter.doFilter(AuthFilter.java:90)
		at org.apache.catalina.core.ApplicationFilterChain.internalDoFilter(ApplicationFilterChain.java:166)
		at org.apache.catalina.core.ApplicationFilterChain.doFilter(ApplicationFilterChain.java:142)
		at org.apache.catalina.core.StandardWrapperValve.invoke(StandardWrapperValve.java:165)
		at org.apache.catalina.core.StandardContextValve.invoke(StandardContextValve.java:88)
		at org.apache.catalina.authenticator.AuthenticatorBase.invoke(AuthenticatorBase.java:535)
		at org.apache.catalina.core.StandardHostValve.invoke(StandardHostValve.java:115)
		at org.apache.catalina.valves.ErrorReportValve.invoke(ErrorReportValve.java:86)
		at org.apache.catalina.valves.AbstractAccessLogValve.invoke(AbstractAccessLogValve.java:782)
		at org.apache.catalina.core.StandardEngineValve.invoke(StandardEngineValve.java:71)
		at org.apache.catalina.connector.CoyoteAdapter.service(CoyoteAdapter.java:348)
		at org.apache.coyote.http11.Http11Processor.service(Http11Processor.java:410)
		at org.apache.coyote.AbstractProcessorLight.process(AbstractProcessorLight.java:71)
		at org.apache.coyote.AbstractProtocol$ConnectionHandler.process(AbstractProtocol.java:1307)
		at org.apache.tomcat.util.net.NioEndpoint$SocketProcessor.doRun(NioEndpoint.java:2197)
		at org.apache.tomcat.util.net.SocketProcessorBase.run(SocketProcessorBase.java:74)
		at org.apache.tomcat.util.threads.ThreadPoolExecutor.runWorker(ThreadPoolExecutor.java:976)
		at org.apache.tomcat.util.threads.ThreadPoolExecutor$Worker.run(ThreadPoolExecutor.java:494)
		at org.apache.tomcat.util.threads.TaskThread$WrappingRunnable.run(TaskThread.java:80)
		at java.base/java.lang.Thread.run(Thread.java:1474)
14-Sep-2026 23:53:35.668 INFO [http-nio-8080-exec-14] org.apache.catalina.core.ApplicationContext.log [LIFECYCLE] AuthFilter (3) doFilter() SAU - servlet da xu ly xong, status = 200
14-Sep-2026 23:53:35.756 INFO [http-nio-8080-exec-8] org.apache.catalina.core.ApplicationContext.log [LIFECYCLE] AuthFilter (3) doFilter() TRUOC - GET /JavaBean/products | loggedIn = true
14-Sep-2026 23:53:35.777 SEVERE [http-nio-8080-exec-8] org.apache.catalina.core.ApplicationDispatcher.invoke Servlet.service() for servlet [jsp] threw exception
	java.lang.ClassCastException: class java.lang.Long cannot be cast to class java.lang.Integer (java.lang.Long and java.lang.Integer are in module java.base of loader 'bootstrap')
		at org.apache.jsp.view.product_list_jsp._jspService(product_list_jsp.java:146)
		at org.apache.jasper.runtime.HttpJspBase.service(HttpJspBase.java:65)
		at jakarta.servlet.http.HttpServlet.service(HttpServlet.java:658)
		at org.apache.jasper.servlet.JspServletWrapper.service(JspServletWrapper.java:501)
		at org.apache.jasper.servlet.JspServlet.serviceJspFile(JspServlet.java:359)
		at org.apache.jasper.servlet.JspServlet.service(JspServlet.java:310)
		at jakarta.servlet.http.HttpServlet.service(HttpServlet.java:658)
		at org.apache.catalina.core.ApplicationFilterChain.internalDoFilter(ApplicationFilterChain.java:197)
		at org.apache.catalina.core.ApplicationFilterChain.doFilter(ApplicationFilterChain.java:142)
		at org.apache.tomcat.websocket.server.WsFilter.doFilter(WsFilter.java:57)
		at org.apache.catalina.core.ApplicationFilterChain.internalDoFilter(ApplicationFilterChain.java:166)
		at org.apache.catalina.core.ApplicationFilterChain.doFilter(ApplicationFilterChain.java:142)
		at org.apache.catalina.core.ApplicationDispatcher.invoke(ApplicationDispatcher.java:609)
		at org.apache.catalina.core.ApplicationDispatcher.processRequest(ApplicationDispatcher.java:394)
		at org.apache.catalina.core.ApplicationDispatcher.doForward(ApplicationDispatcher.java:323)
		at org.apache.catalina.core.ApplicationDispatcher.forward(ApplicationDispatcher.java:268)
		at controller.ProductServlet.listProducts(ProductServlet.java:222)
		at controller.ProductServlet.doGet(ProductServlet.java:97)
		at jakarta.servlet.http.HttpServlet.service(HttpServlet.java:564)
		at jakarta.servlet.http.HttpServlet.service(HttpServlet.java:658)
		at org.apache.catalina.core.ApplicationFilterChain.internalDoFilter(ApplicationFilterChain.java:197)
		at org.apache.catalina.core.ApplicationFilterChain.doFilter(ApplicationFilterChain.java:142)
		at org.apache.tomcat.websocket.server.WsFilter.doFilter(WsFilter.java:57)
		at org.apache.catalina.core.ApplicationFilterChain.internalDoFilter(ApplicationFilterChain.java:166)
		at org.apache.catalina.core.ApplicationFilterChain.doFilter(ApplicationFilterChain.java:142)
		at Filter.AuthFilter.doFilter(AuthFilter.java:90)
		at org.apache.catalina.core.ApplicationFilterChain.internalDoFilter(ApplicationFilterChain.java:166)
		at org.apache.catalina.core.ApplicationFilterChain.doFilter(ApplicationFilterChain.java:142)
		at org.apache.catalina.core.StandardWrapperValve.invoke(StandardWrapperValve.java:165)
		at org.apache.catalina.core.StandardContextValve.invoke(StandardContextValve.java:88)
		at org.apache.catalina.authenticator.AuthenticatorBase.invoke(AuthenticatorBase.java:535)
		at org.apache.catalina.core.StandardHostValve.invoke(StandardHostValve.java:115)
		at org.apache.catalina.valves.ErrorReportValve.invoke(ErrorReportValve.java:86)
		at org.apache.catalina.valves.AbstractAccessLogValve.invoke(AbstractAccessLogValve.java:782)
		at org.apache.catalina.core.StandardEngineValve.invoke(StandardEngineValve.java:71)
		at org.apache.catalina.connector.CoyoteAdapter.service(CoyoteAdapter.java:348)
		at org.apache.coyote.http11.Http11Processor.service(Http11Processor.java:410)
		at org.apache.coyote.AbstractProcessorLight.process(AbstractProcessorLight.java:71)
		at org.apache.coyote.AbstractProtocol$ConnectionHandler.process(AbstractProtocol.java:1307)
		at org.apache.tomcat.util.net.NioEndpoint$SocketProcessor.doRun(NioEndpoint.java:2197)
		at org.apache.tomcat.util.net.SocketProcessorBase.run(SocketProcessorBase.java:74)
		at org.apache.tomcat.util.threads.ThreadPoolExecutor.runWorker(ThreadPoolExecutor.java:976)
		at org.apache.tomcat.util.threads.ThreadPoolExecutor$Worker.run(ThreadPoolExecutor.java:494)
		at org.apache.tomcat.util.threads.TaskThread$WrappingRunnable.run(TaskThread.java:80)
		at java.base/java.lang.Thread.run(Thread.java:1474)
14-Sep-2026 23:53:35.778 INFO [http-nio-8080-exec-8] org.apache.catalina.core.ApplicationContext.log [LIFECYCLE] AuthFilter (3) doFilter() SAU - servlet da xu ly xong, status = 200
14-Sep-2026 23:54:24.937 INFO [Catalina-utility-1] org.apache.catalina.core.ApplicationContext.log LoginServlet: [LIFECYCLE] (4) destroy() - da phuc vu tong cong 4 request, giai phong UserRepository
14-Sep-2026 23:54:24.937 INFO [Catalina-utility-1] org.apache.catalina.core.ApplicationContext.log [LIFECYCLE] AuthFilter (4) destroy() - giai phong filter
14-Sep-2026 23:54:28.043 INFO [Catalina-utility-1] org.apache.catalina.core.ApplicationContext.log [LIFECYCLE] AuthFilter (2) init() - filter = AuthFilter | loginPath = /login | sessionKey = loggedUser
14-Sep-2026 23:56:46.873 INFO [http-nio-8080-exec-24] org.apache.catalina.core.ApplicationContext.log LoginServlet: [LIFECYCLE] (2b) init() - da tao UserRepository, sessionTimeout = 30 phut, context = /JavaBean
14-Sep-2026 23:56:46.873 INFO [http-nio-8080-exec-24] org.apache.catalina.core.ApplicationContext.log LoginServlet: [LIFECYCLE] (2a) init(ServletConfig) - servlet name = LoginServlet
14-Sep-2026 23:56:46.874 INFO [http-nio-8080-exec-24] org.apache.catalina.core.ApplicationContext.log LoginServlet: [LIFECYCLE] (3) service() - POST /JavaBean/login | request thu 1 | thread = http-nio-8080-exec-24
14-Sep-2026 23:56:46.874 INFO [http-nio-8080-exec-24] org.apache.catalina.core.ApplicationContext.log LoginServlet: [LIFECYCLE] (3b) doPost() - kiem tra thong tin dang nhap
14-Sep-2026 23:56:54.398 INFO [http-nio-8080-exec-21] org.apache.catalina.core.ApplicationContext.log [LIFECYCLE] AuthFilter (3) doFilter() TRUOC - GET /JavaBean/products | loggedIn = true
14-Sep-2026 23:56:55.014 SEVERE [http-nio-8080-exec-21] org.apache.catalina.core.ApplicationDispatcher.invoke Servlet.service() for servlet [jsp] threw exception
	org.hibernate.LazyInitializationException: could not initialize proxy [entity.Category#1] - no Session
		at org.hibernate.proxy.AbstractLazyInitializer.initialize(AbstractLazyInitializer.java:165)
		at org.hibernate.proxy.AbstractLazyInitializer.getImplementation(AbstractLazyInitializer.java:314)
		at org.hibernate.proxy.pojo.bytebuddy.ByteBuddyInterceptor.intercept(ByteBuddyInterceptor.java:44)
		at org.hibernate.proxy.ProxyConfiguration$InterceptorDispatcher.intercept(ProxyConfiguration.java:102)
		at entity.Category$HibernateProxy$ebSvE7Rl.getName(Unknown Source)
		at entity.Product.getCategoryName(Product.java:94)
		at org.apache.jsp.view.product_list_jsp._jspService(product_list_jsp.java:201)
		at org.apache.jasper.runtime.HttpJspBase.service(HttpJspBase.java:65)
		at jakarta.servlet.http.HttpServlet.service(HttpServlet.java:658)
		at org.apache.jasper.servlet.JspServletWrapper.service(JspServletWrapper.java:501)
		at org.apache.jasper.servlet.JspServlet.serviceJspFile(JspServlet.java:359)
		at org.apache.jasper.servlet.JspServlet.service(JspServlet.java:310)
		at jakarta.servlet.http.HttpServlet.service(HttpServlet.java:658)
		at org.apache.catalina.core.ApplicationFilterChain.internalDoFilter(ApplicationFilterChain.java:197)
		at org.apache.catalina.core.ApplicationFilterChain.doFilter(ApplicationFilterChain.java:142)
		at org.apache.tomcat.websocket.server.WsFilter.doFilter(WsFilter.java:57)
		at org.apache.catalina.core.ApplicationFilterChain.internalDoFilter(ApplicationFilterChain.java:166)
		at org.apache.catalina.core.ApplicationFilterChain.doFilter(ApplicationFilterChain.java:142)
		at org.apache.catalina.core.ApplicationDispatcher.invoke(ApplicationDispatcher.java:609)
		at org.apache.catalina.core.ApplicationDispatcher.processRequest(ApplicationDispatcher.java:394)
		at org.apache.catalina.core.ApplicationDispatcher.doForward(ApplicationDispatcher.java:323)
		at org.apache.catalina.core.ApplicationDispatcher.forward(ApplicationDispatcher.java:268)
		at controller.ProductServlet.listProducts(ProductServlet.java:222)
		at controller.ProductServlet.doGet(ProductServlet.java:97)
		at jakarta.servlet.http.HttpServlet.service(HttpServlet.java:564)
		at jakarta.servlet.http.HttpServlet.service(HttpServlet.java:658)
		at org.apache.catalina.core.ApplicationFilterChain.internalDoFilter(ApplicationFilterChain.java:197)
		at org.apache.catalina.core.ApplicationFilterChain.doFilter(ApplicationFilterChain.java:142)
		at org.apache.tomcat.websocket.server.WsFilter.doFilter(WsFilter.java:57)
		at org.apache.catalina.core.ApplicationFilterChain.internalDoFilter(ApplicationFilterChain.java:166)
		at org.apache.catalina.core.ApplicationFilterChain.doFilter(ApplicationFilterChain.java:142)
		at Filter.AuthFilter.doFilter(AuthFilter.java:90)
		at org.apache.catalina.core.ApplicationFilterChain.internalDoFilter(ApplicationFilterChain.java:166)
		at org.apache.catalina.core.ApplicationFilterChain.doFilter(ApplicationFilterChain.java:142)
		at org.apache.catalina.core.StandardWrapperValve.invoke(StandardWrapperValve.java:165)
		at org.apache.catalina.core.StandardContextValve.invoke(StandardContextValve.java:88)
		at org.apache.catalina.authenticator.AuthenticatorBase.invoke(AuthenticatorBase.java:535)
		at org.apache.catalina.core.StandardHostValve.invoke(StandardHostValve.java:115)
		at org.apache.catalina.valves.ErrorReportValve.invoke(ErrorReportValve.java:86)
		at org.apache.catalina.valves.AbstractAccessLogValve.invoke(AbstractAccessLogValve.java:782)
		at org.apache.catalina.core.StandardEngineValve.invoke(StandardEngineValve.java:71)
		at org.apache.catalina.connector.CoyoteAdapter.service(CoyoteAdapter.java:348)
		at org.apache.coyote.http11.Http11Processor.service(Http11Processor.java:410)
		at org.apache.coyote.AbstractProcessorLight.process(AbstractProcessorLight.java:71)
		at org.apache.coyote.AbstractProtocol$ConnectionHandler.process(AbstractProtocol.java:1307)
		at org.apache.tomcat.util.net.NioEndpoint$SocketProcessor.doRun(NioEndpoint.java:2197)
		at org.apache.tomcat.util.net.SocketProcessorBase.run(SocketProcessorBase.java:74)
		at org.apache.tomcat.util.threads.ThreadPoolExecutor.runWorker(ThreadPoolExecutor.java:976)
		at org.apache.tomcat.util.threads.ThreadPoolExecutor$Worker.run(ThreadPoolExecutor.java:494)
		at org.apache.tomcat.util.threads.TaskThread$WrappingRunnable.run(TaskThread.java:80)
		at java.base/java.lang.Thread.run(Thread.java:1474)
14-Sep-2026 23:56:55.164 INFO [http-nio-8080-exec-21] org.apache.catalina.core.ApplicationContext.log [LIFECYCLE] AuthFilter (3) doFilter() SAU - servlet da xu ly xong, status = 200
14-Sep-2026 23:56:55.421 INFO [http-nio-8080-exec-20] org.apache.catalina.core.ApplicationContext.log [LIFECYCLE] AuthFilter (3) doFilter() TRUOC - GET /JavaBean/products | loggedIn = true
14-Sep-2026 23:56:55.450 SEVERE [http-nio-8080-exec-20] org.apache.catalina.core.ApplicationDispatcher.invoke Servlet.service() for servlet [jsp] threw exception
	org.hibernate.LazyInitializationException: could not initialize proxy [entity.Category#1] - no Session
		at org.hibernate.proxy.AbstractLazyInitializer.initialize(AbstractLazyInitializer.java:165)
		at org.hibernate.proxy.AbstractLazyInitializer.getImplementation(AbstractLazyInitializer.java:314)
		at org.hibernate.proxy.pojo.bytebuddy.ByteBuddyInterceptor.intercept(ByteBuddyInterceptor.java:44)
		at org.hibernate.proxy.ProxyConfiguration$InterceptorDispatcher.intercept(ProxyConfiguration.java:102)
		at entity.Category$HibernateProxy$ebSvE7Rl.getName(Unknown Source)
		at entity.Product.getCategoryName(Product.java:94)
		at org.apache.jsp.view.product_list_jsp._jspService(product_list_jsp.java:201)
		at org.apache.jasper.runtime.HttpJspBase.service(HttpJspBase.java:65)
		at jakarta.servlet.http.HttpServlet.service(HttpServlet.java:658)
		at org.apache.jasper.servlet.JspServletWrapper.service(JspServletWrapper.java:501)
		at org.apache.jasper.servlet.JspServlet.serviceJspFile(JspServlet.java:359)
		at org.apache.jasper.servlet.JspServlet.service(JspServlet.java:310)
		at jakarta.servlet.http.HttpServlet.service(HttpServlet.java:658)
		at org.apache.catalina.core.ApplicationFilterChain.internalDoFilter(ApplicationFilterChain.java:197)
		at org.apache.catalina.core.ApplicationFilterChain.doFilter(ApplicationFilterChain.java:142)
		at org.apache.tomcat.websocket.server.WsFilter.doFilter(WsFilter.java:57)
		at org.apache.catalina.core.ApplicationFilterChain.internalDoFilter(ApplicationFilterChain.java:166)
		at org.apache.catalina.core.ApplicationFilterChain.doFilter(ApplicationFilterChain.java:142)
		at org.apache.catalina.core.ApplicationDispatcher.invoke(ApplicationDispatcher.java:609)
		at org.apache.catalina.core.ApplicationDispatcher.processRequest(ApplicationDispatcher.java:394)
		at org.apache.catalina.core.ApplicationDispatcher.doForward(ApplicationDispatcher.java:323)
		at org.apache.catalina.core.ApplicationDispatcher.forward(ApplicationDispatcher.java:268)
		at controller.ProductServlet.listProducts(ProductServlet.java:222)
		at controller.ProductServlet.doGet(ProductServlet.java:97)
		at jakarta.servlet.http.HttpServlet.service(HttpServlet.java:564)
		at jakarta.servlet.http.HttpServlet.service(HttpServlet.java:658)
		at org.apache.catalina.core.ApplicationFilterChain.internalDoFilter(ApplicationFilterChain.java:197)
		at org.apache.catalina.core.ApplicationFilterChain.doFilter(ApplicationFilterChain.java:142)
		at org.apache.tomcat.websocket.server.WsFilter.doFilter(WsFilter.java:57)
		at org.apache.catalina.core.ApplicationFilterChain.internalDoFilter(ApplicationFilterChain.java:166)
		at org.apache.catalina.core.ApplicationFilterChain.doFilter(ApplicationFilterChain.java:142)
		at Filter.AuthFilter.doFilter(AuthFilter.java:90)
		at org.apache.catalina.core.ApplicationFilterChain.internalDoFilter(ApplicationFilterChain.java:166)
		at org.apache.catalina.core.ApplicationFilterChain.doFilter(ApplicationFilterChain.java:142)
		at org.apache.catalina.core.StandardWrapperValve.invoke(StandardWrapperValve.java:165)
		at org.apache.catalina.core.StandardContextValve.invoke(StandardContextValve.java:88)
		at org.apache.catalina.authenticator.AuthenticatorBase.invoke(AuthenticatorBase.java:535)
		at org.apache.catalina.core.StandardHostValve.invoke(StandardHostValve.java:115)
		at org.apache.catalina.valves.ErrorReportValve.invoke(ErrorReportValve.java:86)
		at org.apache.catalina.valves.AbstractAccessLogValve.invoke(AbstractAccessLogValve.java:782)
		at org.apache.catalina.core.StandardEngineValve.invoke(StandardEngineValve.java:71)
		at org.apache.catalina.connector.CoyoteAdapter.service(CoyoteAdapter.java:348)
		at org.apache.coyote.http11.Http11Processor.service(Http11Processor.java:410)
		at org.apache.coyote.AbstractProcessorLight.process(AbstractProcessorLight.java:71)
		at org.apache.coyote.AbstractProtocol$ConnectionHandler.process(AbstractProtocol.java:1307)
		at org.apache.tomcat.util.net.NioEndpoint$SocketProcessor.doRun(NioEndpoint.java:2197)
		at org.apache.tomcat.util.net.SocketProcessorBase.run(SocketProcessorBase.java:74)
		at org.apache.tomcat.util.threads.ThreadPoolExecutor.runWorker(ThreadPoolExecutor.java:976)
		at org.apache.tomcat.util.threads.ThreadPoolExecutor$Worker.run(ThreadPoolExecutor.java:494)
		at org.apache.tomcat.util.threads.TaskThread$WrappingRunnable.run(TaskThread.java:80)
		at java.base/java.lang.Thread.run(Thread.java:1474)
14-Sep-2026 23:56:55.451 INFO [http-nio-8080-exec-20] org.apache.catalina.core.ApplicationContext.log [LIFECYCLE] AuthFilter (3) doFilter() SAU - servlet da xu ly xong, status = 200
14-Sep-2026 23:58:18.394 INFO [Catalina-utility-1] org.apache.catalina.core.ApplicationContext.log LoginServlet: [LIFECYCLE] (4) destroy() - da phuc vu tong cong 1 request, giai phong UserRepository
14-Sep-2026 23:58:18.395 INFO [Catalina-utility-1] org.apache.catalina.core.ApplicationContext.log [LIFECYCLE] AuthFilter (4) destroy() - giai phong filter
14-Sep-2026 23:58:21.206 INFO [Catalina-utility-1] org.apache.catalina.core.ApplicationContext.log [LIFECYCLE] AuthFilter (2) init() - filter = AuthFilter | loginPath = /login | sessionKey = loggedUser
14-Sep-2026 23:58:30.136 INFO [http-nio-8080-exec-8] org.apache.catalina.core.ApplicationContext.log LoginServlet: [LIFECYCLE] (2b) init() - da tao UserRepository, sessionTimeout = 30 phut, context = /JavaBean
14-Sep-2026 23:58:30.136 INFO [http-nio-8080-exec-8] org.apache.catalina.core.ApplicationContext.log LoginServlet: [LIFECYCLE] (2a) init(ServletConfig) - servlet name = LoginServlet
14-Sep-2026 23:58:30.136 INFO [http-nio-8080-exec-8] org.apache.catalina.core.ApplicationContext.log LoginServlet: [LIFECYCLE] (3) service() - POST /JavaBean/login | request thu 1 | thread = http-nio-8080-exec-8
14-Sep-2026 23:58:30.136 INFO [http-nio-8080-exec-8] org.apache.catalina.core.ApplicationContext.log LoginServlet: [LIFECYCLE] (3b) doPost() - kiem tra thong tin dang nhap
14-Sep-2026 23:58:36.449 INFO [http-nio-8080-exec-22] org.apache.catalina.core.ApplicationContext.log [LIFECYCLE] AuthFilter (3) doFilter() TRUOC - GET /JavaBean/products | loggedIn = true
14-Sep-2026 23:58:36.915 INFO [http-nio-8080-exec-22] org.apache.catalina.core.ApplicationContext.log [LIFECYCLE] AuthFilter (3) doFilter() SAU - servlet da xu ly xong, status = 200
14-Sep-2026 23:58:37.169 INFO [http-nio-8080-exec-24] org.apache.catalina.core.ApplicationContext.log [LIFECYCLE] AuthFilter (3) doFilter() TRUOC - GET /JavaBean/products | loggedIn = true
14-Sep-2026 23:58:37.202 INFO [http-nio-8080-exec-24] org.apache.catalina.core.ApplicationContext.log [LIFECYCLE] AuthFilter (3) doFilter() SAU - servlet da xu ly xong, status = 200
