14-Sep-2026 20:32:38.250 INFO [main] org.apache.catalina.startup.VersionLoggerListener.log Server version name:   Apache Tomcat/9.0.121
14-Sep-2026 20:32:38.257 INFO [main] org.apache.catalina.startup.VersionLoggerListener.log Server built:          Aug 12 2026 19:38:16 UTC
14-Sep-2026 20:32:38.258 INFO [main] org.apache.catalina.startup.VersionLoggerListener.log Server version number: 9.0.121.0
14-Sep-2026 20:32:38.259 INFO [main] org.apache.catalina.startup.VersionLoggerListener.log OS Name:               Windows 11
14-Sep-2026 20:32:38.259 INFO [main] org.apache.catalina.startup.VersionLoggerListener.log OS Version:            10.0
14-Sep-2026 20:32:38.260 INFO [main] org.apache.catalina.startup.VersionLoggerListener.log Architecture:          amd64
14-Sep-2026 20:32:38.262 INFO [main] org.apache.catalina.startup.VersionLoggerListener.log Java Home:             C:\Program Files\Eclipse Adoptium\jdk-25.0.0.36-hotspot
14-Sep-2026 20:32:38.263 INFO [main] org.apache.catalina.startup.VersionLoggerListener.log JVM Version:           25+36-LTS
14-Sep-2026 20:32:38.263 INFO [main] org.apache.catalina.startup.VersionLoggerListener.log JVM Vendor:            Eclipse Adoptium
14-Sep-2026 20:32:38.264 INFO [main] org.apache.catalina.startup.VersionLoggerListener.log CATALINA_BASE:         D:\JavaBean\tools\apache-tomcat-9.0.121
14-Sep-2026 20:32:38.264 INFO [main] org.apache.catalina.startup.VersionLoggerListener.log CATALINA_HOME:         D:\JavaBean\tools\apache-tomcat-9.0.121
14-Sep-2026 20:32:38.302 INFO [main] org.apache.catalina.startup.VersionLoggerListener.log Command line argument: --add-opens=java.base/java.lang=ALL-UNNAMED
14-Sep-2026 20:32:38.304 INFO [main] org.apache.catalina.startup.VersionLoggerListener.log Command line argument: --add-opens=java.base/java.lang.invoke=ALL-UNNAMED
14-Sep-2026 20:32:38.305 INFO [main] org.apache.catalina.startup.VersionLoggerListener.log Command line argument: --add-opens=java.base/java.lang.reflect=ALL-UNNAMED
14-Sep-2026 20:32:38.306 INFO [main] org.apache.catalina.startup.VersionLoggerListener.log Command line argument: --add-opens=java.base/java.io=ALL-UNNAMED
14-Sep-2026 20:32:38.309 INFO [main] org.apache.catalina.startup.VersionLoggerListener.log Command line argument: --add-opens=java.base/java.util=ALL-UNNAMED
14-Sep-2026 20:32:38.310 INFO [main] org.apache.catalina.startup.VersionLoggerListener.log Command line argument: --add-opens=java.base/java.util.concurrent=ALL-UNNAMED
14-Sep-2026 20:32:38.312 INFO [main] org.apache.catalina.startup.VersionLoggerListener.log Command line argument: --add-opens=java.rmi/sun.rmi.transport=ALL-UNNAMED
14-Sep-2026 20:32:38.314 INFO [main] org.apache.catalina.startup.VersionLoggerListener.log Command line argument: -Djava.util.logging.config.file=D:\JavaBean\tools\apache-tomcat-9.0.121\conf\logging.properties
14-Sep-2026 20:32:38.315 INFO [main] org.apache.catalina.startup.VersionLoggerListener.log Command line argument: -Djava.util.logging.manager=org.apache.juli.ClassLoaderLogManager
14-Sep-2026 20:32:38.317 INFO [main] org.apache.catalina.startup.VersionLoggerListener.log Command line argument: -Djdk.tls.ephemeralDHKeySize=2048
14-Sep-2026 20:32:38.319 INFO [main] org.apache.catalina.startup.VersionLoggerListener.log Command line argument: -Djava.protocol.handler.pkgs=org.apache.catalina.webresources
14-Sep-2026 20:32:38.320 INFO [main] org.apache.catalina.startup.VersionLoggerListener.log Command line argument: -Dsun.io.useCanonCaches=false
14-Sep-2026 20:32:38.321 INFO [main] org.apache.catalina.startup.VersionLoggerListener.log Command line argument: -Dignore.endorsed.dirs=
14-Sep-2026 20:32:38.322 INFO [main] org.apache.catalina.startup.VersionLoggerListener.log Command line argument: -Dcatalina.base=D:\JavaBean\tools\apache-tomcat-9.0.121
14-Sep-2026 20:32:38.323 INFO [main] org.apache.catalina.startup.VersionLoggerListener.log Command line argument: -Dcatalina.home=D:\JavaBean\tools\apache-tomcat-9.0.121
14-Sep-2026 20:32:38.324 INFO [main] org.apache.catalina.startup.VersionLoggerListener.log Command line argument: -Djava.io.tmpdir=D:\JavaBean\tools\apache-tomcat-9.0.121\temp
14-Sep-2026 20:32:38.399 INFO [main] org.apache.catalina.core.AprLifecycleListener.lifecycleEvent The Apache Tomcat Native library which allows using OpenSSL was not found on the java.library.path: [C:\Program Files\Eclipse Adoptium\jdk-25.0.0.36-hotspot\bin;C:\WINDOWS\Sun\Java\bin;C:\WINDOWS\system32;C:\WINDOWS;C:\Program Files\Eclipse Adoptium\jdk-25.0.0.36-hotspot\bin;C:\WINDOWS\system32;C:\WINDOWS;C:\WINDOWS\System32\Wbem;C:\WINDOWS\System32\WindowsPowerShell\v1.0\;C:\WINDOWS\System32\OpenSSH\;C:\Program Files\Microsoft SQL Server\150\Tools\Binn\;C:\Program Files\Microsoft SQL Server\Client SDK\ODBC\170\Tools\Binn\;C:\Program Files (x86)\Microsoft SQL Server\150\Tools\Binn\;C:\Program Files\Microsoft SQL Server\150\DTS\Binn\;C:\Program Files\Azure Data Studio\bin;C:\Program Files\Microsoft SQL Server\120\Tools\Binn\;C:\Program Files\Microsoft SQL Server\Client SDK\ODBC\110\Tools\Binn\;C:\Program Files (x86)\Microsoft SQL Server\120\Tools\Binn\;C:\Program Files\Microsoft SQL Server\120\DTS\Binn\;C:\Program Files (x86)\Microsoft SQL Server\120\Tools\Binn\ManagementStudio\;C:\Program Files (x86)\Microsoft SQL Server\120\DTS\Binn\;C:\Program Files (x86)\Microsoft SQL Server\160\Tools\Binn\;C:\Program Files\Microsoft SQL Server\160\Tools\Binn\;C:\Program Files\Microsoft SQL Server\160\DTS\Binn\;c:\Users\azhai\AppData\Local\Programs\cursor\resources\app\bin;C:\WINDOWS\system32;C:\WINDOWS;C:\WINDOWS\System32\Wbem;C:\WINDOWS\System32\WindowsPowerShell\v1.0\;C:\WINDOWS\System32\OpenSSH\;C:\wamp64\bin\php\php5.6.40C:\Program Files\Microsoft SQL Server\170\Tools\Binn\;C:\Program Files\dotnet\;C:\Program Files\Git\cmd;C:\xampp\php;C:\composer;C:\Program Files\nodejs\;C:\Program Files\Erlang OTP\bin;C:\Program Files\RabbitMQ Server\rabbitmq_server-4.3.2\sbin;C:\Program Files (x86)\Microsoft SQL Server\170\Tools\Binn\;C:\Program Files\Microsoft SQL Server\170\Tools\Binn\;C:\Program Files\Microsoft SQL Server\Client SDK\ODBC\180\Tools\Binn\;C:\Program Files\Microsoft SQL Server\170\DTS\Binn\;C:\Users\azhai\AppData\Local\Volta\bin;C:\Users\azhai\AppData\Local\Yarn\config\global\node_modules\.bin;C:\Users\azhai\AppData\Roaming\Composer\vendor\bin;D:\laragon\bin;D:\laragon\bin\apache\httpd-2.4.54-win64-VS16\bin;D:\laragon\bin\composer;D:\laragon\bin\git\bin;D:\laragon\bin\git\cmd;D:\laragon\bin\git\mingw64\bin;D:\laragon\bin\git\usr\bin;D:\laragon\bin\laragon\utils;D:\laragon\bin\mysql\mysql-8.0.30-winx64\bin;D:\laragon\bin\nginx\nginx-1.22.0;D:\laragon\bin\ngrok;D:\laragon\bin\nodejs\node-v18;D:\laragon\bin\notepad++;D:\laragon\bin\php\php-8.3.31-nts-Win32-vs16-x64;D:\laragon\bin\python\python-3.10;D:\laragon\bin\python\python-3.10\Scripts;D:\laragon\bin\redis\redis-x64-5.0.14.1;D:\laragon\bin\telnet;D:\laragon\usr\bin;C:\Users\azhai\AppData\Local\Microsoft\WindowsApps;C:\Program Files\Azure Data Studio\bin;D:\Visual studio\Microsoft VS Code\bin;C:\Users\azhai\AppData\Local\GitHubDesktop\bin;C:\Program Files\dotnet;C:\Users\azhai\.dotnet\tools\;C:\Users\azhai\.dotnet\tools;C:\Users\azhai\AppData\Roa;C:\Users\azhai\AppData\Roaming\npm;D:\JavaBean\tools\apache-maven-3.9.16\bin;D:\IntelliJ IDEA 2026.2.2\bin;.]
14-Sep-2026 20:32:39.327 INFO [main] org.apache.coyote.AbstractProtocol.init Initializing ProtocolHandler ["http-nio-8080"]
14-Sep-2026 20:32:39.402 INFO [main] org.apache.catalina.startup.Catalina.load Server initialization in [1700] milliseconds
14-Sep-2026 20:32:39.554 INFO [main] org.apache.catalina.core.StandardService.startInternal Starting service [Catalina]
14-Sep-2026 20:32:39.557 INFO [main] org.apache.catalina.core.StandardEngine.startInternal Starting Servlet engine: [Apache Tomcat/9.0.121]
14-Sep-2026 20:32:39.651 INFO [main] org.apache.catalina.startup.HostConfig.deployWAR Deploying web application archive [D:\JavaBean\tools\apache-tomcat-9.0.121\webapps\JavaBean.war]
14-Sep-2026 20:32:44.124 WARNING [main] org.apache.tomcat.util.descriptor.web.WebXml.setVersion Unknown version string [6.0]. Default version will be used.
14-Sep-2026 20:32:51.330 INFO [main] org.apache.jasper.servlet.TldScanner.scanJars At least one JAR was scanned for TLDs yet contained no TLDs. Enable debug logging for this logger for a complete list of JARs that were scanned but no TLDs were found in them. Skipping unneeded JARs during scanning can improve startup time and JSP compilation time.
14-Sep-2026 20:32:51.892 WARNING [main] org.apache.catalina.util.SessionIdGeneratorBase.createSecureRandom Creation of SecureRandom instance for session ID generation using [SHA1PRNG] took [197] milliseconds.
14-Sep-2026 20:32:52.398 INFO [main] org.apache.catalina.startup.HostConfig.deployWAR Deployment of web application archive [D:\JavaBean\tools\apache-tomcat-9.0.121\webapps\JavaBean.war] has finished in [12,746] ms
14-Sep-2026 20:32:52.412 INFO [main] org.apache.catalina.startup.HostConfig.deployDirectory Deploying web application directory [D:\JavaBean\tools\apache-tomcat-9.0.121\webapps\docs]
14-Sep-2026 20:32:52.770 INFO [main] org.apache.catalina.startup.HostConfig.deployDirectory Deployment of web application directory [D:\JavaBean\tools\apache-tomcat-9.0.121\webapps\docs] has finished in [358] ms
14-Sep-2026 20:32:52.773 INFO [main] org.apache.catalina.startup.HostConfig.deployDirectory Deploying web application directory [D:\JavaBean\tools\apache-tomcat-9.0.121\webapps\examples]
14-Sep-2026 20:32:55.306 INFO [main] org.apache.catalina.startup.HostConfig.deployDirectory Deployment of web application directory [D:\JavaBean\tools\apache-tomcat-9.0.121\webapps\examples] has finished in [2,533] ms
14-Sep-2026 20:32:55.308 INFO [main] org.apache.catalina.startup.HostConfig.deployDirectory Deploying web application directory [D:\JavaBean\tools\apache-tomcat-9.0.121\webapps\host-manager]
14-Sep-2026 20:32:55.465 INFO [main] org.apache.catalina.startup.HostConfig.deployDirectory Deployment of web application directory [D:\JavaBean\tools\apache-tomcat-9.0.121\webapps\host-manager] has finished in [157] ms
14-Sep-2026 20:32:55.467 INFO [main] org.apache.catalina.startup.HostConfig.deployDirectory Deploying web application directory [D:\JavaBean\tools\apache-tomcat-9.0.121\webapps\manager]
14-Sep-2026 20:32:55.598 INFO [main] org.apache.catalina.startup.HostConfig.deployDirectory Deployment of web application directory [D:\JavaBean\tools\apache-tomcat-9.0.121\webapps\manager] has finished in [132] ms
14-Sep-2026 20:32:55.603 INFO [main] org.apache.catalina.startup.HostConfig.deployDirectory Deploying web application directory [D:\JavaBean\tools\apache-tomcat-9.0.121\webapps\ROOT]
14-Sep-2026 20:32:55.708 INFO [main] org.apache.catalina.startup.HostConfig.deployDirectory Deployment of web application directory [D:\JavaBean\tools\apache-tomcat-9.0.121\webapps\ROOT] has finished in [105] ms
14-Sep-2026 20:32:55.724 INFO [main] org.apache.coyote.AbstractProtocol.start Starting ProtocolHandler ["http-nio-8080"]
14-Sep-2026 20:32:55.953 INFO [main] org.apache.catalina.startup.Catalina.start Server startup in [16542] milliseconds
14-Sep-2026 20:34:14.852 WARNING [main] org.apache.catalina.core.StandardServer.await Invalid shutdown command [] received
14-Sep-2026 23:29:44.701 INFO [main] org.apache.catalina.startup.VersionLoggerListener.log Server version name:   Apache Tomcat/9.0.121
14-Sep-2026 23:29:44.717 INFO [main] org.apache.catalina.startup.VersionLoggerListener.log Server built:          Aug 12 2026 19:38:16 UTC
14-Sep-2026 23:29:44.721 INFO [main] org.apache.catalina.startup.VersionLoggerListener.log Server version number: 9.0.121.0
14-Sep-2026 23:29:44.724 INFO [main] org.apache.catalina.startup.VersionLoggerListener.log OS Name:               Windows 11
14-Sep-2026 23:29:44.726 INFO [main] org.apache.catalina.startup.VersionLoggerListener.log OS Version:            10.0
14-Sep-2026 23:29:44.735 INFO [main] org.apache.catalina.startup.VersionLoggerListener.log Architecture:          amd64
14-Sep-2026 23:29:44.738 INFO [main] org.apache.catalina.startup.VersionLoggerListener.log Java Home:             C:\Program Files\Eclipse Adoptium\jdk-25.0.0.36-hotspot
14-Sep-2026 23:29:44.747 INFO [main] org.apache.catalina.startup.VersionLoggerListener.log JVM Version:           25+36-LTS
14-Sep-2026 23:29:44.754 INFO [main] org.apache.catalina.startup.VersionLoggerListener.log JVM Vendor:            Eclipse Adoptium
14-Sep-2026 23:29:44.760 INFO [main] org.apache.catalina.startup.VersionLoggerListener.log CATALINA_BASE:         D:\JavaBean\tools\apache-tomcat-9.0.121
14-Sep-2026 23:29:44.764 INFO [main] org.apache.catalina.startup.VersionLoggerListener.log CATALINA_HOME:         D:\JavaBean\tools\apache-tomcat-9.0.121
14-Sep-2026 23:29:44.781 INFO [main] org.apache.catalina.startup.VersionLoggerListener.log Command line argument: --add-opens=java.base/java.lang=ALL-UNNAMED
14-Sep-2026 23:29:44.785 INFO [main] org.apache.catalina.startup.VersionLoggerListener.log Command line argument: --add-opens=java.base/java.lang.invoke=ALL-UNNAMED
14-Sep-2026 23:29:44.790 INFO [main] org.apache.catalina.startup.VersionLoggerListener.log Command line argument: --add-opens=java.base/java.lang.reflect=ALL-UNNAMED
14-Sep-2026 23:29:44.791 INFO [main] org.apache.catalina.startup.VersionLoggerListener.log Command line argument: --add-opens=java.base/java.io=ALL-UNNAMED
14-Sep-2026 23:29:44.792 INFO [main] org.apache.catalina.startup.VersionLoggerListener.log Command line argument: --add-opens=java.base/java.util=ALL-UNNAMED
14-Sep-2026 23:29:44.793 INFO [main] org.apache.catalina.startup.VersionLoggerListener.log Command line argument: --add-opens=java.base/java.util.concurrent=ALL-UNNAMED
14-Sep-2026 23:29:44.794 INFO [main] org.apache.catalina.startup.VersionLoggerListener.log Command line argument: --add-opens=java.rmi/sun.rmi.transport=ALL-UNNAMED
14-Sep-2026 23:29:44.797 INFO [main] org.apache.catalina.startup.VersionLoggerListener.log Command line argument: -Djava.util.logging.config.file=D:\JavaBean\tools\apache-tomcat-9.0.121\conf\logging.properties
14-Sep-2026 23:29:44.800 INFO [main] org.apache.catalina.startup.VersionLoggerListener.log Command line argument: -Djava.util.logging.manager=org.apache.juli.ClassLoaderLogManager
14-Sep-2026 23:29:44.801 INFO [main] org.apache.catalina.startup.VersionLoggerListener.log Command line argument: -Djdk.tls.ephemeralDHKeySize=2048
14-Sep-2026 23:29:44.805 INFO [main] org.apache.catalina.startup.VersionLoggerListener.log Command line argument: -Djava.protocol.handler.pkgs=org.apache.catalina.webresources
14-Sep-2026 23:29:44.807 INFO [main] org.apache.catalina.startup.VersionLoggerListener.log Command line argument: -Dsun.io.useCanonCaches=false
14-Sep-2026 23:29:44.810 INFO [main] org.apache.catalina.startup.VersionLoggerListener.log Command line argument: -Dignore.endorsed.dirs=
14-Sep-2026 23:29:44.813 INFO [main] org.apache.catalina.startup.VersionLoggerListener.log Command line argument: -Dcatalina.base=D:\JavaBean\tools\apache-tomcat-9.0.121
14-Sep-2026 23:29:44.815 INFO [main] org.apache.catalina.startup.VersionLoggerListener.log Command line argument: -Dcatalina.home=D:\JavaBean\tools\apache-tomcat-9.0.121
14-Sep-2026 23:29:44.817 INFO [main] org.apache.catalina.startup.VersionLoggerListener.log Command line argument: -Djava.io.tmpdir=D:\JavaBean\tools\apache-tomcat-9.0.121\temp
14-Sep-2026 23:29:44.890 INFO [main] org.apache.catalina.core.AprLifecycleListener.lifecycleEvent The Apache Tomcat Native library which allows using OpenSSL was not found on the java.library.path: [C:\Program Files\Eclipse Adoptium\jdk-25.0.0.36-hotspot\bin;C:\WINDOWS\Sun\Java\bin;C:\WINDOWS\system32;C:\WINDOWS;C:\Program Files\Eclipse Adoptium\jdk-25.0.0.36-hotspot\bin;C:\WINDOWS\system32;C:\WINDOWS;C:\WINDOWS\System32\Wbem;C:\WINDOWS\System32\WindowsPowerShell\v1.0\;C:\WINDOWS\System32\OpenSSH\;C:\Program Files\Microsoft SQL Server\150\Tools\Binn\;C:\Program Files\Microsoft SQL Server\Client SDK\ODBC\170\Tools\Binn\;C:\Program Files (x86)\Microsoft SQL Server\150\Tools\Binn\;C:\Program Files\Microsoft SQL Server\150\DTS\Binn\;C:\Program Files\Azure Data Studio\bin;C:\Program Files\Microsoft SQL Server\120\Tools\Binn\;C:\Program Files\Microsoft SQL Server\Client SDK\ODBC\110\Tools\Binn\;C:\Program Files (x86)\Microsoft SQL Server\120\Tools\Binn\;C:\Program Files\Microsoft SQL Server\120\DTS\Binn\;C:\Program Files (x86)\Microsoft SQL Server\120\Tools\Binn\ManagementStudio\;C:\Program Files (x86)\Microsoft SQL Server\120\DTS\Binn\;C:\Program Files (x86)\Microsoft SQL Server\160\Tools\Binn\;C:\Program Files\Microsoft SQL Server\160\Tools\Binn\;C:\Program Files\Microsoft SQL Server\160\DTS\Binn\;c:\Users\azhai\AppData\Local\Programs\cursor\resources\app\bin;C:\WINDOWS\system32;C:\WINDOWS;C:\WINDOWS\System32\Wbem;C:\WINDOWS\System32\WindowsPowerShell\v1.0\;C:\WINDOWS\System32\OpenSSH\;C:\wamp64\bin\php\php5.6.40C:\Program Files\Microsoft SQL Server\170\Tools\Binn\;C:\Program Files\dotnet\;C:\Program Files\Git\cmd;C:\xampp\php;C:\composer;C:\Program Files\nodejs\;C:\Program Files\Erlang OTP\bin;C:\Program Files\RabbitMQ Server\rabbitmq_server-4.3.2\sbin;C:\Program Files (x86)\Microsoft SQL Server\170\Tools\Binn\;C:\Program Files\Microsoft SQL Server\170\Tools\Binn\;C:\Program Files\Microsoft SQL Server\Client SDK\ODBC\180\Tools\Binn\;C:\Program Files\Microsoft SQL Server\170\DTS\Binn\;C:\Users\azhai\AppData\Local\Volta\bin;C:\Users\azhai\AppData\Local\Yarn\config\global\node_modules\.bin;C:\Users\azhai\AppData\Roaming\Composer\vendor\bin;D:\laragon\bin;D:\laragon\bin\apache\httpd-2.4.54-win64-VS16\bin;D:\laragon\bin\composer;D:\laragon\bin\git\bin;D:\laragon\bin\git\cmd;D:\laragon\bin\git\mingw64\bin;D:\laragon\bin\git\usr\bin;D:\laragon\bin\laragon\utils;D:\laragon\bin\mysql\mysql-8.0.30-winx64\bin;D:\laragon\bin\nginx\nginx-1.22.0;D:\laragon\bin\ngrok;D:\laragon\bin\nodejs\node-v18;D:\laragon\bin\notepad++;D:\laragon\bin\php\php-8.3.31-nts-Win32-vs16-x64;D:\laragon\bin\python\python-3.10;D:\laragon\bin\python\python-3.10\Scripts;D:\laragon\bin\redis\redis-x64-5.0.14.1;D:\laragon\bin\telnet;D:\laragon\usr\bin;C:\Users\azhai\AppData\Local\Microsoft\WindowsApps;C:\Program Files\Azure Data Studio\bin;D:\Visual studio\Microsoft VS Code\bin;C:\Users\azhai\AppData\Local\GitHubDesktop\bin;C:\Program Files\dotnet;C:\Users\azhai\.dotnet\tools\;C:\Users\azhai\.dotnet\tools;C:\Users\azhai\AppData\Roa;C:\Users\azhai\AppData\Roaming\npm;D:\JavaBean\tools\apache-maven-3.9.16\bin;D:\IntelliJ IDEA 2026.2.2\bin;.]
14-Sep-2026 23:29:45.874 INFO [main] org.apache.coyote.AbstractProtocol.init Initializing ProtocolHandler ["http-nio-8080"]
14-Sep-2026 23:29:45.949 INFO [main] org.apache.catalina.startup.Catalina.load Server initialization in [2103] milliseconds
14-Sep-2026 23:29:46.096 INFO [main] org.apache.catalina.core.StandardService.startInternal Starting service [Catalina]
14-Sep-2026 23:29:46.097 INFO [main] org.apache.catalina.core.StandardEngine.startInternal Starting Servlet engine: [Apache Tomcat/9.0.121]
14-Sep-2026 23:29:46.189 INFO [main] org.apache.catalina.startup.HostConfig.deployWAR Deploying web application archive [D:\JavaBean\tools\apache-tomcat-9.0.121\webapps\JavaBean.war]
14-Sep-2026 23:29:47.320 WARNING [main] org.apache.tomcat.util.descriptor.web.WebXml.setVersion Unknown version string [6.0]. Default version will be used.
14-Sep-2026 23:29:52.821 INFO [main] org.apache.jasper.servlet.TldScanner.scanJars At least one JAR was scanned for TLDs yet contained no TLDs. Enable debug logging for this logger for a complete list of JARs that were scanned but no TLDs were found in them. Skipping unneeded JARs during scanning can improve startup time and JSP compilation time.
14-Sep-2026 23:29:53.631 WARNING [main] org.apache.catalina.util.SessionIdGeneratorBase.createSecureRandom Creation of SecureRandom instance for session ID generation using [SHA1PRNG] took [183] milliseconds.
14-Sep-2026 23:29:53.699 INFO [main] org.apache.catalina.startup.HostConfig.deployWAR Deployment of web application archive [D:\JavaBean\tools\apache-tomcat-9.0.121\webapps\JavaBean.war] has finished in [7,509] ms
14-Sep-2026 23:29:53.705 INFO [main] org.apache.catalina.startup.HostConfig.deployDirectory Deploying web application directory [D:\JavaBean\tools\apache-tomcat-9.0.121\webapps\docs]
14-Sep-2026 23:29:53.910 INFO [main] org.apache.catalina.startup.HostConfig.deployDirectory Deployment of web application directory [D:\JavaBean\tools\apache-tomcat-9.0.121\webapps\docs] has finished in [205] ms
14-Sep-2026 23:29:53.912 INFO [main] org.apache.catalina.startup.HostConfig.deployDirectory Deploying web application directory [D:\JavaBean\tools\apache-tomcat-9.0.121\webapps\examples]
14-Sep-2026 23:29:54.831 INFO [main] org.apache.catalina.startup.HostConfig.deployDirectory Deployment of web application directory [D:\JavaBean\tools\apache-tomcat-9.0.121\webapps\examples] has finished in [919] ms
14-Sep-2026 23:29:54.833 INFO [main] org.apache.catalina.startup.HostConfig.deployDirectory Deploying web application directory [D:\JavaBean\tools\apache-tomcat-9.0.121\webapps\host-manager]
14-Sep-2026 23:29:54.942 INFO [main] org.apache.catalina.startup.HostConfig.deployDirectory Deployment of web application directory [D:\JavaBean\tools\apache-tomcat-9.0.121\webapps\host-manager] has finished in [110] ms
14-Sep-2026 23:29:54.945 INFO [main] org.apache.catalina.startup.HostConfig.deployDirectory Deploying web application directory [D:\JavaBean\tools\apache-tomcat-9.0.121\webapps\manager]
14-Sep-2026 23:29:55.025 INFO [main] org.apache.catalina.startup.HostConfig.deployDirectory Deployment of web application directory [D:\JavaBean\tools\apache-tomcat-9.0.121\webapps\manager] has finished in [80] ms
14-Sep-2026 23:29:55.026 INFO [main] org.apache.catalina.startup.HostConfig.deployDirectory Deploying web application directory [D:\JavaBean\tools\apache-tomcat-9.0.121\webapps\ROOT]
14-Sep-2026 23:29:55.080 INFO [main] org.apache.catalina.startup.HostConfig.deployDirectory Deployment of web application directory [D:\JavaBean\tools\apache-tomcat-9.0.121\webapps\ROOT] has finished in [54] ms
14-Sep-2026 23:29:55.095 INFO [main] org.apache.coyote.AbstractProtocol.start Starting ProtocolHandler ["http-nio-8080"]
14-Sep-2026 23:29:55.162 INFO [main] org.apache.catalina.startup.Catalina.start Server startup in [9209] milliseconds
14-Sep-2026 23:34:52.266 SEVERE [main] org.apache.catalina.startup.Catalina.stopServer Could not contact [localhost:8005] (base port [8005] and offset [0]). Tomcat may not be running.
14-Sep-2026 23:34:58.858 INFO [main] org.apache.catalina.startup.VersionLoggerListener.log Server version name:   Apache Tomcat/9.0.121
14-Sep-2026 23:34:58.893 INFO [main] org.apache.catalina.startup.VersionLoggerListener.log Server built:          Aug 12 2026 19:38:16 UTC
14-Sep-2026 23:34:58.933 INFO [main] org.apache.catalina.startup.VersionLoggerListener.log Server version number: 9.0.121.0
14-Sep-2026 23:34:58.953 INFO [main] org.apache.catalina.startup.VersionLoggerListener.log OS Name:               Windows 11
14-Sep-2026 23:34:58.953 INFO [main] org.apache.catalina.startup.VersionLoggerListener.log OS Version:            10.0
14-Sep-2026 23:34:58.954 INFO [main] org.apache.catalina.startup.VersionLoggerListener.log Architecture:          amd64
14-Sep-2026 23:34:58.955 INFO [main] org.apache.catalina.startup.VersionLoggerListener.log Java Home:             C:\Program Files\Eclipse Adoptium\jdk-25.0.0.36-hotspot
14-Sep-2026 23:34:58.956 INFO [main] org.apache.catalina.startup.VersionLoggerListener.log JVM Version:           25+36-LTS
14-Sep-2026 23:34:58.960 INFO [main] org.apache.catalina.startup.VersionLoggerListener.log JVM Vendor:            Eclipse Adoptium
14-Sep-2026 23:34:58.971 INFO [main] org.apache.catalina.startup.VersionLoggerListener.log CATALINA_BASE:         D:\JavaBean\tools\apache-tomcat-9.0.121
14-Sep-2026 23:34:58.987 INFO [main] org.apache.catalina.startup.VersionLoggerListener.log CATALINA_HOME:         D:\JavaBean\tools\apache-tomcat-9.0.121
14-Sep-2026 23:34:59.177 INFO [main] org.apache.catalina.startup.VersionLoggerListener.log Command line argument: --add-opens=java.base/java.lang=ALL-UNNAMED
14-Sep-2026 23:34:59.185 INFO [main] org.apache.catalina.startup.VersionLoggerListener.log Command line argument: --add-opens=java.base/java.lang.invoke=ALL-UNNAMED
14-Sep-2026 23:34:59.195 INFO [main] org.apache.catalina.startup.VersionLoggerListener.log Command line argument: --add-opens=java.base/java.lang.reflect=ALL-UNNAMED
14-Sep-2026 23:34:59.200 INFO [main] org.apache.catalina.startup.VersionLoggerListener.log Command line argument: --add-opens=java.base/java.io=ALL-UNNAMED
14-Sep-2026 23:34:59.209 INFO [main] org.apache.catalina.startup.VersionLoggerListener.log Command line argument: --add-opens=java.base/java.util=ALL-UNNAMED
14-Sep-2026 23:34:59.210 INFO [main] org.apache.catalina.startup.VersionLoggerListener.log Command line argument: --add-opens=java.base/java.util.concurrent=ALL-UNNAMED
14-Sep-2026 23:34:59.219 INFO [main] org.apache.catalina.startup.VersionLoggerListener.log Command line argument: --add-opens=java.rmi/sun.rmi.transport=ALL-UNNAMED
14-Sep-2026 23:34:59.227 INFO [main] org.apache.catalina.startup.VersionLoggerListener.log Command line argument: -Djava.util.logging.config.file=D:\JavaBean\tools\apache-tomcat-9.0.121\conf\logging.properties
14-Sep-2026 23:34:59.235 INFO [main] org.apache.catalina.startup.VersionLoggerListener.log Command line argument: -Djava.util.logging.manager=org.apache.juli.ClassLoaderLogManager
14-Sep-2026 23:34:59.252 INFO [main] org.apache.catalina.startup.VersionLoggerListener.log Command line argument: -Djdk.tls.ephemeralDHKeySize=2048
14-Sep-2026 23:34:59.262 INFO [main] org.apache.catalina.startup.VersionLoggerListener.log Command line argument: -Djava.protocol.handler.pkgs=org.apache.catalina.webresources
14-Sep-2026 23:34:59.267 INFO [main] org.apache.catalina.startup.VersionLoggerListener.log Command line argument: -Dsun.io.useCanonCaches=false
14-Sep-2026 23:34:59.272 INFO [main] org.apache.catalina.startup.VersionLoggerListener.log Command line argument: -Dignore.endorsed.dirs=
14-Sep-2026 23:34:59.281 INFO [main] org.apache.catalina.startup.VersionLoggerListener.log Command line argument: -Dcatalina.base=D:\JavaBean\tools\apache-tomcat-9.0.121
14-Sep-2026 23:34:59.297 INFO [main] org.apache.catalina.startup.VersionLoggerListener.log Command line argument: -Dcatalina.home=D:\JavaBean\tools\apache-tomcat-9.0.121
14-Sep-2026 23:34:59.316 INFO [main] org.apache.catalina.startup.VersionLoggerListener.log Command line argument: -Djava.io.tmpdir=D:\JavaBean\tools\apache-tomcat-9.0.121\temp
14-Sep-2026 23:34:59.983 INFO [main] org.apache.catalina.core.AprLifecycleListener.lifecycleEvent The Apache Tomcat Native library which allows using OpenSSL was not found on the java.library.path: [C:\Program Files\Eclipse Adoptium\jdk-25.0.0.36-hotspot\bin;C:\WINDOWS\Sun\Java\bin;C:\WINDOWS\system32;C:\WINDOWS;C:\Program Files\Eclipse Adoptium\jdk-25.0.0.36-hotspot\bin;C:\WINDOWS\system32;C:\WINDOWS;C:\WINDOWS\System32\Wbem;C:\WINDOWS\System32\WindowsPowerShell\v1.0\;C:\WINDOWS\System32\OpenSSH\;C:\Program Files\Microsoft SQL Server\150\Tools\Binn\;C:\Program Files\Microsoft SQL Server\Client SDK\ODBC\170\Tools\Binn\;C:\Program Files (x86)\Microsoft SQL Server\150\Tools\Binn\;C:\Program Files\Microsoft SQL Server\150\DTS\Binn\;C:\Program Files\Azure Data Studio\bin;C:\Program Files\Microsoft SQL Server\120\Tools\Binn\;C:\Program Files\Microsoft SQL Server\Client SDK\ODBC\110\Tools\Binn\;C:\Program Files (x86)\Microsoft SQL Server\120\Tools\Binn\;C:\Program Files\Microsoft SQL Server\120\DTS\Binn\;C:\Program Files (x86)\Microsoft SQL Server\120\Tools\Binn\ManagementStudio\;C:\Program Files (x86)\Microsoft SQL Server\120\DTS\Binn\;C:\Program Files (x86)\Microsoft SQL Server\160\Tools\Binn\;C:\Program Files\Microsoft SQL Server\160\Tools\Binn\;C:\Program Files\Microsoft SQL Server\160\DTS\Binn\;c:\Users\azhai\AppData\Local\Programs\cursor\resources\app\bin;C:\WINDOWS\system32;C:\WINDOWS;C:\WINDOWS\System32\Wbem;C:\WINDOWS\System32\WindowsPowerShell\v1.0\;C:\WINDOWS\System32\OpenSSH\;C:\wamp64\bin\php\php5.6.40C:\Program Files\Microsoft SQL Server\170\Tools\Binn\;C:\Program Files\dotnet\;C:\Program Files\Git\cmd;C:\xampp\php;C:\composer;C:\Program Files\nodejs\;C:\Program Files\Erlang OTP\bin;C:\Program Files\RabbitMQ Server\rabbitmq_server-4.3.2\sbin;C:\Program Files (x86)\Microsoft SQL Server\170\Tools\Binn\;C:\Program Files\Microsoft SQL Server\170\Tools\Binn\;C:\Program Files\Microsoft SQL Server\Client SDK\ODBC\180\Tools\Binn\;C:\Program Files\Microsoft SQL Server\170\DTS\Binn\;C:\Users\azhai\AppData\Local\Volta\bin;C:\Users\azhai\AppData\Local\Yarn\config\global\node_modules\.bin;C:\Users\azhai\AppData\Roaming\Composer\vendor\bin;D:\laragon\bin;D:\laragon\bin\apache\httpd-2.4.54-win64-VS16\bin;D:\laragon\bin\composer;D:\laragon\bin\git\bin;D:\laragon\bin\git\cmd;D:\laragon\bin\git\mingw64\bin;D:\laragon\bin\git\usr\bin;D:\laragon\bin\laragon\utils;D:\laragon\bin\mysql\mysql-8.0.30-winx64\bin;D:\laragon\bin\nginx\nginx-1.22.0;D:\laragon\bin\ngrok;D:\laragon\bin\nodejs\node-v18;D:\laragon\bin\notepad++;D:\laragon\bin\php\php-8.3.31-nts-Win32-vs16-x64;D:\laragon\bin\python\python-3.10;D:\laragon\bin\python\python-3.10\Scripts;D:\laragon\bin\redis\redis-x64-5.0.14.1;D:\laragon\bin\telnet;D:\laragon\usr\bin;C:\Users\azhai\AppData\Local\Microsoft\WindowsApps;C:\Program Files\Azure Data Studio\bin;D:\Visual studio\Microsoft VS Code\bin;C:\Users\azhai\AppData\Local\GitHubDesktop\bin;C:\Program Files\dotnet;C:\Users\azhai\.dotnet\tools\;C:\Users\azhai\.dotnet\tools;C:\Users\azhai\AppData\Roa;C:\Users\azhai\AppData\Roaming\npm;D:\JavaBean\tools\apache-maven-3.9.16\bin;D:\IntelliJ IDEA 2026.2.2\bin;.]
14-Sep-2026 23:35:01.692 INFO [main] org.apache.coyote.AbstractProtocol.init Initializing ProtocolHandler ["http-nio-8080"]
14-Sep-2026 23:35:01.868 INFO [main] org.apache.catalina.startup.Catalina.load Server initialization in [4388] milliseconds
14-Sep-2026 23:35:02.182 INFO [main] org.apache.catalina.core.StandardService.startInternal Starting service [Catalina]
14-Sep-2026 23:35:02.185 INFO [main] org.apache.catalina.core.StandardEngine.startInternal Starting Servlet engine: [Apache Tomcat/9.0.121]
14-Sep-2026 23:35:02.290 INFO [main] org.apache.catalina.startup.HostConfig.deployWAR Deploying web application archive [D:\JavaBean\tools\apache-tomcat-9.0.121\webapps\JavaBean.war]
14-Sep-2026 23:35:06.971 WARNING [main] org.apache.tomcat.util.descriptor.web.WebXml.setVersion Unknown version string [6.0]. Default version will be used.
14-Sep-2026 23:35:14.850 INFO [main] org.apache.jasper.servlet.TldScanner.scanJars At least one JAR was scanned for TLDs yet contained no TLDs. Enable debug logging for this logger for a complete list of JARs that were scanned but no TLDs were found in them. Skipping unneeded JARs during scanning can improve startup time and JSP compilation time.
14-Sep-2026 23:35:15.311 INFO [main] org.apache.catalina.startup.HostConfig.deployWAR Deployment of web application archive [D:\JavaBean\tools\apache-tomcat-9.0.121\webapps\JavaBean.war] has finished in [13,012] ms
14-Sep-2026 23:35:15.315 INFO [main] org.apache.catalina.startup.HostConfig.deployDirectory Deploying web application directory [D:\JavaBean\tools\apache-tomcat-9.0.121\webapps\docs]
14-Sep-2026 23:35:15.458 INFO [main] org.apache.catalina.startup.HostConfig.deployDirectory Deployment of web application directory [D:\JavaBean\tools\apache-tomcat-9.0.121\webapps\docs] has finished in [141] ms
14-Sep-2026 23:35:15.464 INFO [main] org.apache.catalina.startup.HostConfig.deployDirectory Deploying web application directory [D:\JavaBean\tools\apache-tomcat-9.0.121\webapps\examples]
14-Sep-2026 23:35:16.601 INFO [main] org.apache.catalina.startup.HostConfig.deployDirectory Deployment of web application directory [D:\JavaBean\tools\apache-tomcat-9.0.121\webapps\examples] has finished in [1,138] ms
14-Sep-2026 23:35:16.602 INFO [main] org.apache.catalina.startup.HostConfig.deployDirectory Deploying web application directory [D:\JavaBean\tools\apache-tomcat-9.0.121\webapps\host-manager]
14-Sep-2026 23:35:16.704 INFO [main] org.apache.catalina.startup.HostConfig.deployDirectory Deployment of web application directory [D:\JavaBean\tools\apache-tomcat-9.0.121\webapps\host-manager] has finished in [102] ms
14-Sep-2026 23:35:16.705 INFO [main] org.apache.catalina.startup.HostConfig.deployDirectory Deploying web application directory [D:\JavaBean\tools\apache-tomcat-9.0.121\webapps\manager]
14-Sep-2026 23:35:16.808 INFO [main] org.apache.catalina.startup.HostConfig.deployDirectory Deployment of web application directory [D:\JavaBean\tools\apache-tomcat-9.0.121\webapps\manager] has finished in [102] ms
14-Sep-2026 23:35:16.809 INFO [main] org.apache.catalina.startup.HostConfig.deployDirectory Deploying web application directory [D:\JavaBean\tools\apache-tomcat-9.0.121\webapps\ROOT]
14-Sep-2026 23:35:16.880 INFO [main] org.apache.catalina.startup.HostConfig.deployDirectory Deployment of web application directory [D:\JavaBean\tools\apache-tomcat-9.0.121\webapps\ROOT] has finished in [72] ms
14-Sep-2026 23:35:16.892 INFO [main] org.apache.coyote.AbstractProtocol.start Starting ProtocolHandler ["http-nio-8080"]
14-Sep-2026 23:35:16.975 INFO [main] org.apache.catalina.startup.Catalina.start Server startup in [15061] milliseconds
14-Sep-2026 23:41:35.289 INFO [main] org.apache.catalina.startup.VersionLoggerListener.log Server version name:   Apache Tomcat/9.0.121
14-Sep-2026 23:41:35.296 INFO [main] org.apache.catalina.startup.VersionLoggerListener.log Server built:          Aug 12 2026 19:38:16 UTC
14-Sep-2026 23:41:35.298 INFO [main] org.apache.catalina.startup.VersionLoggerListener.log Server version number: 9.0.121.0
14-Sep-2026 23:41:35.299 INFO [main] org.apache.catalina.startup.VersionLoggerListener.log OS Name:               Windows 11
14-Sep-2026 23:41:35.300 INFO [main] org.apache.catalina.startup.VersionLoggerListener.log OS Version:            10.0
14-Sep-2026 23:41:35.300 INFO [main] org.apache.catalina.startup.VersionLoggerListener.log Architecture:          amd64
14-Sep-2026 23:41:35.300 INFO [main] org.apache.catalina.startup.VersionLoggerListener.log Java Home:             C:\Program Files\Eclipse Adoptium\jdk-25.0.0.36-hotspot
14-Sep-2026 23:41:35.301 INFO [main] org.apache.catalina.startup.VersionLoggerListener.log JVM Version:           25+36-LTS
14-Sep-2026 23:41:35.302 INFO [main] org.apache.catalina.startup.VersionLoggerListener.log JVM Vendor:            Eclipse Adoptium
14-Sep-2026 23:41:35.303 INFO [main] org.apache.catalina.startup.VersionLoggerListener.log CATALINA_BASE:         D:\JavaBean\tools\apache-tomcat-9.0.121
14-Sep-2026 23:41:35.304 INFO [main] org.apache.catalina.startup.VersionLoggerListener.log CATALINA_HOME:         D:\JavaBean\tools\apache-tomcat-9.0.121
14-Sep-2026 23:41:35.335 INFO [main] org.apache.catalina.startup.VersionLoggerListener.log Command line argument: --add-opens=java.base/java.lang=ALL-UNNAMED
14-Sep-2026 23:41:35.337 INFO [main] org.apache.catalina.startup.VersionLoggerListener.log Command line argument: --add-opens=java.base/java.lang.invoke=ALL-UNNAMED
14-Sep-2026 23:41:35.339 INFO [main] org.apache.catalina.startup.VersionLoggerListener.log Command line argument: --add-opens=java.base/java.lang.reflect=ALL-UNNAMED
14-Sep-2026 23:41:35.340 INFO [main] org.apache.catalina.startup.VersionLoggerListener.log Command line argument: --add-opens=java.base/java.io=ALL-UNNAMED
14-Sep-2026 23:41:35.341 INFO [main] org.apache.catalina.startup.VersionLoggerListener.log Command line argument: --add-opens=java.base/java.util=ALL-UNNAMED
14-Sep-2026 23:41:35.342 INFO [main] org.apache.catalina.startup.VersionLoggerListener.log Command line argument: --add-opens=java.base/java.util.concurrent=ALL-UNNAMED
14-Sep-2026 23:41:35.343 INFO [main] org.apache.catalina.startup.VersionLoggerListener.log Command line argument: --add-opens=java.rmi/sun.rmi.transport=ALL-UNNAMED
14-Sep-2026 23:41:35.343 INFO [main] org.apache.catalina.startup.VersionLoggerListener.log Command line argument: -Djava.util.logging.config.file=D:\JavaBean\tools\apache-tomcat-9.0.121\conf\logging.properties
14-Sep-2026 23:41:35.344 INFO [main] org.apache.catalina.startup.VersionLoggerListener.log Command line argument: -Djava.util.logging.manager=org.apache.juli.ClassLoaderLogManager
14-Sep-2026 23:41:35.347 INFO [main] org.apache.catalina.startup.VersionLoggerListener.log Command line argument: -Djdk.tls.ephemeralDHKeySize=2048
14-Sep-2026 23:41:35.350 INFO [main] org.apache.catalina.startup.VersionLoggerListener.log Command line argument: -Djava.protocol.handler.pkgs=org.apache.catalina.webresources
14-Sep-2026 23:41:35.352 INFO [main] org.apache.catalina.startup.VersionLoggerListener.log Command line argument: -Dsun.io.useCanonCaches=false
14-Sep-2026 23:41:35.353 INFO [main] org.apache.catalina.startup.VersionLoggerListener.log Command line argument: -Dignore.endorsed.dirs=
14-Sep-2026 23:41:35.356 INFO [main] org.apache.catalina.startup.VersionLoggerListener.log Command line argument: -Dcatalina.base=D:\JavaBean\tools\apache-tomcat-9.0.121
14-Sep-2026 23:41:35.359 INFO [main] org.apache.catalina.startup.VersionLoggerListener.log Command line argument: -Dcatalina.home=D:\JavaBean\tools\apache-tomcat-9.0.121
14-Sep-2026 23:41:35.361 INFO [main] org.apache.catalina.startup.VersionLoggerListener.log Command line argument: -Djava.io.tmpdir=D:\JavaBean\tools\apache-tomcat-9.0.121\temp
14-Sep-2026 23:41:35.423 INFO [main] org.apache.catalina.core.AprLifecycleListener.lifecycleEvent The Apache Tomcat Native library which allows using OpenSSL was not found on the java.library.path: [C:\Program Files\Eclipse Adoptium\jdk-25.0.0.36-hotspot\bin;C:\WINDOWS\Sun\Java\bin;C:\WINDOWS\system32;C:\WINDOWS;C:\Program Files\Eclipse Adoptium\jdk-25.0.0.36-hotspot\bin;C:\WINDOWS\system32;C:\WINDOWS;C:\WINDOWS\System32\Wbem;C:\WINDOWS\System32\WindowsPowerShell\v1.0\;C:\WINDOWS\System32\OpenSSH\;C:\Program Files\Microsoft SQL Server\150\Tools\Binn\;C:\Program Files\Microsoft SQL Server\Client SDK\ODBC\170\Tools\Binn\;C:\Program Files (x86)\Microsoft SQL Server\150\Tools\Binn\;C:\Program Files\Microsoft SQL Server\150\DTS\Binn\;C:\Program Files\Azure Data Studio\bin;C:\Program Files\Microsoft SQL Server\120\Tools\Binn\;C:\Program Files\Microsoft SQL Server\Client SDK\ODBC\110\Tools\Binn\;C:\Program Files (x86)\Microsoft SQL Server\120\Tools\Binn\;C:\Program Files\Microsoft SQL Server\120\DTS\Binn\;C:\Program Files (x86)\Microsoft SQL Server\120\Tools\Binn\ManagementStudio\;C:\Program Files (x86)\Microsoft SQL Server\120\DTS\Binn\;C:\Program Files (x86)\Microsoft SQL Server\160\Tools\Binn\;C:\Program Files\Microsoft SQL Server\160\Tools\Binn\;C:\Program Files\Microsoft SQL Server\160\DTS\Binn\;c:\Users\azhai\AppData\Local\Programs\cursor\resources\app\bin;C:\WINDOWS\system32;C:\WINDOWS;C:\WINDOWS\System32\Wbem;C:\WINDOWS\System32\WindowsPowerShell\v1.0\;C:\WINDOWS\System32\OpenSSH\;C:\wamp64\bin\php\php5.6.40C:\Program Files\Microsoft SQL Server\170\Tools\Binn\;C:\Program Files\dotnet\;C:\Program Files\Git\cmd;C:\xampp\php;C:\composer;C:\Program Files\nodejs\;C:\Program Files\Erlang OTP\bin;C:\Program Files\RabbitMQ Server\rabbitmq_server-4.3.2\sbin;C:\Program Files (x86)\Microsoft SQL Server\170\Tools\Binn\;C:\Program Files\Microsoft SQL Server\170\Tools\Binn\;C:\Program Files\Microsoft SQL Server\Client SDK\ODBC\180\Tools\Binn\;C:\Program Files\Microsoft SQL Server\170\DTS\Binn\;C:\Users\azhai\AppData\Local\Volta\bin;C:\Users\azhai\AppData\Local\Yarn\config\global\node_modules\.bin;C:\Users\azhai\AppData\Roaming\Composer\vendor\bin;D:\laragon\bin;D:\laragon\bin\apache\httpd-2.4.54-win64-VS16\bin;D:\laragon\bin\composer;D:\laragon\bin\git\bin;D:\laragon\bin\git\cmd;D:\laragon\bin\git\mingw64\bin;D:\laragon\bin\git\usr\bin;D:\laragon\bin\laragon\utils;D:\laragon\bin\mysql\mysql-8.0.30-winx64\bin;D:\laragon\bin\nginx\nginx-1.22.0;D:\laragon\bin\ngrok;D:\laragon\bin\nodejs\node-v18;D:\laragon\bin\notepad++;D:\laragon\bin\php\php-8.3.31-nts-Win32-vs16-x64;D:\laragon\bin\python\python-3.10;D:\laragon\bin\python\python-3.10\Scripts;D:\laragon\bin\redis\redis-x64-5.0.14.1;D:\laragon\bin\telnet;D:\laragon\usr\bin;C:\Users\azhai\AppData\Local\Microsoft\WindowsApps;C:\Program Files\Azure Data Studio\bin;D:\Visual studio\Microsoft VS Code\bin;C:\Users\azhai\AppData\Local\GitHubDesktop\bin;C:\Program Files\dotnet;C:\Users\azhai\.dotnet\tools\;C:\Users\azhai\.dotnet\tools;C:\Users\azhai\AppData\Roa;C:\Users\azhai\AppData\Roaming\npm;D:\JavaBean\tools\apache-maven-3.9.16\bin;D:\IntelliJ IDEA 2026.2.2\bin;.]
14-Sep-2026 23:41:36.416 INFO [main] org.apache.coyote.AbstractProtocol.init Initializing ProtocolHandler ["http-nio-8080"]
14-Sep-2026 23:41:36.512 INFO [main] org.apache.catalina.startup.Catalina.load Server initialization in [1745] milliseconds
14-Sep-2026 23:41:36.661 INFO [main] org.apache.catalina.core.StandardService.startInternal Starting service [Catalina]
14-Sep-2026 23:41:36.664 INFO [main] org.apache.catalina.core.StandardEngine.startInternal Starting Servlet engine: [Apache Tomcat/9.0.121]
14-Sep-2026 23:41:36.738 INFO [main] org.apache.catalina.startup.HostConfig.deployWAR Deploying web application archive [D:\JavaBean\tools\apache-tomcat-9.0.121\webapps\JavaBean.war]
14-Sep-2026 23:41:37.405 WARNING [main] org.apache.tomcat.util.descriptor.web.WebXml.setVersion Unknown version string [6.0]. Default version will be used.
14-Sep-2026 23:41:42.871 INFO [main] org.apache.jasper.servlet.TldScanner.scanJars At least one JAR was scanned for TLDs yet contained no TLDs. Enable debug logging for this logger for a complete list of JARs that were scanned but no TLDs were found in them. Skipping unneeded JARs during scanning can improve startup time and JSP compilation time.
14-Sep-2026 23:41:43.125 INFO [main] org.apache.catalina.startup.HostConfig.deployWAR Deployment of web application archive [D:\JavaBean\tools\apache-tomcat-9.0.121\webapps\JavaBean.war] has finished in [6,377] ms
14-Sep-2026 23:41:43.128 INFO [main] org.apache.catalina.startup.HostConfig.deployDirectory Deploying web application directory [D:\JavaBean\tools\apache-tomcat-9.0.121\webapps\docs]
14-Sep-2026 23:41:43.274 INFO [main] org.apache.catalina.startup.HostConfig.deployDirectory Deployment of web application directory [D:\JavaBean\tools\apache-tomcat-9.0.121\webapps\docs] has finished in [147] ms
14-Sep-2026 23:41:43.280 INFO [main] org.apache.catalina.startup.HostConfig.deployDirectory Deploying web application directory [D:\JavaBean\tools\apache-tomcat-9.0.121\webapps\examples]
14-Sep-2026 23:41:44.347 INFO [main] org.apache.catalina.startup.HostConfig.deployDirectory Deployment of web application directory [D:\JavaBean\tools\apache-tomcat-9.0.121\webapps\examples] has finished in [1,066] ms
14-Sep-2026 23:41:44.350 INFO [main] org.apache.catalina.startup.HostConfig.deployDirectory Deploying web application directory [D:\JavaBean\tools\apache-tomcat-9.0.121\webapps\host-manager]
14-Sep-2026 23:41:44.465 INFO [main] org.apache.catalina.startup.HostConfig.deployDirectory Deployment of web application directory [D:\JavaBean\tools\apache-tomcat-9.0.121\webapps\host-manager] has finished in [117] ms
14-Sep-2026 23:41:44.467 INFO [main] org.apache.catalina.startup.HostConfig.deployDirectory Deploying web application directory [D:\JavaBean\tools\apache-tomcat-9.0.121\webapps\manager]
14-Sep-2026 23:41:44.581 INFO [main] org.apache.catalina.startup.HostConfig.deployDirectory Deployment of web application directory [D:\JavaBean\tools\apache-tomcat-9.0.121\webapps\manager] has finished in [115] ms
14-Sep-2026 23:41:44.583 INFO [main] org.apache.catalina.startup.HostConfig.deployDirectory Deploying web application directory [D:\JavaBean\tools\apache-tomcat-9.0.121\webapps\ROOT]
14-Sep-2026 23:41:44.678 INFO [main] org.apache.catalina.startup.HostConfig.deployDirectory Deployment of web application directory [D:\JavaBean\tools\apache-tomcat-9.0.121\webapps\ROOT] has finished in [96] ms
14-Sep-2026 23:41:44.691 INFO [main] org.apache.coyote.AbstractProtocol.start Starting ProtocolHandler ["http-nio-8080"]
14-Sep-2026 23:41:44.796 INFO [main] org.apache.catalina.startup.Catalina.start Server startup in [8278] milliseconds
14-Sep-2026 23:43:00.473 INFO [main] org.apache.catalina.core.StandardServer.await A valid shutdown command was received via the shutdown port. Stopping the Server instance.
14-Sep-2026 23:43:00.475 INFO [main] org.apache.coyote.AbstractProtocol.pause Pausing ProtocolHandler ["http-nio-8080"]
14-Sep-2026 23:43:00.494 INFO [main] org.apache.catalina.core.StandardService.stopInternal Stopping service [Catalina]
14-Sep-2026 23:43:00.533 INFO [main] org.apache.coyote.AbstractProtocol.stop Stopping ProtocolHandler ["http-nio-8080"]
14-Sep-2026 23:43:00.543 INFO [main] org.apache.coyote.AbstractProtocol.destroy Destroying ProtocolHandler ["http-nio-8080"]
