13-Sep-2026 20:56:35.994 INFO [main] org.apache.catalina.startup.VersionLoggerListener.log Server version name:   Apache Tomcat/9.0.121
13-Sep-2026 20:56:35.999 INFO [main] org.apache.catalina.startup.VersionLoggerListener.log Server built:          Aug 12 2026 19:38:16 UTC
13-Sep-2026 20:56:36.001 INFO [main] org.apache.catalina.startup.VersionLoggerListener.log Server version number: 9.0.121.0
13-Sep-2026 20:56:36.002 INFO [main] org.apache.catalina.startup.VersionLoggerListener.log OS Name:               Windows 11
13-Sep-2026 20:56:36.002 INFO [main] org.apache.catalina.startup.VersionLoggerListener.log OS Version:            10.0
13-Sep-2026 20:56:36.004 INFO [main] org.apache.catalina.startup.VersionLoggerListener.log Architecture:          amd64
13-Sep-2026 20:56:36.004 INFO [main] org.apache.catalina.startup.VersionLoggerListener.log Java Home:             C:\Program Files\Eclipse Adoptium\jdk-25.0.0.36-hotspot
13-Sep-2026 20:56:36.005 INFO [main] org.apache.catalina.startup.VersionLoggerListener.log JVM Version:           25+36-LTS
13-Sep-2026 20:56:36.007 INFO [main] org.apache.catalina.startup.VersionLoggerListener.log JVM Vendor:            Eclipse Adoptium
13-Sep-2026 20:56:36.011 INFO [main] org.apache.catalina.startup.VersionLoggerListener.log CATALINA_BASE:         D:\JavaBean\tools\apache-tomcat-9.0.121
13-Sep-2026 20:56:36.014 INFO [main] org.apache.catalina.startup.VersionLoggerListener.log CATALINA_HOME:         D:\JavaBean\tools\apache-tomcat-9.0.121
13-Sep-2026 20:56:36.040 INFO [main] org.apache.catalina.startup.VersionLoggerListener.log Command line argument: --add-opens=java.base/java.lang=ALL-UNNAMED
13-Sep-2026 20:56:36.040 INFO [main] org.apache.catalina.startup.VersionLoggerListener.log Command line argument: --add-opens=java.base/java.lang.invoke=ALL-UNNAMED
13-Sep-2026 20:56:36.041 INFO [main] org.apache.catalina.startup.VersionLoggerListener.log Command line argument: --add-opens=java.base/java.lang.reflect=ALL-UNNAMED
13-Sep-2026 20:56:36.041 INFO [main] org.apache.catalina.startup.VersionLoggerListener.log Command line argument: --add-opens=java.base/java.io=ALL-UNNAMED
13-Sep-2026 20:56:36.042 INFO [main] org.apache.catalina.startup.VersionLoggerListener.log Command line argument: --add-opens=java.base/java.util=ALL-UNNAMED
13-Sep-2026 20:56:36.042 INFO [main] org.apache.catalina.startup.VersionLoggerListener.log Command line argument: --add-opens=java.base/java.util.concurrent=ALL-UNNAMED
13-Sep-2026 20:56:36.042 INFO [main] org.apache.catalina.startup.VersionLoggerListener.log Command line argument: --add-opens=java.rmi/sun.rmi.transport=ALL-UNNAMED
13-Sep-2026 20:56:36.043 INFO [main] org.apache.catalina.startup.VersionLoggerListener.log Command line argument: -Djava.util.logging.config.file=D:\JavaBean\tools\apache-tomcat-9.0.121\conf\logging.properties
13-Sep-2026 20:56:36.044 INFO [main] org.apache.catalina.startup.VersionLoggerListener.log Command line argument: -Djava.util.logging.manager=org.apache.juli.ClassLoaderLogManager
13-Sep-2026 20:56:36.045 INFO [main] org.apache.catalina.startup.VersionLoggerListener.log Command line argument: -Djdk.tls.ephemeralDHKeySize=2048
13-Sep-2026 20:56:36.045 INFO [main] org.apache.catalina.startup.VersionLoggerListener.log Command line argument: -Djava.protocol.handler.pkgs=org.apache.catalina.webresources
13-Sep-2026 20:56:36.047 INFO [main] org.apache.catalina.startup.VersionLoggerListener.log Command line argument: -Dsun.io.useCanonCaches=false
13-Sep-2026 20:56:36.048 INFO [main] org.apache.catalina.startup.VersionLoggerListener.log Command line argument: -Dignore.endorsed.dirs=
13-Sep-2026 20:56:36.048 INFO [main] org.apache.catalina.startup.VersionLoggerListener.log Command line argument: -Dcatalina.base=D:\JavaBean\tools\apache-tomcat-9.0.121
13-Sep-2026 20:56:36.048 INFO [main] org.apache.catalina.startup.VersionLoggerListener.log Command line argument: -Dcatalina.home=D:\JavaBean\tools\apache-tomcat-9.0.121
13-Sep-2026 20:56:36.049 INFO [main] org.apache.catalina.startup.VersionLoggerListener.log Command line argument: -Djava.io.tmpdir=D:\JavaBean\tools\apache-tomcat-9.0.121\temp
13-Sep-2026 20:56:36.080 INFO [main] org.apache.catalina.core.AprLifecycleListener.lifecycleEvent The Apache Tomcat Native library which allows using OpenSSL was not found on the java.library.path: [C:\Program Files\Eclipse Adoptium\jdk-25.0.0.36-hotspot\bin;C:\WINDOWS\Sun\Java\bin;C:\WINDOWS\system32;C:\WINDOWS;C:\Program Files\Eclipse Adoptium\jdk-25.0.0.36-hotspot\bin;C:\WINDOWS\system32;C:\WINDOWS;C:\WINDOWS\System32\Wbem;C:\WINDOWS\System32\WindowsPowerShell\v1.0\;C:\WINDOWS\System32\OpenSSH\;C:\Program Files\Microsoft SQL Server\150\Tools\Binn\;C:\Program Files\Microsoft SQL Server\Client SDK\ODBC\170\Tools\Binn\;C:\Program Files (x86)\Microsoft SQL Server\150\Tools\Binn\;C:\Program Files\Microsoft SQL Server\150\DTS\Binn\;C:\Program Files\Azure Data Studio\bin;C:\Program Files\Microsoft SQL Server\120\Tools\Binn\;C:\Program Files\Microsoft SQL Server\Client SDK\ODBC\110\Tools\Binn\;C:\Program Files (x86)\Microsoft SQL Server\120\Tools\Binn\;C:\Program Files\Microsoft SQL Server\120\DTS\Binn\;C:\Program Files (x86)\Microsoft SQL Server\120\Tools\Binn\ManagementStudio\;C:\Program Files (x86)\Microsoft SQL Server\120\DTS\Binn\;C:\Program Files (x86)\Microsoft SQL Server\160\Tools\Binn\;C:\Program Files\Microsoft SQL Server\160\Tools\Binn\;C:\Program Files\Microsoft SQL Server\160\DTS\Binn\;c:\Users\azhai\AppData\Local\Programs\cursor\resources\app\bin;C:\WINDOWS\system32;C:\WINDOWS;C:\WINDOWS\System32\Wbem;C:\WINDOWS\System32\WindowsPowerShell\v1.0\;C:\WINDOWS\System32\OpenSSH\;C:\wamp64\bin\php\php5.6.40C:\Program Files\Microsoft SQL Server\170\Tools\Binn\;C:\Program Files\dotnet\;C:\Program Files\Git\cmd;C:\xampp\php;C:\composer;C:\Program Files\nodejs\;C:\Program Files\Erlang OTP\bin;C:\Program Files\RabbitMQ Server\rabbitmq_server-4.3.2\sbin;C:\Program Files (x86)\Microsoft SQL Server\170\Tools\Binn\;C:\Program Files\Microsoft SQL Server\170\Tools\Binn\;C:\Program Files\Microsoft SQL Server\Client SDK\ODBC\180\Tools\Binn\;C:\Program Files\Microsoft SQL Server\170\DTS\Binn\;C:\Users\azhai\AppData\Local\Volta\bin;C:\Users\azhai\AppData\Local\Yarn\config\global\node_modules\.bin;C:\Users\azhai\AppData\Roaming\Composer\vendor\bin;D:\laragon\bin;D:\laragon\bin\apache\httpd-2.4.54-win64-VS16\bin;D:\laragon\bin\composer;D:\laragon\bin\git\bin;D:\laragon\bin\git\cmd;D:\laragon\bin\git\mingw64\bin;D:\laragon\bin\git\usr\bin;D:\laragon\bin\laragon\utils;D:\laragon\bin\mysql\mysql-8.0.30-winx64\bin;D:\laragon\bin\nginx\nginx-1.22.0;D:\laragon\bin\ngrok;D:\laragon\bin\nodejs\node-v18;D:\laragon\bin\notepad++;D:\laragon\bin\php\php-8.3.31-nts-Win32-vs16-x64;D:\laragon\bin\python\python-3.10;D:\laragon\bin\python\python-3.10\Scripts;D:\laragon\bin\redis\redis-x64-5.0.14.1;D:\laragon\bin\telnet;D:\laragon\usr\bin;C:\Users\azhai\AppData\Local\Microsoft\WindowsApps;C:\Program Files\Azure Data Studio\bin;D:\Visual studio\Microsoft VS Code\bin;C:\Users\azhai\AppData\Local\GitHubDesktop\bin;C:\Program Files\dotnet;C:\Users\azhai\.dotnet\tools\;C:\Users\azhai\.dotnet\tools;C:\Users\azhai\AppData\Roa;C:\Users\azhai\AppData\Roaming\npm;D:\JavaBean\tools\apache-maven-3.9.16\bin;D:\IntelliJ IDEA 2026.2.2\bin;.]
13-Sep-2026 20:56:36.681 INFO [main] org.apache.coyote.AbstractProtocol.init Initializing ProtocolHandler ["http-nio-8080"]
13-Sep-2026 20:56:36.730 INFO [main] org.apache.catalina.startup.Catalina.load Server initialization in [1143] milliseconds
13-Sep-2026 20:56:36.811 INFO [main] org.apache.catalina.core.StandardService.startInternal Starting service [Catalina]
13-Sep-2026 20:56:36.811 INFO [main] org.apache.catalina.core.StandardEngine.startInternal Starting Servlet engine: [Apache Tomcat/9.0.121]
13-Sep-2026 20:56:36.837 INFO [main] org.apache.catalina.startup.HostConfig.deployWAR Deploying web application archive [D:\JavaBean\tools\apache-tomcat-9.0.121\webapps\JavaBean.war]
13-Sep-2026 20:56:38.160 INFO [main] org.apache.jasper.servlet.TldScanner.scanJars At least one JAR was scanned for TLDs yet contained no TLDs. Enable debug logging for this logger for a complete list of JARs that were scanned but no TLDs were found in them. Skipping unneeded JARs during scanning can improve startup time and JSP compilation time.
13-Sep-2026 20:56:38.250 INFO [main] org.apache.catalina.startup.HostConfig.deployWAR Deployment of web application archive [D:\JavaBean\tools\apache-tomcat-9.0.121\webapps\JavaBean.war] has finished in [1,410] ms
13-Sep-2026 20:56:38.250 INFO [main] org.apache.catalina.startup.HostConfig.deployDirectory Deploying web application directory [D:\JavaBean\tools\apache-tomcat-9.0.121\webapps\docs]
13-Sep-2026 20:56:38.312 INFO [main] org.apache.catalina.startup.HostConfig.deployDirectory Deployment of web application directory [D:\JavaBean\tools\apache-tomcat-9.0.121\webapps\docs] has finished in [62] ms
13-Sep-2026 20:56:38.313 INFO [main] org.apache.catalina.startup.HostConfig.deployDirectory Deploying web application directory [D:\JavaBean\tools\apache-tomcat-9.0.121\webapps\examples]
13-Sep-2026 20:56:38.950 INFO [main] org.apache.catalina.startup.HostConfig.deployDirectory Deployment of web application directory [D:\JavaBean\tools\apache-tomcat-9.0.121\webapps\examples] has finished in [636] ms
13-Sep-2026 20:56:38.950 INFO [main] org.apache.catalina.startup.HostConfig.deployDirectory Deploying web application directory [D:\JavaBean\tools\apache-tomcat-9.0.121\webapps\host-manager]
13-Sep-2026 20:56:39.008 INFO [main] org.apache.catalina.startup.HostConfig.deployDirectory Deployment of web application directory [D:\JavaBean\tools\apache-tomcat-9.0.121\webapps\host-manager] has finished in [58] ms
13-Sep-2026 20:56:39.010 INFO [main] org.apache.catalina.startup.HostConfig.deployDirectory Deploying web application directory [D:\JavaBean\tools\apache-tomcat-9.0.121\webapps\manager]
13-Sep-2026 20:56:39.063 INFO [main] org.apache.catalina.startup.HostConfig.deployDirectory Deployment of web application directory [D:\JavaBean\tools\apache-tomcat-9.0.121\webapps\manager] has finished in [54] ms
13-Sep-2026 20:56:39.063 INFO [main] org.apache.catalina.startup.HostConfig.deployDirectory Deploying web application directory [D:\JavaBean\tools\apache-tomcat-9.0.121\webapps\ROOT]
13-Sep-2026 20:56:39.112 INFO [main] org.apache.catalina.startup.HostConfig.deployDirectory Deployment of web application directory [D:\JavaBean\tools\apache-tomcat-9.0.121\webapps\ROOT] has finished in [49] ms
13-Sep-2026 20:56:39.123 INFO [main] org.apache.coyote.AbstractProtocol.start Starting ProtocolHandler ["http-nio-8080"]
13-Sep-2026 20:56:39.200 INFO [main] org.apache.catalina.startup.Catalina.start Server startup in [2464] milliseconds
13-Sep-2026 21:12:33.586 WARNING [main] org.apache.catalina.core.StandardServer.await Invalid shutdown command [] received
