07-Sep-2026 18:49:02.222 INFO [main] org.apache.catalina.core.ApplicationContext.log ContextListener: contextInitialized()
07-Sep-2026 18:49:02.223 INFO [main] org.apache.catalina.core.ApplicationContext.log SessionListener: contextInitialized()
07-Sep-2026 18:49:02.235 INFO [main] org.apache.catalina.core.ApplicationContext.log ContextListener: attributeAdded('StockTicker', 'async.Stockticker@6b68cb27')
07-Sep-2026 19:00:42.830 INFO [main] org.apache.catalina.core.ApplicationContext.log ContextListener: contextInitialized()
07-Sep-2026 19:00:42.830 INFO [main] org.apache.catalina.core.ApplicationContext.log SessionListener: contextInitialized()
07-Sep-2026 19:00:42.834 INFO [main] org.apache.catalina.core.ApplicationContext.log ContextListener: attributeAdded('StockTicker', 'async.Stockticker@3ee69ad8')
07-Sep-2026 19:01:27.135 INFO [Thread-1] org.apache.catalina.core.ApplicationContext.log SessionListener: contextDestroyed()
07-Sep-2026 19:01:27.135 INFO [Thread-1] org.apache.catalina.core.ApplicationContext.log ContextListener: contextDestroyed()
07-Sep-2026 19:02:02.188 INFO [main] org.apache.catalina.core.ApplicationContext.log ContextListener: contextInitialized()
07-Sep-2026 19:02:02.188 INFO [main] org.apache.catalina.core.ApplicationContext.log SessionListener: contextInitialized()
07-Sep-2026 19:02:02.191 INFO [main] org.apache.catalina.core.ApplicationContext.log ContextListener: attributeAdded('StockTicker', 'async.Stockticker@12d1f1d4')
07-Sep-2026 19:17:49.184 INFO [main] org.apache.catalina.core.ApplicationContext.log ContextListener: contextInitialized()
07-Sep-2026 19:17:49.184 INFO [main] org.apache.catalina.core.ApplicationContext.log SessionListener: contextInitialized()
07-Sep-2026 19:17:49.198 INFO [main] org.apache.catalina.core.ApplicationContext.log ContextListener: attributeAdded('StockTicker', 'async.Stockticker@319c3a25')
07-Sep-2026 19:17:50.475 INFO [main] org.apache.catalina.core.ApplicationContext.log SessionListener: contextDestroyed()
07-Sep-2026 19:17:50.475 INFO [main] org.apache.catalina.core.ApplicationContext.log ContextListener: contextDestroyed()
07-Sep-2026 19:22:28.833 INFO [main] org.apache.catalina.core.ApplicationContext.log ContextListener: contextInitialized()
07-Sep-2026 19:22:28.833 INFO [main] org.apache.catalina.core.ApplicationContext.log SessionListener: contextInitialized()
07-Sep-2026 19:22:28.837 INFO [main] org.apache.catalina.core.ApplicationContext.log ContextListener: attributeAdded('StockTicker', 'async.Stockticker@68e7c8c3')
07-Sep-2026 19:23:58.927 INFO [main] org.apache.catalina.core.ApplicationContext.log SessionListener: contextDestroyed()
07-Sep-2026 19:23:58.927 INFO [main] org.apache.catalina.core.ApplicationContext.log ContextListener: contextDestroyed()
07-Sep-2026 19:24:28.169 INFO [main] org.apache.catalina.core.ApplicationContext.log ContextListener: contextInitialized()
07-Sep-2026 19:24:28.169 INFO [main] org.apache.catalina.core.ApplicationContext.log SessionListener: contextInitialized()
07-Sep-2026 19:24:28.174 INFO [main] org.apache.catalina.core.ApplicationContext.log ContextListener: attributeAdded('StockTicker', 'async.Stockticker@e8e0dec')
07-Sep-2026 20:09:47.886 INFO [Thread-1] org.apache.catalina.core.ApplicationContext.log SessionListener: contextDestroyed()
07-Sep-2026 20:09:47.886 INFO [Thread-1] org.apache.catalina.core.ApplicationContext.log ContextListener: contextDestroyed()
07-Sep-2026 20:10:29.188 INFO [main] org.apache.catalina.core.ApplicationContext.log ContextListener: contextInitialized()
07-Sep-2026 20:10:29.188 INFO [main] org.apache.catalina.core.ApplicationContext.log SessionListener: contextInitialized()
07-Sep-2026 20:10:29.193 INFO [main] org.apache.catalina.core.ApplicationContext.log ContextListener: attributeAdded('StockTicker', 'async.Stockticker@27df0f3d')
07-Sep-2026 20:13:06.286 INFO [Thread-1] org.apache.catalina.core.ApplicationContext.log SessionListener: contextDestroyed()
07-Sep-2026 20:13:06.286 INFO [Thread-1] org.apache.catalina.core.ApplicationContext.log ContextListener: contextDestroyed()
07-Sep-2026 20:16:14.203 INFO [main] org.apache.catalina.core.ApplicationContext.log ContextListener: contextInitialized()
07-Sep-2026 20:16:14.203 INFO [main] org.apache.catalina.core.ApplicationContext.log SessionListener: contextInitialized()
07-Sep-2026 20:16:14.209 INFO [main] org.apache.catalina.core.ApplicationContext.log ContextListener: attributeAdded('StockTicker', 'async.Stockticker@65c86db8')
07-Sep-2026 20:19:19.261 INFO [main] org.apache.catalina.core.ApplicationContext.log ContextListener: contextInitialized()
07-Sep-2026 20:19:19.262 INFO [main] org.apache.catalina.core.ApplicationContext.log SessionListener: contextInitialized()
07-Sep-2026 20:19:19.266 INFO [main] org.apache.catalina.core.ApplicationContext.log ContextListener: attributeAdded('StockTicker', 'async.Stockticker@19650aa6')
07-Sep-2026 21:05:49.271 INFO [Thread-1] org.apache.catalina.core.ApplicationContext.log SessionListener: contextDestroyed()
07-Sep-2026 21:05:49.271 INFO [Thread-1] org.apache.catalina.core.ApplicationContext.log ContextListener: contextDestroyed()
07-Sep-2026 21:12:17.696 INFO [main] org.apache.catalina.core.ApplicationContext.log ContextListener: contextInitialized()
07-Sep-2026 21:12:17.697 INFO [main] org.apache.catalina.core.ApplicationContext.log SessionListener: contextInitialized()
07-Sep-2026 21:12:17.704 INFO [main] org.apache.catalina.core.ApplicationContext.log ContextListener: attributeAdded('StockTicker', 'async.Stockticker@55259aa7')
