09-Sep-2026 15:07:15.989 INFO [main] org.apache.catalina.core.ApplicationContext.log ContextListener: contextInitialized()
09-Sep-2026 15:07:15.990 INFO [main] org.apache.catalina.core.ApplicationContext.log SessionListener: contextInitialized()
09-Sep-2026 15:07:15.996 INFO [main] org.apache.catalina.core.ApplicationContext.log ContextListener: attributeAdded('StockTicker', 'async.Stockticker@e8e0dec')
09-Sep-2026 16:38:24.978 INFO [main] org.apache.catalina.core.ApplicationContext.log ContextListener: contextInitialized()
09-Sep-2026 16:38:24.978 INFO [main] org.apache.catalina.core.ApplicationContext.log SessionListener: contextInitialized()
09-Sep-2026 16:38:24.983 INFO [main] org.apache.catalina.core.ApplicationContext.log ContextListener: attributeAdded('StockTicker', 'async.Stockticker@6cd164a6')
09-Sep-2026 16:38:31.214 INFO [http-nio-8080-exec-2] org.apache.catalina.core.ApplicationContext.log LoginServlet: [LIFECYCLE] (2b) init() - da tao UserDAO, sessionTimeout = 30 phut, context = /JavaBean
09-Sep-2026 16:38:31.214 INFO [http-nio-8080-exec-2] org.apache.catalina.core.ApplicationContext.log LoginServlet: [LIFECYCLE] (2a) init(ServletConfig) - servlet name = LoginServlet
09-Sep-2026 16:38:31.227 INFO [http-nio-8080-exec-2] org.apache.catalina.core.ApplicationContext.log LoginServlet: [LIFECYCLE] (3) service() - GET /JavaBean/login | request thu 1 | thread = http-nio-8080-exec-2
09-Sep-2026 16:38:31.228 INFO [http-nio-8080-exec-2] org.apache.catalina.core.ApplicationContext.log LoginServlet: [LIFECYCLE] (3a) doGet() - hien thi form dang nhap
09-Sep-2026 16:38:45.087 INFO [http-nio-8080-exec-5] org.apache.catalina.core.ApplicationContext.log LoginServlet: [LIFECYCLE] (3) service() - GET /JavaBean/login | request thu 2 | thread = http-nio-8080-exec-5
09-Sep-2026 16:38:45.091 INFO [http-nio-8080-exec-5] org.apache.catalina.core.ApplicationContext.log LoginServlet: [LIFECYCLE] (3a) doGet() - hien thi form dang nhap
09-Sep-2026 18:23:02.514 INFO [main] org.apache.catalina.core.ApplicationContext.log ContextListener: contextInitialized()
09-Sep-2026 18:23:02.514 INFO [main] org.apache.catalina.core.ApplicationContext.log SessionListener: contextInitialized()
09-Sep-2026 18:23:02.519 INFO [main] org.apache.catalina.core.ApplicationContext.log ContextListener: attributeAdded('StockTicker', 'async.Stockticker@3e7c4815')
09-Sep-2026 18:23:20.880 INFO [http-nio-8080-exec-1] org.apache.catalina.core.ApplicationContext.log LoginServlet: [LIFECYCLE] (2b) init() - da tao UserDAO, sessionTimeout = 30 phut, context = /JavaBean
09-Sep-2026 18:23:20.881 INFO [http-nio-8080-exec-1] org.apache.catalina.core.ApplicationContext.log LoginServlet: [LIFECYCLE] (2a) init(ServletConfig) - servlet name = LoginServlet
09-Sep-2026 18:23:20.890 INFO [http-nio-8080-exec-1] org.apache.catalina.core.ApplicationContext.log LoginServlet: [LIFECYCLE] (3) service() - GET /JavaBean/login | request thu 1 | thread = http-nio-8080-exec-1
09-Sep-2026 18:23:20.891 INFO [http-nio-8080-exec-1] org.apache.catalina.core.ApplicationContext.log LoginServlet: [LIFECYCLE] (3a) doGet() - hien thi form dang nhap
09-Sep-2026 18:23:27.312 INFO [http-nio-8080-exec-2] org.apache.catalina.core.ApplicationContext.log LoginServlet: [LIFECYCLE] (3) service() - POST /JavaBean/login | request thu 2 | thread = http-nio-8080-exec-2
09-Sep-2026 18:23:27.312 INFO [http-nio-8080-exec-2] org.apache.catalina.core.ApplicationContext.log LoginServlet: [LIFECYCLE] (3b) doPost() - kiem tra thong tin dang nhap
09-Sep-2026 18:23:27.999 SEVERE [http-nio-8080-exec-2] org.apache.catalina.core.StandardWrapperValve.invoke Servlet.service() for servlet [LoginServlet] in context with path [/JavaBean] threw exception
	java.lang.RuntimeException: Loi truy van user: Table 'product_mvc_db.users' doesn't exist
		at dao.UserDao.findByUsername(UserDao.java:30)
		at controller.LoginServlet.doPost(LoginServlet.java:137)
		at javax.servlet.http.HttpServlet.service(HttpServlet.java:555)
		at controller.LoginServlet.service(LoginServlet.java:114)
		at javax.servlet.http.HttpServlet.service(HttpServlet.java:623)
		at org.apache.catalina.core.ApplicationFilterChain.internalDoFilter(ApplicationFilterChain.java:201)
		at org.apache.catalina.core.ApplicationFilterChain.doFilter(ApplicationFilterChain.java:146)
		at org.apache.tomcat.websocket.server.WsFilter.doFilter(WsFilter.java:57)
		at org.apache.catalina.core.ApplicationFilterChain.internalDoFilter(ApplicationFilterChain.java:170)
		at org.apache.catalina.core.ApplicationFilterChain.doFilter(ApplicationFilterChain.java:146)
		at org.apache.catalina.core.StandardWrapperValve.invoke(StandardWrapperValve.java:166)
		at org.apache.catalina.core.StandardContextValve.invoke(StandardContextValve.java:88)
		at org.apache.catalina.authenticator.AuthenticatorBase.invoke(AuthenticatorBase.java:534)
		at org.apache.catalina.core.StandardHostValve.invoke(StandardHostValve.java:129)
		at org.apache.catalina.valves.ErrorReportValve.invoke(ErrorReportValve.java:86)
		at org.apache.catalina.valves.AbstractAccessLogValve.invoke(AbstractAccessLogValve.java:764)
		at org.apache.catalina.core.StandardEngineValve.invoke(StandardEngineValve.java:71)
		at org.apache.catalina.connector.CoyoteAdapter.service(CoyoteAdapter.java:350)
		at org.apache.coyote.http11.Http11Processor.service(Http11Processor.java:409)
		at org.apache.coyote.AbstractProcessorLight.process(AbstractProcessorLight.java:71)
		at org.apache.coyote.AbstractProtocol$ConnectionHandler.process(AbstractProtocol.java:1344)
		at org.apache.tomcat.util.net.NioEndpoint$SocketProcessor.doRun(NioEndpoint.java:2254)
		at org.apache.tomcat.util.net.SocketProcessorBase.run(SocketProcessorBase.java:74)
		at org.apache.tomcat.util.threads.ThreadPoolExecutor.runWorker(ThreadPoolExecutor.java:976)
		at org.apache.tomcat.util.threads.ThreadPoolExecutor$Worker.run(ThreadPoolExecutor.java:494)
		at org.apache.tomcat.util.threads.TaskThread$WrappingRunnable.run(TaskThread.java:80)
		at java.base/java.lang.Thread.run(Thread.java:1474)
	Caused by: java.sql.SQLSyntaxErrorException: Table 'product_mvc_db.users' doesn't exist
		at com.mysql.cj.jdbc.exceptions.SQLError.createSQLException(SQLError.java:112)
		at com.mysql.cj.jdbc.exceptions.SQLExceptionsMapping.translateException(SQLExceptionsMapping.java:113)
		at com.mysql.cj.jdbc.ClientPreparedStatement.executeInternal(ClientPreparedStatement.java:938)
		at com.mysql.cj.jdbc.ClientPreparedStatement.executeQuery(ClientPreparedStatement.java:1004)
		at dao.UserDao.findByUsername(UserDao.java:24)
		... 26 more
09-Sep-2026 18:24:41.045 INFO [http-nio-8080-exec-5] org.apache.catalina.core.ApplicationContext.log LoginServlet: [LIFECYCLE] (3) service() - POST /JavaBean/login | request thu 3 | thread = http-nio-8080-exec-5
09-Sep-2026 18:24:41.045 INFO [http-nio-8080-exec-5] org.apache.catalina.core.ApplicationContext.log LoginServlet: [LIFECYCLE] (3b) doPost() - kiem tra thong tin dang nhap
09-Sep-2026 18:24:41.083 SEVERE [http-nio-8080-exec-5] org.apache.catalina.core.StandardWrapperValve.invoke Servlet.service() for servlet [LoginServlet] in context with path [/JavaBean] threw exception
	java.lang.RuntimeException: Loi truy van user: Unknown column 'full_name' in 'field list'
		at dao.UserDao.findByUsername(UserDao.java:30)
		at controller.LoginServlet.doPost(LoginServlet.java:137)
		at javax.servlet.http.HttpServlet.service(HttpServlet.java:555)
		at controller.LoginServlet.service(LoginServlet.java:114)
		at javax.servlet.http.HttpServlet.service(HttpServlet.java:623)
		at org.apache.catalina.core.ApplicationFilterChain.internalDoFilter(ApplicationFilterChain.java:201)
		at org.apache.catalina.core.ApplicationFilterChain.doFilter(ApplicationFilterChain.java:146)
		at org.apache.tomcat.websocket.server.WsFilter.doFilter(WsFilter.java:57)
		at org.apache.catalina.core.ApplicationFilterChain.internalDoFilter(ApplicationFilterChain.java:170)
		at org.apache.catalina.core.ApplicationFilterChain.doFilter(ApplicationFilterChain.java:146)
		at org.apache.catalina.core.StandardWrapperValve.invoke(StandardWrapperValve.java:166)
		at org.apache.catalina.core.StandardContextValve.invoke(StandardContextValve.java:88)
		at org.apache.catalina.authenticator.AuthenticatorBase.invoke(AuthenticatorBase.java:534)
		at org.apache.catalina.core.StandardHostValve.invoke(StandardHostValve.java:129)
		at org.apache.catalina.valves.ErrorReportValve.invoke(ErrorReportValve.java:86)
		at org.apache.catalina.valves.AbstractAccessLogValve.invoke(AbstractAccessLogValve.java:764)
		at org.apache.catalina.core.StandardEngineValve.invoke(StandardEngineValve.java:71)
		at org.apache.catalina.connector.CoyoteAdapter.service(CoyoteAdapter.java:350)
		at org.apache.coyote.http11.Http11Processor.service(Http11Processor.java:409)
		at org.apache.coyote.AbstractProcessorLight.process(AbstractProcessorLight.java:71)
		at org.apache.coyote.AbstractProtocol$ConnectionHandler.process(AbstractProtocol.java:1344)
		at org.apache.tomcat.util.net.NioEndpoint$SocketProcessor.doRun(NioEndpoint.java:2254)
		at org.apache.tomcat.util.net.SocketProcessorBase.run(SocketProcessorBase.java:74)
		at org.apache.tomcat.util.threads.ThreadPoolExecutor.runWorker(ThreadPoolExecutor.java:976)
		at org.apache.tomcat.util.threads.ThreadPoolExecutor$Worker.run(ThreadPoolExecutor.java:494)
		at org.apache.tomcat.util.threads.TaskThread$WrappingRunnable.run(TaskThread.java:80)
		at java.base/java.lang.Thread.run(Thread.java:1474)
	Caused by: java.sql.SQLSyntaxErrorException: Unknown column 'full_name' in 'field list'
		at com.mysql.cj.jdbc.exceptions.SQLError.createSQLException(SQLError.java:112)
		at com.mysql.cj.jdbc.exceptions.SQLExceptionsMapping.translateException(SQLExceptionsMapping.java:113)
		at com.mysql.cj.jdbc.ClientPreparedStatement.executeInternal(ClientPreparedStatement.java:938)
		at com.mysql.cj.jdbc.ClientPreparedStatement.executeQuery(ClientPreparedStatement.java:1004)
		at dao.UserDao.findByUsername(UserDao.java:24)
		... 26 more
09-Sep-2026 18:24:43.619 INFO [http-nio-8080-exec-4] org.apache.catalina.core.ApplicationContext.log LoginServlet: [LIFECYCLE] (3) service() - GET /JavaBean/login | request thu 4 | thread = http-nio-8080-exec-4
09-Sep-2026 18:24:43.619 INFO [http-nio-8080-exec-4] org.apache.catalina.core.ApplicationContext.log LoginServlet: [LIFECYCLE] (3a) doGet() - hien thi form dang nhap
09-Sep-2026 18:24:47.283 INFO [http-nio-8080-exec-6] org.apache.catalina.core.ApplicationContext.log LoginServlet: [LIFECYCLE] (3) service() - POST /JavaBean/login | request thu 5 | thread = http-nio-8080-exec-6
09-Sep-2026 18:24:47.283 INFO [http-nio-8080-exec-6] org.apache.catalina.core.ApplicationContext.log LoginServlet: [LIFECYCLE] (3b) doPost() - kiem tra thong tin dang nhap
09-Sep-2026 18:24:47.297 SEVERE [http-nio-8080-exec-6] org.apache.catalina.core.StandardWrapperValve.invoke Servlet.service() for servlet [LoginServlet] in context with path [/JavaBean] threw exception
	java.lang.RuntimeException: Loi truy van user: Unknown column 'full_name' in 'field list'
		at dao.UserDao.findByUsername(UserDao.java:30)
		at controller.LoginServlet.doPost(LoginServlet.java:137)
		at javax.servlet.http.HttpServlet.service(HttpServlet.java:555)
		at controller.LoginServlet.service(LoginServlet.java:114)
		at javax.servlet.http.HttpServlet.service(HttpServlet.java:623)
		at org.apache.catalina.core.ApplicationFilterChain.internalDoFilter(ApplicationFilterChain.java:201)
		at org.apache.catalina.core.ApplicationFilterChain.doFilter(ApplicationFilterChain.java:146)
		at org.apache.tomcat.websocket.server.WsFilter.doFilter(WsFilter.java:57)
		at org.apache.catalina.core.ApplicationFilterChain.internalDoFilter(ApplicationFilterChain.java:170)
		at org.apache.catalina.core.ApplicationFilterChain.doFilter(ApplicationFilterChain.java:146)
		at org.apache.catalina.core.StandardWrapperValve.invoke(StandardWrapperValve.java:166)
		at org.apache.catalina.core.StandardContextValve.invoke(StandardContextValve.java:88)
		at org.apache.catalina.authenticator.AuthenticatorBase.invoke(AuthenticatorBase.java:534)
		at org.apache.catalina.core.StandardHostValve.invoke(StandardHostValve.java:129)
		at org.apache.catalina.valves.ErrorReportValve.invoke(ErrorReportValve.java:86)
		at org.apache.catalina.valves.AbstractAccessLogValve.invoke(AbstractAccessLogValve.java:764)
		at org.apache.catalina.core.StandardEngineValve.invoke(StandardEngineValve.java:71)
		at org.apache.catalina.connector.CoyoteAdapter.service(CoyoteAdapter.java:350)
		at org.apache.coyote.http11.Http11Processor.service(Http11Processor.java:409)
		at org.apache.coyote.AbstractProcessorLight.process(AbstractProcessorLight.java:71)
		at org.apache.coyote.AbstractProtocol$ConnectionHandler.process(AbstractProtocol.java:1344)
		at org.apache.tomcat.util.net.NioEndpoint$SocketProcessor.doRun(NioEndpoint.java:2254)
		at org.apache.tomcat.util.net.SocketProcessorBase.run(SocketProcessorBase.java:74)
		at org.apache.tomcat.util.threads.ThreadPoolExecutor.runWorker(ThreadPoolExecutor.java:976)
		at org.apache.tomcat.util.threads.ThreadPoolExecutor$Worker.run(ThreadPoolExecutor.java:494)
		at org.apache.tomcat.util.threads.TaskThread$WrappingRunnable.run(TaskThread.java:80)
		at java.base/java.lang.Thread.run(Thread.java:1474)
	Caused by: java.sql.SQLSyntaxErrorException: Unknown column 'full_name' in 'field list'
		at com.mysql.cj.jdbc.exceptions.SQLError.createSQLException(SQLError.java:112)
		at com.mysql.cj.jdbc.exceptions.SQLExceptionsMapping.translateException(SQLExceptionsMapping.java:113)
		at com.mysql.cj.jdbc.ClientPreparedStatement.executeInternal(ClientPreparedStatement.java:938)
		at com.mysql.cj.jdbc.ClientPreparedStatement.executeQuery(ClientPreparedStatement.java:1004)
		at dao.UserDao.findByUsername(UserDao.java:24)
		... 26 more
09-Sep-2026 18:43:13.440 INFO [main] org.apache.catalina.core.ApplicationContext.log ContextListener: contextInitialized()
09-Sep-2026 18:43:13.440 INFO [main] org.apache.catalina.core.ApplicationContext.log SessionListener: contextInitialized()
09-Sep-2026 18:43:13.448 INFO [main] org.apache.catalina.core.ApplicationContext.log ContextListener: attributeAdded('StockTicker', 'async.Stockticker@7ca8d498')
09-Sep-2026 18:43:15.565 SEVERE [http-nio-8080-exec-1] org.apache.catalina.core.StandardWrapperValve.invoke Servlet.service() for servlet [controller.ProductServlet] in context with path [/JavaBean] threw exception
	java.lang.RuntimeException: Loi lay danh sach san pham: Unknown column 'description' in 'field list'
		at dao.ProductDAO.findAll(ProductDAO.java:51)
		at controller.ProductServlet.doGet(ProductServlet.java:36)
		at javax.servlet.http.HttpServlet.service(HttpServlet.java:529)
		at javax.servlet.http.HttpServlet.service(HttpServlet.java:623)
		at org.apache.catalina.core.ApplicationFilterChain.internalDoFilter(ApplicationFilterChain.java:201)
		at org.apache.catalina.core.ApplicationFilterChain.doFilter(ApplicationFilterChain.java:146)
		at org.apache.tomcat.websocket.server.WsFilter.doFilter(WsFilter.java:57)
		at org.apache.catalina.core.ApplicationFilterChain.internalDoFilter(ApplicationFilterChain.java:170)
		at org.apache.catalina.core.ApplicationFilterChain.doFilter(ApplicationFilterChain.java:146)
		at org.apache.catalina.core.StandardWrapperValve.invoke(StandardWrapperValve.java:166)
		at org.apache.catalina.core.StandardContextValve.invoke(StandardContextValve.java:88)
		at org.apache.catalina.authenticator.AuthenticatorBase.invoke(AuthenticatorBase.java:534)
		at org.apache.catalina.core.StandardHostValve.invoke(StandardHostValve.java:129)
		at org.apache.catalina.valves.ErrorReportValve.invoke(ErrorReportValve.java:86)
		at org.apache.catalina.valves.AbstractAccessLogValve.invoke(AbstractAccessLogValve.java:764)
		at org.apache.catalina.core.StandardEngineValve.invoke(StandardEngineValve.java:71)
		at org.apache.catalina.connector.CoyoteAdapter.service(CoyoteAdapter.java:350)
		at org.apache.coyote.http11.Http11Processor.service(Http11Processor.java:409)
		at org.apache.coyote.AbstractProcessorLight.process(AbstractProcessorLight.java:71)
		at org.apache.coyote.AbstractProtocol$ConnectionHandler.process(AbstractProtocol.java:1344)
		at org.apache.tomcat.util.net.NioEndpoint$SocketProcessor.doRun(NioEndpoint.java:2254)
		at org.apache.tomcat.util.net.SocketProcessorBase.run(SocketProcessorBase.java:74)
		at org.apache.tomcat.util.threads.ThreadPoolExecutor.runWorker(ThreadPoolExecutor.java:976)
		at org.apache.tomcat.util.threads.ThreadPoolExecutor$Worker.run(ThreadPoolExecutor.java:494)
		at org.apache.tomcat.util.threads.TaskThread$WrappingRunnable.run(TaskThread.java:80)
		at java.base/java.lang.Thread.run(Thread.java:1474)
	Caused by: java.sql.SQLSyntaxErrorException: Unknown column 'description' in 'field list'
		at com.mysql.cj.jdbc.exceptions.SQLError.createSQLException(SQLError.java:112)
		at com.mysql.cj.jdbc.exceptions.SQLExceptionsMapping.translateException(SQLExceptionsMapping.java:113)
		at com.mysql.cj.jdbc.ClientPreparedStatement.executeInternal(ClientPreparedStatement.java:938)
		at com.mysql.cj.jdbc.ClientPreparedStatement.executeQuery(ClientPreparedStatement.java:1004)
		at dao.ProductDAO.findAll(ProductDAO.java:45)
		... 25 more
09-Sep-2026 18:43:38.473 INFO [http-nio-8080-exec-2] org.apache.catalina.core.ApplicationContext.log LoginServlet: [LIFECYCLE] (2b) init() - da tao UserDAO, sessionTimeout = 30 phut, context = /JavaBean
09-Sep-2026 18:43:38.473 INFO [http-nio-8080-exec-2] org.apache.catalina.core.ApplicationContext.log LoginServlet: [LIFECYCLE] (2a) init(ServletConfig) - servlet name = LoginServlet
09-Sep-2026 18:43:38.478 INFO [http-nio-8080-exec-2] org.apache.catalina.core.ApplicationContext.log LoginServlet: [LIFECYCLE] (3) service() - GET /JavaBean/login | request thu 1 | thread = http-nio-8080-exec-2
09-Sep-2026 18:43:38.479 INFO [http-nio-8080-exec-2] org.apache.catalina.core.ApplicationContext.log LoginServlet: [LIFECYCLE] (3a) doGet() - hien thi form dang nhap
09-Sep-2026 18:43:45.776 INFO [http-nio-8080-exec-3] org.apache.catalina.core.ApplicationContext.log LoginServlet: [LIFECYCLE] (3) service() - POST /JavaBean/login | request thu 2 | thread = http-nio-8080-exec-3
09-Sep-2026 18:43:45.776 INFO [http-nio-8080-exec-3] org.apache.catalina.core.ApplicationContext.log LoginServlet: [LIFECYCLE] (3b) doPost() - kiem tra thong tin dang nhap
09-Sep-2026 18:43:45.807 SEVERE [http-nio-8080-exec-3] org.apache.catalina.core.StandardWrapperValve.invoke Servlet.service() for servlet [LoginServlet] in context with path [/JavaBean] threw exception
	java.lang.RuntimeException: Loi truy van user: Unknown column 'full_name' in 'field list'
		at dao.UserDao.findByUsername(UserDao.java:30)
		at controller.LoginServlet.doPost(LoginServlet.java:137)
		at javax.servlet.http.HttpServlet.service(HttpServlet.java:555)
		at controller.LoginServlet.service(LoginServlet.java:114)
		at javax.servlet.http.HttpServlet.service(HttpServlet.java:623)
		at org.apache.catalina.core.ApplicationFilterChain.internalDoFilter(ApplicationFilterChain.java:201)
		at org.apache.catalina.core.ApplicationFilterChain.doFilter(ApplicationFilterChain.java:146)
		at org.apache.tomcat.websocket.server.WsFilter.doFilter(WsFilter.java:57)
		at org.apache.catalina.core.ApplicationFilterChain.internalDoFilter(ApplicationFilterChain.java:170)
		at org.apache.catalina.core.ApplicationFilterChain.doFilter(ApplicationFilterChain.java:146)
		at org.apache.catalina.core.StandardWrapperValve.invoke(StandardWrapperValve.java:166)
		at org.apache.catalina.core.StandardContextValve.invoke(StandardContextValve.java:88)
		at org.apache.catalina.authenticator.AuthenticatorBase.invoke(AuthenticatorBase.java:534)
		at org.apache.catalina.core.StandardHostValve.invoke(StandardHostValve.java:129)
		at org.apache.catalina.valves.ErrorReportValve.invoke(ErrorReportValve.java:86)
		at org.apache.catalina.valves.AbstractAccessLogValve.invoke(AbstractAccessLogValve.java:764)
		at org.apache.catalina.core.StandardEngineValve.invoke(StandardEngineValve.java:71)
		at org.apache.catalina.connector.CoyoteAdapter.service(CoyoteAdapter.java:350)
		at org.apache.coyote.http11.Http11Processor.service(Http11Processor.java:409)
		at org.apache.coyote.AbstractProcessorLight.process(AbstractProcessorLight.java:71)
		at org.apache.coyote.AbstractProtocol$ConnectionHandler.process(AbstractProtocol.java:1344)
		at org.apache.tomcat.util.net.NioEndpoint$SocketProcessor.doRun(NioEndpoint.java:2254)
		at org.apache.tomcat.util.net.SocketProcessorBase.run(SocketProcessorBase.java:74)
		at org.apache.tomcat.util.threads.ThreadPoolExecutor.runWorker(ThreadPoolExecutor.java:976)
		at org.apache.tomcat.util.threads.ThreadPoolExecutor$Worker.run(ThreadPoolExecutor.java:494)
		at org.apache.tomcat.util.threads.TaskThread$WrappingRunnable.run(TaskThread.java:80)
		at java.base/java.lang.Thread.run(Thread.java:1474)
	Caused by: java.sql.SQLSyntaxErrorException: Unknown column 'full_name' in 'field list'
		at com.mysql.cj.jdbc.exceptions.SQLError.createSQLException(SQLError.java:112)
		at com.mysql.cj.jdbc.exceptions.SQLExceptionsMapping.translateException(SQLExceptionsMapping.java:113)
		at com.mysql.cj.jdbc.ClientPreparedStatement.executeInternal(ClientPreparedStatement.java:938)
		at com.mysql.cj.jdbc.ClientPreparedStatement.executeQuery(ClientPreparedStatement.java:1004)
		at dao.UserDao.findByUsername(UserDao.java:24)
		... 26 more
09-Sep-2026 18:43:51.186 INFO [http-nio-8080-exec-4] org.apache.catalina.core.ApplicationContext.log LoginServlet: [LIFECYCLE] (3) service() - POST /JavaBean/login | request thu 3 | thread = http-nio-8080-exec-4
09-Sep-2026 18:43:51.187 INFO [http-nio-8080-exec-4] org.apache.catalina.core.ApplicationContext.log LoginServlet: [LIFECYCLE] (3b) doPost() - kiem tra thong tin dang nhap
09-Sep-2026 18:43:51.216 SEVERE [http-nio-8080-exec-4] org.apache.catalina.core.StandardWrapperValve.invoke Servlet.service() for servlet [LoginServlet] in context with path [/JavaBean] threw exception
	java.lang.RuntimeException: Loi truy van user: Unknown column 'full_name' in 'field list'
		at dao.UserDao.findByUsername(UserDao.java:30)
		at controller.LoginServlet.doPost(LoginServlet.java:137)
		at javax.servlet.http.HttpServlet.service(HttpServlet.java:555)
		at controller.LoginServlet.service(LoginServlet.java:114)
		at javax.servlet.http.HttpServlet.service(HttpServlet.java:623)
		at org.apache.catalina.core.ApplicationFilterChain.internalDoFilter(ApplicationFilterChain.java:201)
		at org.apache.catalina.core.ApplicationFilterChain.doFilter(ApplicationFilterChain.java:146)
		at org.apache.tomcat.websocket.server.WsFilter.doFilter(WsFilter.java:57)
		at org.apache.catalina.core.ApplicationFilterChain.internalDoFilter(ApplicationFilterChain.java:170)
		at org.apache.catalina.core.ApplicationFilterChain.doFilter(ApplicationFilterChain.java:146)
		at org.apache.catalina.core.StandardWrapperValve.invoke(StandardWrapperValve.java:166)
		at org.apache.catalina.core.StandardContextValve.invoke(StandardContextValve.java:88)
		at org.apache.catalina.authenticator.AuthenticatorBase.invoke(AuthenticatorBase.java:534)
		at org.apache.catalina.core.StandardHostValve.invoke(StandardHostValve.java:129)
		at org.apache.catalina.valves.ErrorReportValve.invoke(ErrorReportValve.java:86)
		at org.apache.catalina.valves.AbstractAccessLogValve.invoke(AbstractAccessLogValve.java:764)
		at org.apache.catalina.core.StandardEngineValve.invoke(StandardEngineValve.java:71)
		at org.apache.catalina.connector.CoyoteAdapter.service(CoyoteAdapter.java:350)
		at org.apache.coyote.http11.Http11Processor.service(Http11Processor.java:409)
		at org.apache.coyote.AbstractProcessorLight.process(AbstractProcessorLight.java:71)
		at org.apache.coyote.AbstractProtocol$ConnectionHandler.process(AbstractProtocol.java:1344)
		at org.apache.tomcat.util.net.NioEndpoint$SocketProcessor.doRun(NioEndpoint.java:2254)
		at org.apache.tomcat.util.net.SocketProcessorBase.run(SocketProcessorBase.java:74)
		at org.apache.tomcat.util.threads.ThreadPoolExecutor.runWorker(ThreadPoolExecutor.java:976)
		at org.apache.tomcat.util.threads.ThreadPoolExecutor$Worker.run(ThreadPoolExecutor.java:494)
		at org.apache.tomcat.util.threads.TaskThread$WrappingRunnable.run(TaskThread.java:80)
		at java.base/java.lang.Thread.run(Thread.java:1474)
	Caused by: java.sql.SQLSyntaxErrorException: Unknown column 'full_name' in 'field list'
		at com.mysql.cj.jdbc.exceptions.SQLError.createSQLException(SQLError.java:112)
		at com.mysql.cj.jdbc.exceptions.SQLExceptionsMapping.translateException(SQLExceptionsMapping.java:113)
		at com.mysql.cj.jdbc.ClientPreparedStatement.executeInternal(ClientPreparedStatement.java:938)
		at com.mysql.cj.jdbc.ClientPreparedStatement.executeQuery(ClientPreparedStatement.java:1004)
		at dao.UserDao.findByUsername(UserDao.java:24)
		... 26 more
09-Sep-2026 18:45:00.305 INFO [main] org.apache.catalina.core.ApplicationContext.log ContextListener: contextInitialized()
09-Sep-2026 18:45:00.306 INFO [main] org.apache.catalina.core.ApplicationContext.log SessionListener: contextInitialized()
09-Sep-2026 18:45:00.319 INFO [main] org.apache.catalina.core.ApplicationContext.log ContextListener: attributeAdded('StockTicker', 'async.Stockticker@7187bac9')
09-Sep-2026 18:45:01.466 INFO [http-nio-8080-exec-1] org.apache.catalina.core.ApplicationContext.log LoginServlet: [LIFECYCLE] (2b) init() - da tao UserDAO, sessionTimeout = 30 phut, context = /JavaBean
09-Sep-2026 18:45:01.467 INFO [http-nio-8080-exec-1] org.apache.catalina.core.ApplicationContext.log LoginServlet: [LIFECYCLE] (2a) init(ServletConfig) - servlet name = LoginServlet
09-Sep-2026 18:45:01.480 INFO [http-nio-8080-exec-1] org.apache.catalina.core.ApplicationContext.log LoginServlet: [LIFECYCLE] (3) service() - GET /JavaBean/login | request thu 1 | thread = http-nio-8080-exec-1
09-Sep-2026 18:45:01.480 INFO [http-nio-8080-exec-1] org.apache.catalina.core.ApplicationContext.log LoginServlet: [LIFECYCLE] (3a) doGet() - hien thi form dang nhap
09-Sep-2026 18:45:05.394 SEVERE [http-nio-8080-exec-2] org.apache.catalina.core.ApplicationDispatcher.invoke Servlet.service() for servlet [jsp] threw exception
	java.lang.ClassNotFoundException: model.ProductModel
		at org.apache.catalina.loader.WebappClassLoaderBase.loadClass(WebappClassLoaderBase.java:1441)
		at org.apache.catalina.loader.WebappClassLoaderBase.loadClass(WebappClassLoaderBase.java:1250)
		at org.apache.jasper.servlet.JasperLoader.loadClass(JasperLoader.java:109)
		at org.apache.jasper.servlet.JasperLoader.loadClass(JasperLoader.java:53)
		at org.apache.jsp.view.product_list_jsp._jspService(product_list_jsp.java:136)
		at org.apache.jasper.runtime.HttpJspBase.service(HttpJspBase.java:65)
		at javax.servlet.http.HttpServlet.service(HttpServlet.java:623)
		at org.apache.jasper.servlet.JspServletWrapper.service(JspServletWrapper.java:511)
		at org.apache.jasper.servlet.JspServlet.serviceJspFile(JspServlet.java:358)
		at org.apache.jasper.servlet.JspServlet.service(JspServlet.java:309)
		at javax.servlet.http.HttpServlet.service(HttpServlet.java:623)
		at org.apache.catalina.core.ApplicationFilterChain.internalDoFilter(ApplicationFilterChain.java:201)
		at org.apache.catalina.core.ApplicationFilterChain.doFilter(ApplicationFilterChain.java:146)
		at org.apache.tomcat.websocket.server.WsFilter.doFilter(WsFilter.java:57)
		at org.apache.catalina.core.ApplicationFilterChain.internalDoFilter(ApplicationFilterChain.java:170)
		at org.apache.catalina.core.ApplicationFilterChain.doFilter(ApplicationFilterChain.java:146)
		at org.apache.catalina.core.ApplicationDispatcher.invoke(ApplicationDispatcher.java:618)
		at org.apache.catalina.core.ApplicationDispatcher.processRequest(ApplicationDispatcher.java:401)
		at org.apache.catalina.core.ApplicationDispatcher.doForward(ApplicationDispatcher.java:340)
		at org.apache.catalina.core.ApplicationDispatcher.forward(ApplicationDispatcher.java:285)
		at controller.ProductServlet.doGet(ProductServlet.java:37)
		at javax.servlet.http.HttpServlet.service(HttpServlet.java:529)
		at javax.servlet.http.HttpServlet.service(HttpServlet.java:623)
		at org.apache.catalina.core.ApplicationFilterChain.internalDoFilter(ApplicationFilterChain.java:201)
		at org.apache.catalina.core.ApplicationFilterChain.doFilter(ApplicationFilterChain.java:146)
		at org.apache.tomcat.websocket.server.WsFilter.doFilter(WsFilter.java:57)
		at org.apache.catalina.core.ApplicationFilterChain.internalDoFilter(ApplicationFilterChain.java:170)
		at org.apache.catalina.core.ApplicationFilterChain.doFilter(ApplicationFilterChain.java:146)
		at org.apache.catalina.core.StandardWrapperValve.invoke(StandardWrapperValve.java:166)
		at org.apache.catalina.core.StandardContextValve.invoke(StandardContextValve.java:88)
		at org.apache.catalina.authenticator.AuthenticatorBase.invoke(AuthenticatorBase.java:534)
		at org.apache.catalina.core.StandardHostValve.invoke(StandardHostValve.java:129)
		at org.apache.catalina.valves.ErrorReportValve.invoke(ErrorReportValve.java:86)
		at org.apache.catalina.valves.AbstractAccessLogValve.invoke(AbstractAccessLogValve.java:764)
		at org.apache.catalina.core.StandardEngineValve.invoke(StandardEngineValve.java:71)
		at org.apache.catalina.connector.CoyoteAdapter.service(CoyoteAdapter.java:350)
		at org.apache.coyote.http11.Http11Processor.service(Http11Processor.java:409)
		at org.apache.coyote.AbstractProcessorLight.process(AbstractProcessorLight.java:71)
		at org.apache.coyote.AbstractProtocol$ConnectionHandler.process(AbstractProtocol.java:1344)
		at org.apache.tomcat.util.net.NioEndpoint$SocketProcessor.doRun(NioEndpoint.java:2254)
		at org.apache.tomcat.util.net.SocketProcessorBase.run(SocketProcessorBase.java:74)
		at org.apache.tomcat.util.threads.ThreadPoolExecutor.runWorker(ThreadPoolExecutor.java:976)
		at org.apache.tomcat.util.threads.ThreadPoolExecutor$Worker.run(ThreadPoolExecutor.java:494)
		at org.apache.tomcat.util.threads.TaskThread$WrappingRunnable.run(TaskThread.java:80)
		at java.base/java.lang.Thread.run(Thread.java:1474)
09-Sep-2026 18:45:05.394 SEVERE [http-nio-8080-exec-2] org.apache.catalina.core.StandardWrapperValve.invoke Servlet.service() for servlet [controller.ProductServlet] in context with path [/JavaBean] threw exception [An exception occurred processing [view/product.list.jsp] at line [13]

10: <p><a href="<%= request.getContextPath() %>/products?action=new">Them san pham</a></p>
11: <table border="1" cellpadding="8">
12: 	<tr><th>ID</th><th>Ten</th><th>Gia</th><th>So luong</th><th>Trang thai</th><th>Thao tac</th></tr>
13: 	<% for (ProductModel product : products) { %>
14: 	<tr>
15: 		<td><%= product.getId() %></td>
16: 		<td><%= product.getName() %></td>


Stacktrace:] with root cause
	java.lang.ClassNotFoundException: model.ProductModel
		at org.apache.catalina.loader.WebappClassLoaderBase.loadClass(WebappClassLoaderBase.java:1441)
		at org.apache.catalina.loader.WebappClassLoaderBase.loadClass(WebappClassLoaderBase.java:1250)
		at org.apache.jasper.servlet.JasperLoader.loadClass(JasperLoader.java:109)
		at org.apache.jasper.servlet.JasperLoader.loadClass(JasperLoader.java:53)
		at org.apache.jsp.view.product_list_jsp._jspService(product_list_jsp.java:136)
		at org.apache.jasper.runtime.HttpJspBase.service(HttpJspBase.java:65)
		at javax.servlet.http.HttpServlet.service(HttpServlet.java:623)
		at org.apache.jasper.servlet.JspServletWrapper.service(JspServletWrapper.java:511)
		at org.apache.jasper.servlet.JspServlet.serviceJspFile(JspServlet.java:358)
		at org.apache.jasper.servlet.JspServlet.service(JspServlet.java:309)
		at javax.servlet.http.HttpServlet.service(HttpServlet.java:623)
		at org.apache.catalina.core.ApplicationFilterChain.internalDoFilter(ApplicationFilterChain.java:201)
		at org.apache.catalina.core.ApplicationFilterChain.doFilter(ApplicationFilterChain.java:146)
		at org.apache.tomcat.websocket.server.WsFilter.doFilter(WsFilter.java:57)
		at org.apache.catalina.core.ApplicationFilterChain.internalDoFilter(ApplicationFilterChain.java:170)
		at org.apache.catalina.core.ApplicationFilterChain.doFilter(ApplicationFilterChain.java:146)
		at org.apache.catalina.core.ApplicationDispatcher.invoke(ApplicationDispatcher.java:618)
		at org.apache.catalina.core.ApplicationDispatcher.processRequest(ApplicationDispatcher.java:401)
		at org.apache.catalina.core.ApplicationDispatcher.doForward(ApplicationDispatcher.java:340)
		at org.apache.catalina.core.ApplicationDispatcher.forward(ApplicationDispatcher.java:285)
		at controller.ProductServlet.doGet(ProductServlet.java:37)
		at javax.servlet.http.HttpServlet.service(HttpServlet.java:529)
		at javax.servlet.http.HttpServlet.service(HttpServlet.java:623)
		at org.apache.catalina.core.ApplicationFilterChain.internalDoFilter(ApplicationFilterChain.java:201)
		at org.apache.catalina.core.ApplicationFilterChain.doFilter(ApplicationFilterChain.java:146)
		at org.apache.tomcat.websocket.server.WsFilter.doFilter(WsFilter.java:57)
		at org.apache.catalina.core.ApplicationFilterChain.internalDoFilter(ApplicationFilterChain.java:170)
		at org.apache.catalina.core.ApplicationFilterChain.doFilter(ApplicationFilterChain.java:146)
		at org.apache.catalina.core.StandardWrapperValve.invoke(StandardWrapperValve.java:166)
		at org.apache.catalina.core.StandardContextValve.invoke(StandardContextValve.java:88)
		at org.apache.catalina.authenticator.AuthenticatorBase.invoke(AuthenticatorBase.java:534)
		at org.apache.catalina.core.StandardHostValve.invoke(StandardHostValve.java:129)
		at org.apache.catalina.valves.ErrorReportValve.invoke(ErrorReportValve.java:86)
		at org.apache.catalina.valves.AbstractAccessLogValve.invoke(AbstractAccessLogValve.java:764)
		at org.apache.catalina.core.StandardEngineValve.invoke(StandardEngineValve.java:71)
		at org.apache.catalina.connector.CoyoteAdapter.service(CoyoteAdapter.java:350)
		at org.apache.coyote.http11.Http11Processor.service(Http11Processor.java:409)
		at org.apache.coyote.AbstractProcessorLight.process(AbstractProcessorLight.java:71)
		at org.apache.coyote.AbstractProtocol$ConnectionHandler.process(AbstractProtocol.java:1344)
		at org.apache.tomcat.util.net.NioEndpoint$SocketProcessor.doRun(NioEndpoint.java:2254)
		at org.apache.tomcat.util.net.SocketProcessorBase.run(SocketProcessorBase.java:74)
		at org.apache.tomcat.util.threads.ThreadPoolExecutor.runWorker(ThreadPoolExecutor.java:976)
		at org.apache.tomcat.util.threads.ThreadPoolExecutor$Worker.run(ThreadPoolExecutor.java:494)
		at org.apache.tomcat.util.threads.TaskThread$WrappingRunnable.run(TaskThread.java:80)
		at java.base/java.lang.Thread.run(Thread.java:1474)
09-Sep-2026 18:45:47.748 SEVERE [http-nio-8080-exec-4] org.apache.catalina.core.ApplicationDispatcher.invoke Servlet.service() for servlet [jsp] threw exception
	java.lang.ClassNotFoundException: model.ProductModel
		at org.apache.jsp.view.product_list_jsp._jspService(product_list_jsp.java:136)
		at org.apache.jasper.runtime.HttpJspBase.service(HttpJspBase.java:65)
		at javax.servlet.http.HttpServlet.service(HttpServlet.java:623)
		at org.apache.jasper.servlet.JspServletWrapper.service(JspServletWrapper.java:511)
		at org.apache.jasper.servlet.JspServlet.serviceJspFile(JspServlet.java:358)
		at org.apache.jasper.servlet.JspServlet.service(JspServlet.java:309)
		at javax.servlet.http.HttpServlet.service(HttpServlet.java:623)
		at org.apache.catalina.core.ApplicationFilterChain.internalDoFilter(ApplicationFilterChain.java:201)
		at org.apache.catalina.core.ApplicationFilterChain.doFilter(ApplicationFilterChain.java:146)
		at org.apache.tomcat.websocket.server.WsFilter.doFilter(WsFilter.java:57)
		at org.apache.catalina.core.ApplicationFilterChain.internalDoFilter(ApplicationFilterChain.java:170)
		at org.apache.catalina.core.ApplicationFilterChain.doFilter(ApplicationFilterChain.java:146)
		at org.apache.catalina.core.ApplicationDispatcher.invoke(ApplicationDispatcher.java:618)
		at org.apache.catalina.core.ApplicationDispatcher.processRequest(ApplicationDispatcher.java:401)
		at org.apache.catalina.core.ApplicationDispatcher.doForward(ApplicationDispatcher.java:340)
		at org.apache.catalina.core.ApplicationDispatcher.forward(ApplicationDispatcher.java:285)
		at controller.ProductServlet.doGet(ProductServlet.java:37)
		at javax.servlet.http.HttpServlet.service(HttpServlet.java:529)
		at javax.servlet.http.HttpServlet.service(HttpServlet.java:623)
		at org.apache.catalina.core.ApplicationFilterChain.internalDoFilter(ApplicationFilterChain.java:201)
		at org.apache.catalina.core.ApplicationFilterChain.doFilter(ApplicationFilterChain.java:146)
		at org.apache.tomcat.websocket.server.WsFilter.doFilter(WsFilter.java:57)
		at org.apache.catalina.core.ApplicationFilterChain.internalDoFilter(ApplicationFilterChain.java:170)
		at org.apache.catalina.core.ApplicationFilterChain.doFilter(ApplicationFilterChain.java:146)
		at org.apache.catalina.core.StandardWrapperValve.invoke(StandardWrapperValve.java:166)
		at org.apache.catalina.core.StandardContextValve.invoke(StandardContextValve.java:88)
		at org.apache.catalina.authenticator.AuthenticatorBase.invoke(AuthenticatorBase.java:534)
		at org.apache.catalina.core.StandardHostValve.invoke(StandardHostValve.java:129)
		at org.apache.catalina.valves.ErrorReportValve.invoke(ErrorReportValve.java:86)
		at org.apache.catalina.valves.AbstractAccessLogValve.invoke(AbstractAccessLogValve.java:764)
		at org.apache.catalina.core.StandardEngineValve.invoke(StandardEngineValve.java:71)
		at org.apache.catalina.connector.CoyoteAdapter.service(CoyoteAdapter.java:350)
		at org.apache.coyote.http11.Http11Processor.service(Http11Processor.java:409)
		at org.apache.coyote.AbstractProcessorLight.process(AbstractProcessorLight.java:71)
		at org.apache.coyote.AbstractProtocol$ConnectionHandler.process(AbstractProtocol.java:1344)
		at org.apache.tomcat.util.net.NioEndpoint$SocketProcessor.doRun(NioEndpoint.java:2254)
		at org.apache.tomcat.util.net.SocketProcessorBase.run(SocketProcessorBase.java:74)
		at org.apache.tomcat.util.threads.ThreadPoolExecutor.runWorker(ThreadPoolExecutor.java:976)
		at org.apache.tomcat.util.threads.ThreadPoolExecutor$Worker.run(ThreadPoolExecutor.java:494)
		at org.apache.tomcat.util.threads.TaskThread$WrappingRunnable.run(TaskThread.java:80)
		at java.base/java.lang.Thread.run(Thread.java:1474)
09-Sep-2026 18:45:47.749 SEVERE [http-nio-8080-exec-4] org.apache.catalina.core.StandardWrapperValve.invoke Servlet.service() for servlet [controller.ProductServlet] in context with path [/JavaBean] threw exception [An exception occurred processing [view/product.list.jsp] at line [13]

10: <p><a href="<%= request.getContextPath() %>/products?action=new">Them san pham</a></p>
11: <table border="1" cellpadding="8">
12: 	<tr><th>ID</th><th>Ten</th><th>Gia</th><th>So luong</th><th>Trang thai</th><th>Thao tac</th></tr>
13: 	<% for (ProductModel product : products) { %>
14: 	<tr>
15: 		<td><%= product.getId() %></td>
16: 		<td><%= product.getName() %></td>


Stacktrace:] with root cause
	java.lang.ClassNotFoundException: model.ProductModel
		at org.apache.jsp.view.product_list_jsp._jspService(product_list_jsp.java:136)
		at org.apache.jasper.runtime.HttpJspBase.service(HttpJspBase.java:65)
		at javax.servlet.http.HttpServlet.service(HttpServlet.java:623)
		at org.apache.jasper.servlet.JspServletWrapper.service(JspServletWrapper.java:511)
		at org.apache.jasper.servlet.JspServlet.serviceJspFile(JspServlet.java:358)
		at org.apache.jasper.servlet.JspServlet.service(JspServlet.java:309)
		at javax.servlet.http.HttpServlet.service(HttpServlet.java:623)
		at org.apache.catalina.core.ApplicationFilterChain.internalDoFilter(ApplicationFilterChain.java:201)
		at org.apache.catalina.core.ApplicationFilterChain.doFilter(ApplicationFilterChain.java:146)
		at org.apache.tomcat.websocket.server.WsFilter.doFilter(WsFilter.java:57)
		at org.apache.catalina.core.ApplicationFilterChain.internalDoFilter(ApplicationFilterChain.java:170)
		at org.apache.catalina.core.ApplicationFilterChain.doFilter(ApplicationFilterChain.java:146)
		at org.apache.catalina.core.ApplicationDispatcher.invoke(ApplicationDispatcher.java:618)
		at org.apache.catalina.core.ApplicationDispatcher.processRequest(ApplicationDispatcher.java:401)
		at org.apache.catalina.core.ApplicationDispatcher.doForward(ApplicationDispatcher.java:340)
		at org.apache.catalina.core.ApplicationDispatcher.forward(ApplicationDispatcher.java:285)
		at controller.ProductServlet.doGet(ProductServlet.java:37)
		at javax.servlet.http.HttpServlet.service(HttpServlet.java:529)
		at javax.servlet.http.HttpServlet.service(HttpServlet.java:623)
		at org.apache.catalina.core.ApplicationFilterChain.internalDoFilter(ApplicationFilterChain.java:201)
		at org.apache.catalina.core.ApplicationFilterChain.doFilter(ApplicationFilterChain.java:146)
		at org.apache.tomcat.websocket.server.WsFilter.doFilter(WsFilter.java:57)
		at org.apache.catalina.core.ApplicationFilterChain.internalDoFilter(ApplicationFilterChain.java:170)
		at org.apache.catalina.core.ApplicationFilterChain.doFilter(ApplicationFilterChain.java:146)
		at org.apache.catalina.core.StandardWrapperValve.invoke(StandardWrapperValve.java:166)
		at org.apache.catalina.core.StandardContextValve.invoke(StandardContextValve.java:88)
		at org.apache.catalina.authenticator.AuthenticatorBase.invoke(AuthenticatorBase.java:534)
		at org.apache.catalina.core.StandardHostValve.invoke(StandardHostValve.java:129)
		at org.apache.catalina.valves.ErrorReportValve.invoke(ErrorReportValve.java:86)
		at org.apache.catalina.valves.AbstractAccessLogValve.invoke(AbstractAccessLogValve.java:764)
		at org.apache.catalina.core.StandardEngineValve.invoke(StandardEngineValve.java:71)
		at org.apache.catalina.connector.CoyoteAdapter.service(CoyoteAdapter.java:350)
		at org.apache.coyote.http11.Http11Processor.service(Http11Processor.java:409)
		at org.apache.coyote.AbstractProcessorLight.process(AbstractProcessorLight.java:71)
		at org.apache.coyote.AbstractProtocol$ConnectionHandler.process(AbstractProtocol.java:1344)
		at org.apache.tomcat.util.net.NioEndpoint$SocketProcessor.doRun(NioEndpoint.java:2254)
		at org.apache.tomcat.util.net.SocketProcessorBase.run(SocketProcessorBase.java:74)
		at org.apache.tomcat.util.threads.ThreadPoolExecutor.runWorker(ThreadPoolExecutor.java:976)
		at org.apache.tomcat.util.threads.ThreadPoolExecutor$Worker.run(ThreadPoolExecutor.java:494)
		at org.apache.tomcat.util.threads.TaskThread$WrappingRunnable.run(TaskThread.java:80)
		at java.base/java.lang.Thread.run(Thread.java:1474)
09-Sep-2026 18:46:23.302 INFO [main] org.apache.catalina.core.ApplicationContext.log ContextListener: contextInitialized()
09-Sep-2026 18:46:23.303 INFO [main] org.apache.catalina.core.ApplicationContext.log SessionListener: contextInitialized()
09-Sep-2026 18:46:23.312 INFO [main] org.apache.catalina.core.ApplicationContext.log ContextListener: attributeAdded('StockTicker', 'async.Stockticker@47b67fcb')
09-Sep-2026 18:46:56.558 INFO [http-nio-8080-exec-3] org.apache.catalina.core.ApplicationContext.log LoginServlet: [LIFECYCLE] (2b) init() - da tao UserDAO, sessionTimeout = 30 phut, context = /JavaBean
09-Sep-2026 18:46:56.558 INFO [http-nio-8080-exec-3] org.apache.catalina.core.ApplicationContext.log LoginServlet: [LIFECYCLE] (2a) init(ServletConfig) - servlet name = LoginServlet
09-Sep-2026 18:46:56.558 INFO [http-nio-8080-exec-3] org.apache.catalina.core.ApplicationContext.log LoginServlet: [LIFECYCLE] (3) service() - POST /JavaBean/login | request thu 1 | thread = http-nio-8080-exec-3
09-Sep-2026 18:46:56.558 INFO [http-nio-8080-exec-3] org.apache.catalina.core.ApplicationContext.log LoginServlet: [LIFECYCLE] (3b) doPost() - kiem tra thong tin dang nhap
09-Sep-2026 18:46:56.626 SEVERE [http-nio-8080-exec-3] org.apache.catalina.core.StandardWrapperValve.invoke Servlet.service() for servlet [LoginServlet] in context with path [/JavaBean] threw exception
	java.lang.RuntimeException: Loi truy van user: Unknown column 'full_name' in 'field list'
		at dao.UserDao.findByUsername(UserDao.java:30)
		at controller.LoginServlet.doPost(LoginServlet.java:137)
		at javax.servlet.http.HttpServlet.service(HttpServlet.java:555)
		at controller.LoginServlet.service(LoginServlet.java:114)
		at javax.servlet.http.HttpServlet.service(HttpServlet.java:623)
		at org.apache.catalina.core.ApplicationFilterChain.internalDoFilter(ApplicationFilterChain.java:201)
		at org.apache.catalina.core.ApplicationFilterChain.doFilter(ApplicationFilterChain.java:146)
		at org.apache.tomcat.websocket.server.WsFilter.doFilter(WsFilter.java:57)
		at org.apache.catalina.core.ApplicationFilterChain.internalDoFilter(ApplicationFilterChain.java:170)
		at org.apache.catalina.core.ApplicationFilterChain.doFilter(ApplicationFilterChain.java:146)
		at org.apache.catalina.core.StandardWrapperValve.invoke(StandardWrapperValve.java:166)
		at org.apache.catalina.core.StandardContextValve.invoke(StandardContextValve.java:88)
		at org.apache.catalina.authenticator.AuthenticatorBase.invoke(AuthenticatorBase.java:534)
		at org.apache.catalina.core.StandardHostValve.invoke(StandardHostValve.java:129)
		at org.apache.catalina.valves.ErrorReportValve.invoke(ErrorReportValve.java:86)
		at org.apache.catalina.valves.AbstractAccessLogValve.invoke(AbstractAccessLogValve.java:764)
		at org.apache.catalina.core.StandardEngineValve.invoke(StandardEngineValve.java:71)
		at org.apache.catalina.connector.CoyoteAdapter.service(CoyoteAdapter.java:350)
		at org.apache.coyote.http11.Http11Processor.service(Http11Processor.java:409)
		at org.apache.coyote.AbstractProcessorLight.process(AbstractProcessorLight.java:71)
		at org.apache.coyote.AbstractProtocol$ConnectionHandler.process(AbstractProtocol.java:1344)
		at org.apache.tomcat.util.net.NioEndpoint$SocketProcessor.doRun(NioEndpoint.java:2254)
		at org.apache.tomcat.util.net.SocketProcessorBase.run(SocketProcessorBase.java:74)
		at org.apache.tomcat.util.threads.ThreadPoolExecutor.runWorker(ThreadPoolExecutor.java:976)
		at org.apache.tomcat.util.threads.ThreadPoolExecutor$Worker.run(ThreadPoolExecutor.java:494)
		at org.apache.tomcat.util.threads.TaskThread$WrappingRunnable.run(TaskThread.java:80)
		at java.base/java.lang.Thread.run(Thread.java:1474)
	Caused by: java.sql.SQLSyntaxErrorException: Unknown column 'full_name' in 'field list'
		at com.mysql.cj.jdbc.exceptions.SQLError.createSQLException(SQLError.java:112)
		at com.mysql.cj.jdbc.exceptions.SQLExceptionsMapping.translateException(SQLExceptionsMapping.java:113)
		at com.mysql.cj.jdbc.ClientPreparedStatement.executeInternal(ClientPreparedStatement.java:938)
		at com.mysql.cj.jdbc.ClientPreparedStatement.executeQuery(ClientPreparedStatement.java:1004)
		at dao.UserDao.findByUsername(UserDao.java:24)
		... 26 more
09-Sep-2026 20:25:01.968 INFO [main] org.apache.catalina.core.ApplicationContext.log ContextListener: contextInitialized()
09-Sep-2026 20:25:01.968 INFO [main] org.apache.catalina.core.ApplicationContext.log SessionListener: contextInitialized()
09-Sep-2026 20:25:01.971 INFO [main] org.apache.catalina.core.ApplicationContext.log ContextListener: attributeAdded('StockTicker', 'async.Stockticker@7139bd31')
09-Sep-2026 20:25:02.297 INFO [main] org.apache.catalina.core.ApplicationContext.log SessionListener: contextDestroyed()
09-Sep-2026 20:25:02.299 INFO [main] org.apache.catalina.core.ApplicationContext.log ContextListener: contextDestroyed()
